Copyright 1986-2019 Xilinx, Inc. All Rights Reserved.
------------------------------------------------------------------------------------
| Tool Version : Vivado v.2019.1 (win64) Build 2552052 Fri May 24 14:49:42 MDT 2019
| Date         : Tue Aug  6 10:46:43 2019
| Host         : PC-201805041311 running 64-bit major release  (build 9200)
| Command      : report_control_sets -verbose -file top_control_sets_placed.rpt
| Design       : top
| Device       : xc7a35t
------------------------------------------------------------------------------------

Control Set Information

Table of Contents
-----------------
1. Summary
2. Histogram
3. Flip-Flop Distribution
4. Detailed Control Set Information

1. Summary
----------

+----------------------------------------------------------+-------+
|                          Status                          | Count |
+----------------------------------------------------------+-------+
| Total control sets                                       |     9 |
|    Minimum number of control sets                        |     9 |
|    Addition due to synthesis replication                 |     0 |
|    Addition due to physical synthesis replication        |     0 |
| Unused register locations in slices containing registers |    37 |
+----------------------------------------------------------+-------+
* Control sets can be merged at opt_design using control_set_merge or merge_equivalent_drivers
** Run report_qor_suggestions for automated merging and remapping suggestions


2. Histogram
------------

+--------------------+-------+
|       Fanout       | Count |
+--------------------+-------+
| Total control sets |     9 |
| >= 0 to < 4        |     1 |
| >= 4 to < 6        |     0 |
| >= 6 to < 8        |     0 |
| >= 8 to < 10       |     0 |
| >= 10 to < 12      |     0 |
| >= 12 to < 14      |     3 |
| >= 14 to < 16      |     1 |
| >= 16              |     4 |
+--------------------+-------+
* Control sets can be remapped at either synth_design or opt_design


3. Flip-Flop Distribution
-------------------------

+--------------+-----------------------+------------------------+-----------------+--------------+
| Clock Enable | Synchronous Set/Reset | Asynchronous Set/Reset | Total Registers | Total Slices |
+--------------+-----------------------+------------------------+-----------------+--------------+
| No           | No                    | No                     |              18 |           10 |
| No           | No                    | Yes                    |              60 |           21 |
| No           | Yes                   | No                     |              27 |            8 |
| Yes          | No                    | No                     |               0 |            0 |
| Yes          | No                    | Yes                    |              36 |            9 |
| Yes          | Yes                   | No                     |              14 |            4 |
+--------------+-----------------------+------------------------+-----------------+--------------+


4. Detailed Control Set Information
-----------------------------------

+-----------------------------+--------------------------------------------------+------------------------------+------------------+----------------+
|         Clock Signal        |                   Enable Signal                  |       Set/Reset Signal       | Slice Load Count | Bel Load Count |
+-----------------------------+--------------------------------------------------+------------------------------+------------------+----------------+
|  video_pll_m0/inst/clk_out1 |                                                  | osd_display_m0/clear         |                1 |              3 |
|  video_pll_m0/inst/clk_out1 | color_bar_m0/active_x[11]_i_1_n_0                | color_bar_m0/AR[0]           |                3 |             12 |
|  video_pll_m0/inst/clk_out1 | color_bar_m0/v_cnt_1                             | color_bar_m0/AR[0]           |                3 |             12 |
|  video_pll_m0/inst/clk_out1 | osd_display_m0/timing_gen_xy_m0/y_cnt[0]_i_1_n_0 | color_bar_m0/AR[0]           |                3 |             12 |
|  video_pll_m0/inst/clk_out1 | osd_display_m0/region_active                     | osd_display_m0/osd_ram_addr0 |                4 |             14 |
|  video_pll_m0/inst/clk_out1 |                                                  |                              |               10 |             18 |
|  video_pll_m0/inst/clk_out1 |                                                  | osd_display_m0/v_data        |                7 |             24 |
|  sys_clk_IBUF_BUFG          |                                                  | color_bar_m0/AR[0]           |                8 |             26 |
|  video_pll_m0/inst/clk_out1 |                                                  | color_bar_m0/AR[0]           |               13 |             34 |
+-----------------------------+--------------------------------------------------+------------------------------+------------------+----------------+


