Copyright 1986-2019 Xilinx, Inc. All Rights Reserved.
-----------------------------------------------------------------------------------------------------------------------------------------------------------------------------------------------------------------------------
| Tool Version : Vivado v.2019.1 (win64) Build 2552052 Fri May 24 14:49:42 MDT 2019
| Date         : Fri Aug 16 11:41:51 2019
| Host         : PC-201805041311 running 64-bit major release  (build 9200)
| Command      : report_timing_summary -max_paths 10 -file smg_interface_demo_timing_summary_routed.rpt -pb smg_interface_demo_timing_summary_routed.pb -rpx smg_interface_demo_timing_summary_routed.rpx -warn_on_violation
| Design       : smg_interface_demo
| Device       : 7a35t-fgg484
| Speed File   : -2  PRODUCTION 1.23 2018-06-13
-----------------------------------------------------------------------------------------------------------------------------------------------------------------------------------------------------------------------------

Timing Summary Report

------------------------------------------------------------------------------------------------
| Timer Settings
| --------------
------------------------------------------------------------------------------------------------

  Enable Multi Corner Analysis               :  Yes
  Enable Pessimism Removal                   :  Yes
  Pessimism Removal Resolution               :  Nearest Common Node
  Enable Input Delay Default Clock           :  No
  Enable Preset / Clear Arcs                 :  No
  Disable Flight Delays                      :  No
  Ignore I/O Paths                           :  No
  Timing Early Launch at Borrowing Latches   :  No
  Borrow Time for Max Delay Exceptions       :  Yes

  Corner  Analyze    Analyze    
  Name    Max Paths  Min Paths  
  ------  ---------  ---------  
  Slow    Yes        Yes        
  Fast    Yes        Yes        



check_timing report

Table of Contents
-----------------
1. checking no_clock
2. checking constant_clock
3. checking pulse_width_clock
4. checking unconstrained_internal_endpoints
5. checking no_input_delay
6. checking no_output_delay
7. checking multiple_clock
8. checking generated_clocks
9. checking loops
10. checking partial_input_delay
11. checking partial_output_delay
12. checking latch_loops

1. checking no_clock
--------------------
 There are 0 register/latch pins with no clock.


2. checking constant_clock
--------------------------
 There are 0 register/latch pins with constant_clock.


3. checking pulse_width_clock
-----------------------------
 There are 0 register/latch pins which need pulse_width check


4. checking unconstrained_internal_endpoints
--------------------------------------------
 There are 0 pins that are not constrained for maximum delay.

 There are 0 pins that are not constrained for maximum delay due to constant clock.


5. checking no_input_delay
--------------------------
 There is 1 input port with no input delay specified. (HIGH)

 There are 0 input ports with no input delay but user has a false path constraint.


6. checking no_output_delay
---------------------------
 There are 13 ports with no output delay specified. (HIGH)

 There are 0 ports with no output delay but user has a false path constraint

 There are 0 ports with no output delay but with a timing clock defined on it or propagating through it


7. checking multiple_clock
--------------------------
 There are 0 register/latch pins with multiple clocks.


8. checking generated_clocks
----------------------------
 There are 0 generated clocks that are not connected to a clock source.


9. checking loops
-----------------
 There are 0 combinational loops in the design.


10. checking partial_input_delay
--------------------------------
 There are 0 input ports with partial input delay specified.


11. checking partial_output_delay
---------------------------------
 There are 0 ports with partial output delay specified.


12. checking latch_loops
------------------------
 There are 0 combinational latch loops in the design through latch input



------------------------------------------------------------------------------------------------
| Design Timing Summary
| ---------------------
------------------------------------------------------------------------------------------------

    WNS(ns)      TNS(ns)  TNS Failing Endpoints  TNS Total Endpoints      WHS(ns)      THS(ns)  THS Failing Endpoints  THS Total Endpoints     WPWS(ns)     TPWS(ns)  TPWS Failing Endpoints  TPWS Total Endpoints  
    -------      -------  ---------------------  -------------------      -------      -------  ---------------------  -------------------     --------     --------  ----------------------  --------------------  
     15.489        0.000                      0                  203        0.161        0.000                      0                  203        9.500        0.000                       0                   149  


All user specified timing constraints are met.


------------------------------------------------------------------------------------------------
| Clock Summary
| -------------
------------------------------------------------------------------------------------------------

Clock    Waveform(ns)       Period(ns)      Frequency(MHz)
-----    ------------       ----------      --------------
sys_clk  {0.000 10.000}     20.000          50.000          


------------------------------------------------------------------------------------------------
| Intra Clock Table
| -----------------
------------------------------------------------------------------------------------------------

Clock             WNS(ns)      TNS(ns)  TNS Failing Endpoints  TNS Total Endpoints      WHS(ns)      THS(ns)  THS Failing Endpoints  THS Total Endpoints     WPWS(ns)     TPWS(ns)  TPWS Failing Endpoints  TPWS Total Endpoints  
-----             -------      -------  ---------------------  -------------------      -------      -------  ---------------------  -------------------     --------     --------  ----------------------  --------------------  
sys_clk            15.489        0.000                      0                  203        0.161        0.000                      0                  203        9.500        0.000                       0                   149  


------------------------------------------------------------------------------------------------
| Inter Clock Table
| -----------------
------------------------------------------------------------------------------------------------

From Clock    To Clock          WNS(ns)      TNS(ns)  TNS Failing Endpoints  TNS Total Endpoints      WHS(ns)      THS(ns)  THS Failing Endpoints  THS Total Endpoints  
----------    --------          -------      -------  ---------------------  -------------------      -------      -------  ---------------------  -------------------  


------------------------------------------------------------------------------------------------
| Other Path Groups Table
| -----------------------
------------------------------------------------------------------------------------------------

Path Group    From Clock    To Clock          WNS(ns)      TNS(ns)  TNS Failing Endpoints  TNS Total Endpoints      WHS(ns)      THS(ns)  THS Failing Endpoints  THS Total Endpoints  
----------    ----------    --------          -------      -------  ---------------------  -------------------      -------      -------  ---------------------  -------------------  


------------------------------------------------------------------------------------------------
| Timing Details
| --------------
------------------------------------------------------------------------------------------------


---------------------------------------------------------------------------------------------------
From Clock:  sys_clk
  To Clock:  sys_clk

Setup :            0  Failing Endpoints,  Worst Slack       15.489ns,  Total Violation        0.000ns
Hold  :            0  Failing Endpoints,  Worst Slack        0.161ns,  Total Violation        0.000ns
PW    :            0  Failing Endpoints,  Worst Slack        9.500ns,  Total Violation        0.000ns
---------------------------------------------------------------------------------------------------


Max Delay Paths
--------------------------------------------------------------------------------------
Slack (MET) :             15.489ns  (required time - arrival time)
  Source:                 U2/U1/time_cnt_reg[9]/C
                            (rising edge-triggered cell FDCE clocked by sys_clk  {rise@0.000ns fall@10.000ns period=20.000ns})
  Destination:            U2/U1/rNumber_reg[0]/D
                            (rising edge-triggered cell FDCE clocked by sys_clk  {rise@0.000ns fall@10.000ns period=20.000ns})
  Path Group:             sys_clk
  Path Type:              Setup (Max at Slow Process Corner)
  Requirement:            20.000ns  (sys_clk rise@20.000ns - sys_clk rise@0.000ns)
  Data Path Delay:        4.503ns  (logic 1.357ns (30.134%)  route 3.146ns (69.867%))
  Logic Levels:           5  (LUT4=3 LUT6=2)
  Clock Path Skew:        -0.044ns (DCD - SCD + CPR)
    Destination Clock Delay (DCD):    4.344ns = ( 24.344 - 20.000 ) 
    Source Clock Delay      (SCD):    4.613ns
    Clock Pessimism Removal (CPR):    0.225ns
  Clock Uncertainty:      0.035ns  ((TSJ^2 + TIJ^2)^1/2 + DJ) / 2 + PE
    Total System Jitter     (TSJ):    0.071ns
    Total Input Jitter      (TIJ):    0.000ns
    Discrete Jitter          (DJ):    0.000ns
    Phase Error              (PE):    0.000ns

    Location             Delay type                Incr(ns)  Path(ns)    Netlist Resource(s)
  -------------------------------------------------------------------    -------------------
                         (clock sys_clk rise edge)    0.000     0.000 r  
    Y18                                               0.000     0.000 r  sys_clk (IN)
                         net (fo=0)                   0.000     0.000    sys_clk
    Y18                  IBUF (Prop_ibuf_I_O)         1.427     1.427 r  sys_clk_IBUF_inst/O
                         net (fo=1, routed)           1.693     3.120    sys_clk_IBUF
    BUFGCTRL_X0Y0        BUFG (Prop_bufg_I_O)         0.081     3.201 r  sys_clk_IBUF_BUFG_inst/O
                         net (fo=148, routed)         1.412     4.613    U2/U1/CLK
    SLICE_X63Y78         FDCE                                         r  U2/U1/time_cnt_reg[9]/C
  -------------------------------------------------------------------    -------------------
    SLICE_X63Y78         FDCE (Prop_fdce_C_Q)         0.348     4.961 r  U2/U1/time_cnt_reg[9]/Q
                         net (fo=2, routed)           0.822     5.783    U2/U1/time_cnt_reg_n_0_[9]
    SLICE_X63Y78         LUT4 (Prop_lut4_I2_O)        0.254     6.037 f  U2/U1/cur_state[5]_i_6/O
                         net (fo=7, routed)           0.491     6.528    U2/U1/cur_state[5]_i_6_n_0
    SLICE_X61Y78         LUT4 (Prop_lut4_I2_O)        0.267     6.795 r  U2/U1/cur_state[5]_i_2/O
                         net (fo=37, routed)          0.694     7.489    U2/U1/cur_state[5]_i_2_n_0
    SLICE_X58Y76         LUT4 (Prop_lut4_I0_O)        0.108     7.597 r  U2/U1/cur_state[0]_i_1/O
                         net (fo=2, routed)           0.679     8.276    U2/U1/next_state__0[0]
    SLICE_X60Y77         LUT6 (Prop_lut6_I0_O)        0.275     8.551 r  U2/U1/rNumber/O
                         net (fo=4, routed)           0.460     9.011    U2/U1/rNumber_n_0
    SLICE_X60Y76         LUT6 (Prop_lut6_I0_O)        0.105     9.116 r  U2/U1/rNumber[0]_i_1/O
                         net (fo=1, routed)           0.000     9.116    U2/U1/rNumber__0[0]
    SLICE_X60Y76         FDCE                                         r  U2/U1/rNumber_reg[0]/D
  -------------------------------------------------------------------    -------------------

                         (clock sys_clk rise edge)   20.000    20.000 r  
    Y18                                               0.000    20.000 r  sys_clk (IN)
                         net (fo=0)                   0.000    20.000    sys_clk
    Y18                  IBUF (Prop_ibuf_I_O)         1.361    21.361 r  sys_clk_IBUF_inst/O
                         net (fo=1, routed)           1.604    22.965    sys_clk_IBUF
    BUFGCTRL_X0Y0        BUFG (Prop_bufg_I_O)         0.077    23.042 r  sys_clk_IBUF_BUFG_inst/O
                         net (fo=148, routed)         1.302    24.344    U2/U1/CLK
    SLICE_X60Y76         FDCE                                         r  U2/U1/rNumber_reg[0]/C
                         clock pessimism              0.225    24.569    
                         clock uncertainty           -0.035    24.534    
    SLICE_X60Y76         FDCE (Setup_fdce_C_D)        0.072    24.606    U2/U1/rNumber_reg[0]
  -------------------------------------------------------------------
                         required time                         24.606    
                         arrival time                          -9.116    
  -------------------------------------------------------------------
                         slack                                 15.489    

Slack (MET) :             15.642ns  (required time - arrival time)
  Source:                 U2/U1/time_cnt_reg[9]/C
                            (rising edge-triggered cell FDCE clocked by sys_clk  {rise@0.000ns fall@10.000ns period=20.000ns})
  Destination:            U2/U1/rNumber_reg[2]/D
                            (rising edge-triggered cell FDCE clocked by sys_clk  {rise@0.000ns fall@10.000ns period=20.000ns})
  Path Group:             sys_clk
  Path Type:              Setup (Max at Slow Process Corner)
  Requirement:            20.000ns  (sys_clk rise@20.000ns - sys_clk rise@0.000ns)
  Data Path Delay:        4.309ns  (logic 1.357ns (31.493%)  route 2.952ns (68.507%))
  Logic Levels:           5  (LUT4=3 LUT6=2)
  Clock Path Skew:        -0.044ns (DCD - SCD + CPR)
    Destination Clock Delay (DCD):    4.344ns = ( 24.344 - 20.000 ) 
    Source Clock Delay      (SCD):    4.613ns
    Clock Pessimism Removal (CPR):    0.225ns
  Clock Uncertainty:      0.035ns  ((TSJ^2 + TIJ^2)^1/2 + DJ) / 2 + PE
    Total System Jitter     (TSJ):    0.071ns
    Total Input Jitter      (TIJ):    0.000ns
    Discrete Jitter          (DJ):    0.000ns
    Phase Error              (PE):    0.000ns

    Location             Delay type                Incr(ns)  Path(ns)    Netlist Resource(s)
  -------------------------------------------------------------------    -------------------
                         (clock sys_clk rise edge)    0.000     0.000 r  
    Y18                                               0.000     0.000 r  sys_clk (IN)
                         net (fo=0)                   0.000     0.000    sys_clk
    Y18                  IBUF (Prop_ibuf_I_O)         1.427     1.427 r  sys_clk_IBUF_inst/O
                         net (fo=1, routed)           1.693     3.120    sys_clk_IBUF
    BUFGCTRL_X0Y0        BUFG (Prop_bufg_I_O)         0.081     3.201 r  sys_clk_IBUF_BUFG_inst/O
                         net (fo=148, routed)         1.412     4.613    U2/U1/CLK
    SLICE_X63Y78         FDCE                                         r  U2/U1/time_cnt_reg[9]/C
  -------------------------------------------------------------------    -------------------
    SLICE_X63Y78         FDCE (Prop_fdce_C_Q)         0.348     4.961 r  U2/U1/time_cnt_reg[9]/Q
                         net (fo=2, routed)           0.822     5.783    U2/U1/time_cnt_reg_n_0_[9]
    SLICE_X63Y78         LUT4 (Prop_lut4_I2_O)        0.254     6.037 f  U2/U1/cur_state[5]_i_6/O
                         net (fo=7, routed)           0.491     6.528    U2/U1/cur_state[5]_i_6_n_0
    SLICE_X61Y78         LUT4 (Prop_lut4_I2_O)        0.267     6.795 r  U2/U1/cur_state[5]_i_2/O
                         net (fo=37, routed)          0.694     7.489    U2/U1/cur_state[5]_i_2_n_0
    SLICE_X58Y76         LUT4 (Prop_lut4_I0_O)        0.108     7.597 r  U2/U1/cur_state[0]_i_1/O
                         net (fo=2, routed)           0.679     8.276    U2/U1/next_state__0[0]
    SLICE_X60Y77         LUT6 (Prop_lut6_I0_O)        0.275     8.551 r  U2/U1/rNumber/O
                         net (fo=4, routed)           0.266     8.817    U2/U1/rNumber_n_0
    SLICE_X59Y76         LUT6 (Prop_lut6_I0_O)        0.105     8.922 r  U2/U1/rNumber[2]_i_1/O
                         net (fo=1, routed)           0.000     8.922    U2/U1/rNumber__0[2]
    SLICE_X59Y76         FDCE                                         r  U2/U1/rNumber_reg[2]/D
  -------------------------------------------------------------------    -------------------

                         (clock sys_clk rise edge)   20.000    20.000 r  
    Y18                                               0.000    20.000 r  sys_clk (IN)
                         net (fo=0)                   0.000    20.000    sys_clk
    Y18                  IBUF (Prop_ibuf_I_O)         1.361    21.361 r  sys_clk_IBUF_inst/O
                         net (fo=1, routed)           1.604    22.965    sys_clk_IBUF
    BUFGCTRL_X0Y0        BUFG (Prop_bufg_I_O)         0.077    23.042 r  sys_clk_IBUF_BUFG_inst/O
                         net (fo=148, routed)         1.302    24.344    U2/U1/CLK
    SLICE_X59Y76         FDCE                                         r  U2/U1/rNumber_reg[2]/C
                         clock pessimism              0.225    24.569    
                         clock uncertainty           -0.035    24.534    
    SLICE_X59Y76         FDCE (Setup_fdce_C_D)        0.030    24.564    U2/U1/rNumber_reg[2]
  -------------------------------------------------------------------
                         required time                         24.564    
                         arrival time                          -8.922    
  -------------------------------------------------------------------
                         slack                                 15.642    

Slack (MET) :             15.647ns  (required time - arrival time)
  Source:                 U2/U1/time_cnt_reg[9]/C
                            (rising edge-triggered cell FDCE clocked by sys_clk  {rise@0.000ns fall@10.000ns period=20.000ns})
  Destination:            U2/U1/rNumber_reg[3]/D
                            (rising edge-triggered cell FDCE clocked by sys_clk  {rise@0.000ns fall@10.000ns period=20.000ns})
  Path Group:             sys_clk
  Path Type:              Setup (Max at Slow Process Corner)
  Requirement:            20.000ns  (sys_clk rise@20.000ns - sys_clk rise@0.000ns)
  Data Path Delay:        4.306ns  (logic 1.357ns (31.515%)  route 2.949ns (68.485%))
  Logic Levels:           5  (LUT4=3 LUT6=2)
  Clock Path Skew:        -0.044ns (DCD - SCD + CPR)
    Destination Clock Delay (DCD):    4.344ns = ( 24.344 - 20.000 ) 
    Source Clock Delay      (SCD):    4.613ns
    Clock Pessimism Removal (CPR):    0.225ns
  Clock Uncertainty:      0.035ns  ((TSJ^2 + TIJ^2)^1/2 + DJ) / 2 + PE
    Total System Jitter     (TSJ):    0.071ns
    Total Input Jitter      (TIJ):    0.000ns
    Discrete Jitter          (DJ):    0.000ns
    Phase Error              (PE):    0.000ns

    Location             Delay type                Incr(ns)  Path(ns)    Netlist Resource(s)
  -------------------------------------------------------------------    -------------------
                         (clock sys_clk rise edge)    0.000     0.000 r  
    Y18                                               0.000     0.000 r  sys_clk (IN)
                         net (fo=0)                   0.000     0.000    sys_clk
    Y18                  IBUF (Prop_ibuf_I_O)         1.427     1.427 r  sys_clk_IBUF_inst/O
                         net (fo=1, routed)           1.693     3.120    sys_clk_IBUF
    BUFGCTRL_X0Y0        BUFG (Prop_bufg_I_O)         0.081     3.201 r  sys_clk_IBUF_BUFG_inst/O
                         net (fo=148, routed)         1.412     4.613    U2/U1/CLK
    SLICE_X63Y78         FDCE                                         r  U2/U1/time_cnt_reg[9]/C
  -------------------------------------------------------------------    -------------------
    SLICE_X63Y78         FDCE (Prop_fdce_C_Q)         0.348     4.961 r  U2/U1/time_cnt_reg[9]/Q
                         net (fo=2, routed)           0.822     5.783    U2/U1/time_cnt_reg_n_0_[9]
    SLICE_X63Y78         LUT4 (Prop_lut4_I2_O)        0.254     6.037 f  U2/U1/cur_state[5]_i_6/O
                         net (fo=7, routed)           0.491     6.528    U2/U1/cur_state[5]_i_6_n_0
    SLICE_X61Y78         LUT4 (Prop_lut4_I2_O)        0.267     6.795 r  U2/U1/cur_state[5]_i_2/O
                         net (fo=37, routed)          0.694     7.489    U2/U1/cur_state[5]_i_2_n_0
    SLICE_X58Y76         LUT4 (Prop_lut4_I0_O)        0.108     7.597 r  U2/U1/cur_state[0]_i_1/O
                         net (fo=2, routed)           0.679     8.276    U2/U1/next_state__0[0]
    SLICE_X60Y77         LUT6 (Prop_lut6_I0_O)        0.275     8.551 r  U2/U1/rNumber/O
                         net (fo=4, routed)           0.263     8.814    U2/U1/rNumber_n_0
    SLICE_X59Y76         LUT6 (Prop_lut6_I0_O)        0.105     8.919 r  U2/U1/rNumber[3]_i_1/O
                         net (fo=1, routed)           0.000     8.919    U2/U1/rNumber__0[3]
    SLICE_X59Y76         FDCE                                         r  U2/U1/rNumber_reg[3]/D
  -------------------------------------------------------------------    -------------------

                         (clock sys_clk rise edge)   20.000    20.000 r  
    Y18                                               0.000    20.000 r  sys_clk (IN)
                         net (fo=0)                   0.000    20.000    sys_clk
    Y18                  IBUF (Prop_ibuf_I_O)         1.361    21.361 r  sys_clk_IBUF_inst/O
                         net (fo=1, routed)           1.604    22.965    sys_clk_IBUF
    BUFGCTRL_X0Y0        BUFG (Prop_bufg_I_O)         0.077    23.042 r  sys_clk_IBUF_BUFG_inst/O
                         net (fo=148, routed)         1.302    24.344    U2/U1/CLK
    SLICE_X59Y76         FDCE                                         r  U2/U1/rNumber_reg[3]/C
                         clock pessimism              0.225    24.569    
                         clock uncertainty           -0.035    24.534    
    SLICE_X59Y76         FDCE (Setup_fdce_C_D)        0.032    24.566    U2/U1/rNumber_reg[3]
  -------------------------------------------------------------------
                         required time                         24.566    
                         arrival time                          -8.919    
  -------------------------------------------------------------------
                         slack                                 15.647    

Slack (MET) :             15.702ns  (required time - arrival time)
  Source:                 U2/U1/time_cnt_reg[9]/C
                            (rising edge-triggered cell FDCE clocked by sys_clk  {rise@0.000ns fall@10.000ns period=20.000ns})
  Destination:            U2/U1/rNumber_reg[1]/D
                            (rising edge-triggered cell FDCE clocked by sys_clk  {rise@0.000ns fall@10.000ns period=20.000ns})
  Path Group:             sys_clk
  Path Type:              Setup (Max at Slow Process Corner)
  Requirement:            20.000ns  (sys_clk rise@20.000ns - sys_clk rise@0.000ns)
  Data Path Delay:        4.296ns  (logic 1.357ns (31.584%)  route 2.939ns (68.416%))
  Logic Levels:           5  (LUT4=3 LUT6=2)
  Clock Path Skew:        -0.042ns (DCD - SCD + CPR)
    Destination Clock Delay (DCD):    4.346ns = ( 24.346 - 20.000 ) 
    Source Clock Delay      (SCD):    4.613ns
    Clock Pessimism Removal (CPR):    0.225ns
  Clock Uncertainty:      0.035ns  ((TSJ^2 + TIJ^2)^1/2 + DJ) / 2 + PE
    Total System Jitter     (TSJ):    0.071ns
    Total Input Jitter      (TIJ):    0.000ns
    Discrete Jitter          (DJ):    0.000ns
    Phase Error              (PE):    0.000ns

    Location             Delay type                Incr(ns)  Path(ns)    Netlist Resource(s)
  -------------------------------------------------------------------    -------------------
                         (clock sys_clk rise edge)    0.000     0.000 r  
    Y18                                               0.000     0.000 r  sys_clk (IN)
                         net (fo=0)                   0.000     0.000    sys_clk
    Y18                  IBUF (Prop_ibuf_I_O)         1.427     1.427 r  sys_clk_IBUF_inst/O
                         net (fo=1, routed)           1.693     3.120    sys_clk_IBUF
    BUFGCTRL_X0Y0        BUFG (Prop_bufg_I_O)         0.081     3.201 r  sys_clk_IBUF_BUFG_inst/O
                         net (fo=148, routed)         1.412     4.613    U2/U1/CLK
    SLICE_X63Y78         FDCE                                         r  U2/U1/time_cnt_reg[9]/C
  -------------------------------------------------------------------    -------------------
    SLICE_X63Y78         FDCE (Prop_fdce_C_Q)         0.348     4.961 r  U2/U1/time_cnt_reg[9]/Q
                         net (fo=2, routed)           0.822     5.783    U2/U1/time_cnt_reg_n_0_[9]
    SLICE_X63Y78         LUT4 (Prop_lut4_I2_O)        0.254     6.037 f  U2/U1/cur_state[5]_i_6/O
                         net (fo=7, routed)           0.491     6.528    U2/U1/cur_state[5]_i_6_n_0
    SLICE_X61Y78         LUT4 (Prop_lut4_I2_O)        0.267     6.795 r  U2/U1/cur_state[5]_i_2/O
                         net (fo=37, routed)          0.694     7.489    U2/U1/cur_state[5]_i_2_n_0
    SLICE_X58Y76         LUT4 (Prop_lut4_I0_O)        0.108     7.597 r  U2/U1/cur_state[0]_i_1/O
                         net (fo=2, routed)           0.679     8.276    U2/U1/next_state__0[0]
    SLICE_X60Y77         LUT6 (Prop_lut6_I0_O)        0.275     8.551 r  U2/U1/rNumber/O
                         net (fo=4, routed)           0.254     8.804    U2/U1/rNumber_n_0
    SLICE_X60Y78         LUT6 (Prop_lut6_I0_O)        0.105     8.909 r  U2/U1/rNumber[1]_i_1/O
                         net (fo=1, routed)           0.000     8.909    U2/U1/rNumber__0[1]
    SLICE_X60Y78         FDCE                                         r  U2/U1/rNumber_reg[1]/D
  -------------------------------------------------------------------    -------------------

                         (clock sys_clk rise edge)   20.000    20.000 r  
    Y18                                               0.000    20.000 r  sys_clk (IN)
                         net (fo=0)                   0.000    20.000    sys_clk
    Y18                  IBUF (Prop_ibuf_I_O)         1.361    21.361 r  sys_clk_IBUF_inst/O
                         net (fo=1, routed)           1.604    22.965    sys_clk_IBUF
    BUFGCTRL_X0Y0        BUFG (Prop_bufg_I_O)         0.077    23.042 r  sys_clk_IBUF_BUFG_inst/O
                         net (fo=148, routed)         1.304    24.346    U2/U1/CLK
    SLICE_X60Y78         FDCE                                         r  U2/U1/rNumber_reg[1]/C
                         clock pessimism              0.225    24.571    
                         clock uncertainty           -0.035    24.536    
    SLICE_X60Y78         FDCE (Setup_fdce_C_D)        0.076    24.612    U2/U1/rNumber_reg[1]
  -------------------------------------------------------------------
                         required time                         24.612    
                         arrival time                          -8.909    
  -------------------------------------------------------------------
                         slack                                 15.702    

Slack (MET) :             15.921ns  (required time - arrival time)
  Source:                 U1/cur_state_reg[2]/C
                            (rising edge-triggered cell FDRE clocked by sys_clk  {rise@0.000ns fall@10.000ns period=20.000ns})
  Destination:            U1/rNum_reg[12]/CE
                            (rising edge-triggered cell FDCE clocked by sys_clk  {rise@0.000ns fall@10.000ns period=20.000ns})
  Path Group:             sys_clk
  Path Type:              Setup (Max at Slow Process Corner)
  Requirement:            20.000ns  (sys_clk rise@20.000ns - sys_clk rise@0.000ns)
  Data Path Delay:        3.855ns  (logic 1.029ns (26.692%)  route 2.826ns (73.308%))
  Logic Levels:           4  (LUT4=2 LUT6=2)
  Clock Path Skew:        -0.021ns (DCD - SCD + CPR)
    Destination Clock Delay (DCD):    4.280ns = ( 24.280 - 20.000 ) 
    Source Clock Delay      (SCD):    4.544ns
    Clock Pessimism Removal (CPR):    0.243ns
  Clock Uncertainty:      0.035ns  ((TSJ^2 + TIJ^2)^1/2 + DJ) / 2 + PE
    Total System Jitter     (TSJ):    0.071ns
    Total Input Jitter      (TIJ):    0.000ns
    Discrete Jitter          (DJ):    0.000ns
    Phase Error              (PE):    0.000ns

    Location             Delay type                Incr(ns)  Path(ns)    Netlist Resource(s)
  -------------------------------------------------------------------    -------------------
                         (clock sys_clk rise edge)    0.000     0.000 r  
    Y18                                               0.000     0.000 r  sys_clk (IN)
                         net (fo=0)                   0.000     0.000    sys_clk
    Y18                  IBUF (Prop_ibuf_I_O)         1.427     1.427 r  sys_clk_IBUF_inst/O
                         net (fo=1, routed)           1.693     3.120    sys_clk_IBUF
    BUFGCTRL_X0Y0        BUFG (Prop_bufg_I_O)         0.081     3.201 r  sys_clk_IBUF_BUFG_inst/O
                         net (fo=148, routed)         1.343     4.544    U1/CLK
    SLICE_X56Y75         FDRE                                         r  U1/cur_state_reg[2]/C
  -------------------------------------------------------------------    -------------------
    SLICE_X56Y75         FDRE (Prop_fdre_C_Q)         0.433     4.977 f  U1/cur_state_reg[2]/Q
                         net (fo=16, routed)          0.856     5.833    U1/cur_state_reg_n_0_[2]
    SLICE_X55Y76         LUT4 (Prop_lut4_I2_O)        0.119     5.952 f  U1/rNum_inferred__0/i___0/O
                         net (fo=1, routed)           0.697     6.649    U1/rNum_inferred__0/i___0_n_0
    SLICE_X55Y76         LUT4 (Prop_lut4_I1_O)        0.267     6.916 r  U1/rNum_inferred__0/i___3/O
                         net (fo=8, routed)           0.371     7.286    U1/rNum_inferred__0/i___3_n_0
    SLICE_X57Y75         LUT6 (Prop_lut6_I5_O)        0.105     7.391 r  U1/rNum[15]_i_3/O
                         net (fo=2, routed)           0.450     7.841    U1/rNum[15]_i_3_n_0
    SLICE_X57Y78         LUT6 (Prop_lut6_I5_O)        0.105     7.946 r  U1/rNum[15]_i_1/O
                         net (fo=4, routed)           0.453     8.399    U1/rNum_0[14]
    SLICE_X57Y78         FDCE                                         r  U1/rNum_reg[12]/CE
  -------------------------------------------------------------------    -------------------

                         (clock sys_clk rise edge)   20.000    20.000 r  
    Y18                                               0.000    20.000 r  sys_clk (IN)
                         net (fo=0)                   0.000    20.000    sys_clk
    Y18                  IBUF (Prop_ibuf_I_O)         1.361    21.361 r  sys_clk_IBUF_inst/O
                         net (fo=1, routed)           1.604    22.965    sys_clk_IBUF
    BUFGCTRL_X0Y0        BUFG (Prop_bufg_I_O)         0.077    23.042 r  sys_clk_IBUF_BUFG_inst/O
                         net (fo=148, routed)         1.238    24.280    U1/CLK
    SLICE_X57Y78         FDCE                                         r  U1/rNum_reg[12]/C
                         clock pessimism              0.243    24.523    
                         clock uncertainty           -0.035    24.488    
    SLICE_X57Y78         FDCE (Setup_fdce_C_CE)      -0.168    24.320    U1/rNum_reg[12]
  -------------------------------------------------------------------
                         required time                         24.320    
                         arrival time                          -8.399    
  -------------------------------------------------------------------
                         slack                                 15.921    

Slack (MET) :             15.921ns  (required time - arrival time)
  Source:                 U1/cur_state_reg[2]/C
                            (rising edge-triggered cell FDRE clocked by sys_clk  {rise@0.000ns fall@10.000ns period=20.000ns})
  Destination:            U1/rNum_reg[13]/CE
                            (rising edge-triggered cell FDCE clocked by sys_clk  {rise@0.000ns fall@10.000ns period=20.000ns})
  Path Group:             sys_clk
  Path Type:              Setup (Max at Slow Process Corner)
  Requirement:            20.000ns  (sys_clk rise@20.000ns - sys_clk rise@0.000ns)
  Data Path Delay:        3.855ns  (logic 1.029ns (26.692%)  route 2.826ns (73.308%))
  Logic Levels:           4  (LUT4=2 LUT6=2)
  Clock Path Skew:        -0.021ns (DCD - SCD + CPR)
    Destination Clock Delay (DCD):    4.280ns = ( 24.280 - 20.000 ) 
    Source Clock Delay      (SCD):    4.544ns
    Clock Pessimism Removal (CPR):    0.243ns
  Clock Uncertainty:      0.035ns  ((TSJ^2 + TIJ^2)^1/2 + DJ) / 2 + PE
    Total System Jitter     (TSJ):    0.071ns
    Total Input Jitter      (TIJ):    0.000ns
    Discrete Jitter          (DJ):    0.000ns
    Phase Error              (PE):    0.000ns

    Location             Delay type                Incr(ns)  Path(ns)    Netlist Resource(s)
  -------------------------------------------------------------------    -------------------
                         (clock sys_clk rise edge)    0.000     0.000 r  
    Y18                                               0.000     0.000 r  sys_clk (IN)
                         net (fo=0)                   0.000     0.000    sys_clk
    Y18                  IBUF (Prop_ibuf_I_O)         1.427     1.427 r  sys_clk_IBUF_inst/O
                         net (fo=1, routed)           1.693     3.120    sys_clk_IBUF
    BUFGCTRL_X0Y0        BUFG (Prop_bufg_I_O)         0.081     3.201 r  sys_clk_IBUF_BUFG_inst/O
                         net (fo=148, routed)         1.343     4.544    U1/CLK
    SLICE_X56Y75         FDRE                                         r  U1/cur_state_reg[2]/C
  -------------------------------------------------------------------    -------------------
    SLICE_X56Y75         FDRE (Prop_fdre_C_Q)         0.433     4.977 f  U1/cur_state_reg[2]/Q
                         net (fo=16, routed)          0.856     5.833    U1/cur_state_reg_n_0_[2]
    SLICE_X55Y76         LUT4 (Prop_lut4_I2_O)        0.119     5.952 f  U1/rNum_inferred__0/i___0/O
                         net (fo=1, routed)           0.697     6.649    U1/rNum_inferred__0/i___0_n_0
    SLICE_X55Y76         LUT4 (Prop_lut4_I1_O)        0.267     6.916 r  U1/rNum_inferred__0/i___3/O
                         net (fo=8, routed)           0.371     7.286    U1/rNum_inferred__0/i___3_n_0
    SLICE_X57Y75         LUT6 (Prop_lut6_I5_O)        0.105     7.391 r  U1/rNum[15]_i_3/O
                         net (fo=2, routed)           0.450     7.841    U1/rNum[15]_i_3_n_0
    SLICE_X57Y78         LUT6 (Prop_lut6_I5_O)        0.105     7.946 r  U1/rNum[15]_i_1/O
                         net (fo=4, routed)           0.453     8.399    U1/rNum_0[14]
    SLICE_X57Y78         FDCE                                         r  U1/rNum_reg[13]/CE
  -------------------------------------------------------------------    -------------------

                         (clock sys_clk rise edge)   20.000    20.000 r  
    Y18                                               0.000    20.000 r  sys_clk (IN)
                         net (fo=0)                   0.000    20.000    sys_clk
    Y18                  IBUF (Prop_ibuf_I_O)         1.361    21.361 r  sys_clk_IBUF_inst/O
                         net (fo=1, routed)           1.604    22.965    sys_clk_IBUF
    BUFGCTRL_X0Y0        BUFG (Prop_bufg_I_O)         0.077    23.042 r  sys_clk_IBUF_BUFG_inst/O
                         net (fo=148, routed)         1.238    24.280    U1/CLK
    SLICE_X57Y78         FDCE                                         r  U1/rNum_reg[13]/C
                         clock pessimism              0.243    24.523    
                         clock uncertainty           -0.035    24.488    
    SLICE_X57Y78         FDCE (Setup_fdce_C_CE)      -0.168    24.320    U1/rNum_reg[13]
  -------------------------------------------------------------------
                         required time                         24.320    
                         arrival time                          -8.399    
  -------------------------------------------------------------------
                         slack                                 15.921    

Slack (MET) :             15.921ns  (required time - arrival time)
  Source:                 U1/cur_state_reg[2]/C
                            (rising edge-triggered cell FDRE clocked by sys_clk  {rise@0.000ns fall@10.000ns period=20.000ns})
  Destination:            U1/rNum_reg[14]/CE
                            (rising edge-triggered cell FDCE clocked by sys_clk  {rise@0.000ns fall@10.000ns period=20.000ns})
  Path Group:             sys_clk
  Path Type:              Setup (Max at Slow Process Corner)
  Requirement:            20.000ns  (sys_clk rise@20.000ns - sys_clk rise@0.000ns)
  Data Path Delay:        3.855ns  (logic 1.029ns (26.692%)  route 2.826ns (73.308%))
  Logic Levels:           4  (LUT4=2 LUT6=2)
  Clock Path Skew:        -0.021ns (DCD - SCD + CPR)
    Destination Clock Delay (DCD):    4.280ns = ( 24.280 - 20.000 ) 
    Source Clock Delay      (SCD):    4.544ns
    Clock Pessimism Removal (CPR):    0.243ns
  Clock Uncertainty:      0.035ns  ((TSJ^2 + TIJ^2)^1/2 + DJ) / 2 + PE
    Total System Jitter     (TSJ):    0.071ns
    Total Input Jitter      (TIJ):    0.000ns
    Discrete Jitter          (DJ):    0.000ns
    Phase Error              (PE):    0.000ns

    Location             Delay type                Incr(ns)  Path(ns)    Netlist Resource(s)
  -------------------------------------------------------------------    -------------------
                         (clock sys_clk rise edge)    0.000     0.000 r  
    Y18                                               0.000     0.000 r  sys_clk (IN)
                         net (fo=0)                   0.000     0.000    sys_clk
    Y18                  IBUF (Prop_ibuf_I_O)         1.427     1.427 r  sys_clk_IBUF_inst/O
                         net (fo=1, routed)           1.693     3.120    sys_clk_IBUF
    BUFGCTRL_X0Y0        BUFG (Prop_bufg_I_O)         0.081     3.201 r  sys_clk_IBUF_BUFG_inst/O
                         net (fo=148, routed)         1.343     4.544    U1/CLK
    SLICE_X56Y75         FDRE                                         r  U1/cur_state_reg[2]/C
  -------------------------------------------------------------------    -------------------
    SLICE_X56Y75         FDRE (Prop_fdre_C_Q)         0.433     4.977 f  U1/cur_state_reg[2]/Q
                         net (fo=16, routed)          0.856     5.833    U1/cur_state_reg_n_0_[2]
    SLICE_X55Y76         LUT4 (Prop_lut4_I2_O)        0.119     5.952 f  U1/rNum_inferred__0/i___0/O
                         net (fo=1, routed)           0.697     6.649    U1/rNum_inferred__0/i___0_n_0
    SLICE_X55Y76         LUT4 (Prop_lut4_I1_O)        0.267     6.916 r  U1/rNum_inferred__0/i___3/O
                         net (fo=8, routed)           0.371     7.286    U1/rNum_inferred__0/i___3_n_0
    SLICE_X57Y75         LUT6 (Prop_lut6_I5_O)        0.105     7.391 r  U1/rNum[15]_i_3/O
                         net (fo=2, routed)           0.450     7.841    U1/rNum[15]_i_3_n_0
    SLICE_X57Y78         LUT6 (Prop_lut6_I5_O)        0.105     7.946 r  U1/rNum[15]_i_1/O
                         net (fo=4, routed)           0.453     8.399    U1/rNum_0[14]
    SLICE_X57Y78         FDCE                                         r  U1/rNum_reg[14]/CE
  -------------------------------------------------------------------    -------------------

                         (clock sys_clk rise edge)   20.000    20.000 r  
    Y18                                               0.000    20.000 r  sys_clk (IN)
                         net (fo=0)                   0.000    20.000    sys_clk
    Y18                  IBUF (Prop_ibuf_I_O)         1.361    21.361 r  sys_clk_IBUF_inst/O
                         net (fo=1, routed)           1.604    22.965    sys_clk_IBUF
    BUFGCTRL_X0Y0        BUFG (Prop_bufg_I_O)         0.077    23.042 r  sys_clk_IBUF_BUFG_inst/O
                         net (fo=148, routed)         1.238    24.280    U1/CLK
    SLICE_X57Y78         FDCE                                         r  U1/rNum_reg[14]/C
                         clock pessimism              0.243    24.523    
                         clock uncertainty           -0.035    24.488    
    SLICE_X57Y78         FDCE (Setup_fdce_C_CE)      -0.168    24.320    U1/rNum_reg[14]
  -------------------------------------------------------------------
                         required time                         24.320    
                         arrival time                          -8.399    
  -------------------------------------------------------------------
                         slack                                 15.921    

Slack (MET) :             15.921ns  (required time - arrival time)
  Source:                 U1/cur_state_reg[2]/C
                            (rising edge-triggered cell FDRE clocked by sys_clk  {rise@0.000ns fall@10.000ns period=20.000ns})
  Destination:            U1/rNum_reg[15]/CE
                            (rising edge-triggered cell FDCE clocked by sys_clk  {rise@0.000ns fall@10.000ns period=20.000ns})
  Path Group:             sys_clk
  Path Type:              Setup (Max at Slow Process Corner)
  Requirement:            20.000ns  (sys_clk rise@20.000ns - sys_clk rise@0.000ns)
  Data Path Delay:        3.855ns  (logic 1.029ns (26.692%)  route 2.826ns (73.308%))
  Logic Levels:           4  (LUT4=2 LUT6=2)
  Clock Path Skew:        -0.021ns (DCD - SCD + CPR)
    Destination Clock Delay (DCD):    4.280ns = ( 24.280 - 20.000 ) 
    Source Clock Delay      (SCD):    4.544ns
    Clock Pessimism Removal (CPR):    0.243ns
  Clock Uncertainty:      0.035ns  ((TSJ^2 + TIJ^2)^1/2 + DJ) / 2 + PE
    Total System Jitter     (TSJ):    0.071ns
    Total Input Jitter      (TIJ):    0.000ns
    Discrete Jitter          (DJ):    0.000ns
    Phase Error              (PE):    0.000ns

    Location             Delay type                Incr(ns)  Path(ns)    Netlist Resource(s)
  -------------------------------------------------------------------    -------------------
                         (clock sys_clk rise edge)    0.000     0.000 r  
    Y18                                               0.000     0.000 r  sys_clk (IN)
                         net (fo=0)                   0.000     0.000    sys_clk
    Y18                  IBUF (Prop_ibuf_I_O)         1.427     1.427 r  sys_clk_IBUF_inst/O
                         net (fo=1, routed)           1.693     3.120    sys_clk_IBUF
    BUFGCTRL_X0Y0        BUFG (Prop_bufg_I_O)         0.081     3.201 r  sys_clk_IBUF_BUFG_inst/O
                         net (fo=148, routed)         1.343     4.544    U1/CLK
    SLICE_X56Y75         FDRE                                         r  U1/cur_state_reg[2]/C
  -------------------------------------------------------------------    -------------------
    SLICE_X56Y75         FDRE (Prop_fdre_C_Q)         0.433     4.977 f  U1/cur_state_reg[2]/Q
                         net (fo=16, routed)          0.856     5.833    U1/cur_state_reg_n_0_[2]
    SLICE_X55Y76         LUT4 (Prop_lut4_I2_O)        0.119     5.952 f  U1/rNum_inferred__0/i___0/O
                         net (fo=1, routed)           0.697     6.649    U1/rNum_inferred__0/i___0_n_0
    SLICE_X55Y76         LUT4 (Prop_lut4_I1_O)        0.267     6.916 r  U1/rNum_inferred__0/i___3/O
                         net (fo=8, routed)           0.371     7.286    U1/rNum_inferred__0/i___3_n_0
    SLICE_X57Y75         LUT6 (Prop_lut6_I5_O)        0.105     7.391 r  U1/rNum[15]_i_3/O
                         net (fo=2, routed)           0.450     7.841    U1/rNum[15]_i_3_n_0
    SLICE_X57Y78         LUT6 (Prop_lut6_I5_O)        0.105     7.946 r  U1/rNum[15]_i_1/O
                         net (fo=4, routed)           0.453     8.399    U1/rNum_0[14]
    SLICE_X57Y78         FDCE                                         r  U1/rNum_reg[15]/CE
  -------------------------------------------------------------------    -------------------

                         (clock sys_clk rise edge)   20.000    20.000 r  
    Y18                                               0.000    20.000 r  sys_clk (IN)
                         net (fo=0)                   0.000    20.000    sys_clk
    Y18                  IBUF (Prop_ibuf_I_O)         1.361    21.361 r  sys_clk_IBUF_inst/O
                         net (fo=1, routed)           1.604    22.965    sys_clk_IBUF
    BUFGCTRL_X0Y0        BUFG (Prop_bufg_I_O)         0.077    23.042 r  sys_clk_IBUF_BUFG_inst/O
                         net (fo=148, routed)         1.238    24.280    U1/CLK
    SLICE_X57Y78         FDCE                                         r  U1/rNum_reg[15]/C
                         clock pessimism              0.243    24.523    
                         clock uncertainty           -0.035    24.488    
    SLICE_X57Y78         FDCE (Setup_fdce_C_CE)      -0.168    24.320    U1/rNum_reg[15]
  -------------------------------------------------------------------
                         required time                         24.320    
                         arrival time                          -8.399    
  -------------------------------------------------------------------
                         slack                                 15.921    

Slack (MET) :             15.999ns  (required time - arrival time)
  Source:                 U1/cur_state_reg[2]/C
                            (rising edge-triggered cell FDRE clocked by sys_clk  {rise@0.000ns fall@10.000ns period=20.000ns})
  Destination:            U1/rNum_reg[0]/CE
                            (rising edge-triggered cell FDCE clocked by sys_clk  {rise@0.000ns fall@10.000ns period=20.000ns})
  Path Group:             sys_clk
  Path Type:              Setup (Max at Slow Process Corner)
  Requirement:            20.000ns  (sys_clk rise@20.000ns - sys_clk rise@0.000ns)
  Data Path Delay:        3.806ns  (logic 1.029ns (27.033%)  route 2.777ns (72.967%))
  Logic Levels:           4  (LUT4=3 LUT6=1)
  Clock Path Skew:        -0.023ns (DCD - SCD + CPR)
    Destination Clock Delay (DCD):    4.278ns = ( 24.278 - 20.000 ) 
    Source Clock Delay      (SCD):    4.544ns
    Clock Pessimism Removal (CPR):    0.243ns
  Clock Uncertainty:      0.035ns  ((TSJ^2 + TIJ^2)^1/2 + DJ) / 2 + PE
    Total System Jitter     (TSJ):    0.071ns
    Total Input Jitter      (TIJ):    0.000ns
    Discrete Jitter          (DJ):    0.000ns
    Phase Error              (PE):    0.000ns

    Location             Delay type                Incr(ns)  Path(ns)    Netlist Resource(s)
  -------------------------------------------------------------------    -------------------
                         (clock sys_clk rise edge)    0.000     0.000 r  
    Y18                                               0.000     0.000 r  sys_clk (IN)
                         net (fo=0)                   0.000     0.000    sys_clk
    Y18                  IBUF (Prop_ibuf_I_O)         1.427     1.427 r  sys_clk_IBUF_inst/O
                         net (fo=1, routed)           1.693     3.120    sys_clk_IBUF
    BUFGCTRL_X0Y0        BUFG (Prop_bufg_I_O)         0.081     3.201 r  sys_clk_IBUF_BUFG_inst/O
                         net (fo=148, routed)         1.343     4.544    U1/CLK
    SLICE_X56Y75         FDRE                                         r  U1/cur_state_reg[2]/C
  -------------------------------------------------------------------    -------------------
    SLICE_X56Y75         FDRE (Prop_fdre_C_Q)         0.433     4.977 f  U1/cur_state_reg[2]/Q
                         net (fo=16, routed)          0.856     5.833    U1/cur_state_reg_n_0_[2]
    SLICE_X55Y76         LUT4 (Prop_lut4_I2_O)        0.119     5.952 f  U1/rNum_inferred__0/i___0/O
                         net (fo=1, routed)           0.697     6.649    U1/rNum_inferred__0/i___0_n_0
    SLICE_X55Y76         LUT4 (Prop_lut4_I1_O)        0.267     6.916 r  U1/rNum_inferred__0/i___3/O
                         net (fo=8, routed)           0.508     7.424    U1/rNum_inferred__0/i___3_n_0
    SLICE_X57Y76         LUT6 (Prop_lut6_I5_O)        0.105     7.529 r  U1/rNum[7]_i_3/O
                         net (fo=2, routed)           0.430     7.959    U1/rNum[7]_i_3_n_0
    SLICE_X56Y76         LUT4 (Prop_lut4_I3_O)        0.105     8.064 r  U1/rNum[3]_i_1/O
                         net (fo=4, routed)           0.286     8.350    U1/rNum_0[2]
    SLICE_X56Y76         FDCE                                         r  U1/rNum_reg[0]/CE
  -------------------------------------------------------------------    -------------------

                         (clock sys_clk rise edge)   20.000    20.000 r  
    Y18                                               0.000    20.000 r  sys_clk (IN)
                         net (fo=0)                   0.000    20.000    sys_clk
    Y18                  IBUF (Prop_ibuf_I_O)         1.361    21.361 r  sys_clk_IBUF_inst/O
                         net (fo=1, routed)           1.604    22.965    sys_clk_IBUF
    BUFGCTRL_X0Y0        BUFG (Prop_bufg_I_O)         0.077    23.042 r  sys_clk_IBUF_BUFG_inst/O
                         net (fo=148, routed)         1.236    24.278    U1/CLK
    SLICE_X56Y76         FDCE                                         r  U1/rNum_reg[0]/C
                         clock pessimism              0.243    24.521    
                         clock uncertainty           -0.035    24.486    
    SLICE_X56Y76         FDCE (Setup_fdce_C_CE)      -0.136    24.350    U1/rNum_reg[0]
  -------------------------------------------------------------------
                         required time                         24.350    
                         arrival time                          -8.350    
  -------------------------------------------------------------------
                         slack                                 15.999    

Slack (MET) :             15.999ns  (required time - arrival time)
  Source:                 U1/cur_state_reg[2]/C
                            (rising edge-triggered cell FDRE clocked by sys_clk  {rise@0.000ns fall@10.000ns period=20.000ns})
  Destination:            U1/rNum_reg[1]/CE
                            (rising edge-triggered cell FDCE clocked by sys_clk  {rise@0.000ns fall@10.000ns period=20.000ns})
  Path Group:             sys_clk
  Path Type:              Setup (Max at Slow Process Corner)
  Requirement:            20.000ns  (sys_clk rise@20.000ns - sys_clk rise@0.000ns)
  Data Path Delay:        3.806ns  (logic 1.029ns (27.033%)  route 2.777ns (72.967%))
  Logic Levels:           4  (LUT4=3 LUT6=1)
  Clock Path Skew:        -0.023ns (DCD - SCD + CPR)
    Destination Clock Delay (DCD):    4.278ns = ( 24.278 - 20.000 ) 
    Source Clock Delay      (SCD):    4.544ns
    Clock Pessimism Removal (CPR):    0.243ns
  Clock Uncertainty:      0.035ns  ((TSJ^2 + TIJ^2)^1/2 + DJ) / 2 + PE
    Total System Jitter     (TSJ):    0.071ns
    Total Input Jitter      (TIJ):    0.000ns
    Discrete Jitter          (DJ):    0.000ns
    Phase Error              (PE):    0.000ns

    Location             Delay type                Incr(ns)  Path(ns)    Netlist Resource(s)
  -------------------------------------------------------------------    -------------------
                         (clock sys_clk rise edge)    0.000     0.000 r  
    Y18                                               0.000     0.000 r  sys_clk (IN)
                         net (fo=0)                   0.000     0.000    sys_clk
    Y18                  IBUF (Prop_ibuf_I_O)         1.427     1.427 r  sys_clk_IBUF_inst/O
                         net (fo=1, routed)           1.693     3.120    sys_clk_IBUF
    BUFGCTRL_X0Y0        BUFG (Prop_bufg_I_O)         0.081     3.201 r  sys_clk_IBUF_BUFG_inst/O
                         net (fo=148, routed)         1.343     4.544    U1/CLK
    SLICE_X56Y75         FDRE                                         r  U1/cur_state_reg[2]/C
  -------------------------------------------------------------------    -------------------
    SLICE_X56Y75         FDRE (Prop_fdre_C_Q)         0.433     4.977 f  U1/cur_state_reg[2]/Q
                         net (fo=16, routed)          0.856     5.833    U1/cur_state_reg_n_0_[2]
    SLICE_X55Y76         LUT4 (Prop_lut4_I2_O)        0.119     5.952 f  U1/rNum_inferred__0/i___0/O
                         net (fo=1, routed)           0.697     6.649    U1/rNum_inferred__0/i___0_n_0
    SLICE_X55Y76         LUT4 (Prop_lut4_I1_O)        0.267     6.916 r  U1/rNum_inferred__0/i___3/O
                         net (fo=8, routed)           0.508     7.424    U1/rNum_inferred__0/i___3_n_0
    SLICE_X57Y76         LUT6 (Prop_lut6_I5_O)        0.105     7.529 r  U1/rNum[7]_i_3/O
                         net (fo=2, routed)           0.430     7.959    U1/rNum[7]_i_3_n_0
    SLICE_X56Y76         LUT4 (Prop_lut4_I3_O)        0.105     8.064 r  U1/rNum[3]_i_1/O
                         net (fo=4, routed)           0.286     8.350    U1/rNum_0[2]
    SLICE_X56Y76         FDCE                                         r  U1/rNum_reg[1]/CE
  -------------------------------------------------------------------    -------------------

                         (clock sys_clk rise edge)   20.000    20.000 r  
    Y18                                               0.000    20.000 r  sys_clk (IN)
                         net (fo=0)                   0.000    20.000    sys_clk
    Y18                  IBUF (Prop_ibuf_I_O)         1.361    21.361 r  sys_clk_IBUF_inst/O
                         net (fo=1, routed)           1.604    22.965    sys_clk_IBUF
    BUFGCTRL_X0Y0        BUFG (Prop_bufg_I_O)         0.077    23.042 r  sys_clk_IBUF_BUFG_inst/O
                         net (fo=148, routed)         1.236    24.278    U1/CLK
    SLICE_X56Y76         FDCE                                         r  U1/rNum_reg[1]/C
                         clock pessimism              0.243    24.521    
                         clock uncertainty           -0.035    24.486    
    SLICE_X56Y76         FDCE (Setup_fdce_C_CE)      -0.136    24.350    U1/rNum_reg[1]
  -------------------------------------------------------------------
                         required time                         24.350    
                         arrival time                          -8.350    
  -------------------------------------------------------------------
                         slack                                 15.999    





Min Delay Paths
--------------------------------------------------------------------------------------
Slack (MET) :             0.161ns  (arrival time - required time)
  Source:                 U1/next_state_reg[0]/C
                            (rising edge-triggered cell FDPE clocked by sys_clk  {rise@0.000ns fall@10.000ns period=20.000ns})
  Destination:            U1/cur_state_reg[0]/D
                            (rising edge-triggered cell FDSE clocked by sys_clk  {rise@0.000ns fall@10.000ns period=20.000ns})
  Path Group:             sys_clk
  Path Type:              Hold (Min at Fast Process Corner)
  Requirement:            0.000ns  (sys_clk rise@0.000ns - sys_clk rise@0.000ns)
  Data Path Delay:        0.254ns  (logic 0.141ns (55.507%)  route 0.113ns (44.493%))
  Logic Levels:           0  
  Clock Path Skew:        0.034ns (DCD - SCD - CPR)
    Destination Clock Delay (DCD):    1.988ns
    Source Clock Delay      (SCD):    1.474ns
    Clock Pessimism Removal (CPR):    0.479ns

    Location             Delay type                Incr(ns)  Path(ns)    Netlist Resource(s)
  -------------------------------------------------------------------    -------------------
                         (clock sys_clk rise edge)    0.000     0.000 r  
    Y18                                               0.000     0.000 r  sys_clk (IN)
                         net (fo=0)                   0.000     0.000    sys_clk
    Y18                  IBUF (Prop_ibuf_I_O)         0.264     0.264 r  sys_clk_IBUF_inst/O
                         net (fo=1, routed)           0.634     0.898    sys_clk_IBUF
    BUFGCTRL_X0Y0        BUFG (Prop_bufg_I_O)         0.026     0.924 r  sys_clk_IBUF_BUFG_inst/O
                         net (fo=148, routed)         0.551     1.474    U1/CLK
    SLICE_X55Y75         FDPE                                         r  U1/next_state_reg[0]/C
  -------------------------------------------------------------------    -------------------
    SLICE_X55Y75         FDPE (Prop_fdpe_C_Q)         0.141     1.615 r  U1/next_state_reg[0]/Q
                         net (fo=1, routed)           0.113     1.728    U1/next_state[0]
    SLICE_X56Y75         FDSE                                         r  U1/cur_state_reg[0]/D
  -------------------------------------------------------------------    -------------------

                         (clock sys_clk rise edge)    0.000     0.000 r  
    Y18                                               0.000     0.000 r  sys_clk (IN)
                         net (fo=0)                   0.000     0.000    sys_clk
    Y18                  IBUF (Prop_ibuf_I_O)         0.452     0.452 r  sys_clk_IBUF_inst/O
                         net (fo=1, routed)           0.689     1.140    sys_clk_IBUF
    BUFGCTRL_X0Y0        BUFG (Prop_bufg_I_O)         0.029     1.169 r  sys_clk_IBUF_BUFG_inst/O
                         net (fo=148, routed)         0.818     1.988    U1/CLK
    SLICE_X56Y75         FDSE                                         r  U1/cur_state_reg[0]/C
                         clock pessimism             -0.479     1.508    
    SLICE_X56Y75         FDSE (Hold_fdse_C_D)         0.059     1.567    U1/cur_state_reg[0]
  -------------------------------------------------------------------
                         required time                         -1.567    
                         arrival time                           1.728    
  -------------------------------------------------------------------
                         slack                                  0.161    

Slack (MET) :             0.161ns  (arrival time - required time)
  Source:                 U1/next_state_reg[2]/C
                            (rising edge-triggered cell FDCE clocked by sys_clk  {rise@0.000ns fall@10.000ns period=20.000ns})
  Destination:            U1/cur_state_reg[2]/D
                            (rising edge-triggered cell FDRE clocked by sys_clk  {rise@0.000ns fall@10.000ns period=20.000ns})
  Path Group:             sys_clk
  Path Type:              Hold (Min at Fast Process Corner)
  Requirement:            0.000ns  (sys_clk rise@0.000ns - sys_clk rise@0.000ns)
  Data Path Delay:        0.258ns  (logic 0.141ns (54.614%)  route 0.117ns (45.386%))
  Logic Levels:           0  
  Clock Path Skew:        0.034ns (DCD - SCD - CPR)
    Destination Clock Delay (DCD):    1.988ns
    Source Clock Delay      (SCD):    1.474ns
    Clock Pessimism Removal (CPR):    0.479ns

    Location             Delay type                Incr(ns)  Path(ns)    Netlist Resource(s)
  -------------------------------------------------------------------    -------------------
                         (clock sys_clk rise edge)    0.000     0.000 r  
    Y18                                               0.000     0.000 r  sys_clk (IN)
                         net (fo=0)                   0.000     0.000    sys_clk
    Y18                  IBUF (Prop_ibuf_I_O)         0.264     0.264 r  sys_clk_IBUF_inst/O
                         net (fo=1, routed)           0.634     0.898    sys_clk_IBUF
    BUFGCTRL_X0Y0        BUFG (Prop_bufg_I_O)         0.026     0.924 r  sys_clk_IBUF_BUFG_inst/O
                         net (fo=148, routed)         0.551     1.474    U1/CLK
    SLICE_X55Y75         FDCE                                         r  U1/next_state_reg[2]/C
  -------------------------------------------------------------------    -------------------
    SLICE_X55Y75         FDCE (Prop_fdce_C_Q)         0.141     1.615 r  U1/next_state_reg[2]/Q
                         net (fo=1, routed)           0.117     1.733    U1/next_state[2]
    SLICE_X56Y75         FDRE                                         r  U1/cur_state_reg[2]/D
  -------------------------------------------------------------------    -------------------

                         (clock sys_clk rise edge)    0.000     0.000 r  
    Y18                                               0.000     0.000 r  sys_clk (IN)
                         net (fo=0)                   0.000     0.000    sys_clk
    Y18                  IBUF (Prop_ibuf_I_O)         0.452     0.452 r  sys_clk_IBUF_inst/O
                         net (fo=1, routed)           0.689     1.140    sys_clk_IBUF
    BUFGCTRL_X0Y0        BUFG (Prop_bufg_I_O)         0.029     1.169 r  sys_clk_IBUF_BUFG_inst/O
                         net (fo=148, routed)         0.818     1.988    U1/CLK
    SLICE_X56Y75         FDRE                                         r  U1/cur_state_reg[2]/C
                         clock pessimism             -0.479     1.508    
    SLICE_X56Y75         FDRE (Hold_fdre_C_D)         0.063     1.571    U1/cur_state_reg[2]
  -------------------------------------------------------------------
                         required time                         -1.571    
                         arrival time                           1.733    
  -------------------------------------------------------------------
                         slack                                  0.161    

Slack (MET) :             0.175ns  (arrival time - required time)
  Source:                 U1/next_state_reg[7]/C
                            (rising edge-triggered cell FDCE clocked by sys_clk  {rise@0.000ns fall@10.000ns period=20.000ns})
  Destination:            U1/cur_state_reg[7]/D
                            (rising edge-triggered cell FDRE clocked by sys_clk  {rise@0.000ns fall@10.000ns period=20.000ns})
  Path Group:             sys_clk
  Path Type:              Hold (Min at Fast Process Corner)
  Requirement:            0.000ns  (sys_clk rise@0.000ns - sys_clk rise@0.000ns)
  Data Path Delay:        0.205ns  (logic 0.148ns (72.227%)  route 0.057ns (27.773%))
  Logic Levels:           0  
  Clock Path Skew:        0.013ns (DCD - SCD - CPR)
    Destination Clock Delay (DCD):    1.989ns
    Source Clock Delay      (SCD):    1.475ns
    Clock Pessimism Removal (CPR):    0.500ns

    Location             Delay type                Incr(ns)  Path(ns)    Netlist Resource(s)
  -------------------------------------------------------------------    -------------------
                         (clock sys_clk rise edge)    0.000     0.000 r  
    Y18                                               0.000     0.000 r  sys_clk (IN)
                         net (fo=0)                   0.000     0.000    sys_clk
    Y18                  IBUF (Prop_ibuf_I_O)         0.264     0.264 r  sys_clk_IBUF_inst/O
                         net (fo=1, routed)           0.634     0.898    sys_clk_IBUF
    BUFGCTRL_X0Y0        BUFG (Prop_bufg_I_O)         0.026     0.924 r  sys_clk_IBUF_BUFG_inst/O
                         net (fo=148, routed)         0.552     1.475    U1/CLK
    SLICE_X54Y76         FDCE                                         r  U1/next_state_reg[7]/C
  -------------------------------------------------------------------    -------------------
    SLICE_X54Y76         FDCE (Prop_fdce_C_Q)         0.148     1.623 r  U1/next_state_reg[7]/Q
                         net (fo=1, routed)           0.057     1.680    U1/next_state[7]
    SLICE_X55Y76         FDRE                                         r  U1/cur_state_reg[7]/D
  -------------------------------------------------------------------    -------------------

                         (clock sys_clk rise edge)    0.000     0.000 r  
    Y18                                               0.000     0.000 r  sys_clk (IN)
                         net (fo=0)                   0.000     0.000    sys_clk
    Y18                  IBUF (Prop_ibuf_I_O)         0.452     0.452 r  sys_clk_IBUF_inst/O
                         net (fo=1, routed)           0.689     1.140    sys_clk_IBUF
    BUFGCTRL_X0Y0        BUFG (Prop_bufg_I_O)         0.029     1.169 r  sys_clk_IBUF_BUFG_inst/O
                         net (fo=148, routed)         0.819     1.989    U1/CLK
    SLICE_X55Y76         FDRE                                         r  U1/cur_state_reg[7]/C
                         clock pessimism             -0.500     1.488    
    SLICE_X55Y76         FDRE (Hold_fdre_C_D)         0.017     1.505    U1/cur_state_reg[7]
  -------------------------------------------------------------------
                         required time                         -1.505    
                         arrival time                           1.680    
  -------------------------------------------------------------------
                         slack                                  0.175    

Slack (MET) :             0.199ns  (arrival time - required time)
  Source:                 U1/next_state_reg[6]/C
                            (rising edge-triggered cell FDCE clocked by sys_clk  {rise@0.000ns fall@10.000ns period=20.000ns})
  Destination:            U1/cur_state_reg[6]/D
                            (rising edge-triggered cell FDRE clocked by sys_clk  {rise@0.000ns fall@10.000ns period=20.000ns})
  Path Group:             sys_clk
  Path Type:              Hold (Min at Fast Process Corner)
  Requirement:            0.000ns  (sys_clk rise@0.000ns - sys_clk rise@0.000ns)
  Data Path Delay:        0.278ns  (logic 0.164ns (59.007%)  route 0.114ns (40.993%))
  Logic Levels:           0  
  Clock Path Skew:        0.013ns (DCD - SCD - CPR)
    Destination Clock Delay (DCD):    1.989ns
    Source Clock Delay      (SCD):    1.475ns
    Clock Pessimism Removal (CPR):    0.500ns

    Location             Delay type                Incr(ns)  Path(ns)    Netlist Resource(s)
  -------------------------------------------------------------------    -------------------
                         (clock sys_clk rise edge)    0.000     0.000 r  
    Y18                                               0.000     0.000 r  sys_clk (IN)
                         net (fo=0)                   0.000     0.000    sys_clk
    Y18                  IBUF (Prop_ibuf_I_O)         0.264     0.264 r  sys_clk_IBUF_inst/O
                         net (fo=1, routed)           0.634     0.898    sys_clk_IBUF
    BUFGCTRL_X0Y0        BUFG (Prop_bufg_I_O)         0.026     0.924 r  sys_clk_IBUF_BUFG_inst/O
                         net (fo=148, routed)         0.552     1.475    U1/CLK
    SLICE_X54Y76         FDCE                                         r  U1/next_state_reg[6]/C
  -------------------------------------------------------------------    -------------------
    SLICE_X54Y76         FDCE (Prop_fdce_C_Q)         0.164     1.639 r  U1/next_state_reg[6]/Q
                         net (fo=1, routed)           0.114     1.753    U1/next_state[6]
    SLICE_X55Y76         FDRE                                         r  U1/cur_state_reg[6]/D
  -------------------------------------------------------------------    -------------------

                         (clock sys_clk rise edge)    0.000     0.000 r  
    Y18                                               0.000     0.000 r  sys_clk (IN)
                         net (fo=0)                   0.000     0.000    sys_clk
    Y18                  IBUF (Prop_ibuf_I_O)         0.452     0.452 r  sys_clk_IBUF_inst/O
                         net (fo=1, routed)           0.689     1.140    sys_clk_IBUF
    BUFGCTRL_X0Y0        BUFG (Prop_bufg_I_O)         0.029     1.169 r  sys_clk_IBUF_BUFG_inst/O
                         net (fo=148, routed)         0.819     1.989    U1/CLK
    SLICE_X55Y76         FDRE                                         r  U1/cur_state_reg[6]/C
                         clock pessimism             -0.500     1.488    
    SLICE_X55Y76         FDRE (Hold_fdre_C_D)         0.066     1.554    U1/cur_state_reg[6]
  -------------------------------------------------------------------
                         required time                         -1.554    
                         arrival time                           1.753    
  -------------------------------------------------------------------
                         slack                                  0.199    

Slack (MET) :             0.227ns  (arrival time - required time)
  Source:                 U1/rNum_reg[14]/C
                            (rising edge-triggered cell FDCE clocked by sys_clk  {rise@0.000ns fall@10.000ns period=20.000ns})
  Destination:            U1/rNumber_reg[14]/D
                            (rising edge-triggered cell FDCE clocked by sys_clk  {rise@0.000ns fall@10.000ns period=20.000ns})
  Path Group:             sys_clk
  Path Type:              Hold (Min at Fast Process Corner)
  Requirement:            0.000ns  (sys_clk rise@0.000ns - sys_clk rise@0.000ns)
  Data Path Delay:        0.353ns  (logic 0.141ns (39.991%)  route 0.212ns (60.009%))
  Logic Levels:           0  
  Clock Path Skew:        0.060ns (DCD - SCD - CPR)
    Destination Clock Delay (DCD):    2.019ns
    Source Clock Delay      (SCD):    1.479ns
    Clock Pessimism Removal (CPR):    0.479ns

    Location             Delay type                Incr(ns)  Path(ns)    Netlist Resource(s)
  -------------------------------------------------------------------    -------------------
                         (clock sys_clk rise edge)    0.000     0.000 r  
    Y18                                               0.000     0.000 r  sys_clk (IN)
                         net (fo=0)                   0.000     0.000    sys_clk
    Y18                  IBUF (Prop_ibuf_I_O)         0.264     0.264 r  sys_clk_IBUF_inst/O
                         net (fo=1, routed)           0.634     0.898    sys_clk_IBUF
    BUFGCTRL_X0Y0        BUFG (Prop_bufg_I_O)         0.026     0.924 r  sys_clk_IBUF_BUFG_inst/O
                         net (fo=148, routed)         0.556     1.479    U1/CLK
    SLICE_X57Y78         FDCE                                         r  U1/rNum_reg[14]/C
  -------------------------------------------------------------------    -------------------
    SLICE_X57Y78         FDCE (Prop_fdce_C_Q)         0.141     1.620 r  U1/rNum_reg[14]/Q
                         net (fo=5, routed)           0.212     1.832    U1/rNum_reg_n_0_[14]
    SLICE_X58Y78         FDCE                                         r  U1/rNumber_reg[14]/D
  -------------------------------------------------------------------    -------------------

                         (clock sys_clk rise edge)    0.000     0.000 r  
    Y18                                               0.000     0.000 r  sys_clk (IN)
                         net (fo=0)                   0.000     0.000    sys_clk
    Y18                  IBUF (Prop_ibuf_I_O)         0.452     0.452 r  sys_clk_IBUF_inst/O
                         net (fo=1, routed)           0.689     1.140    sys_clk_IBUF
    BUFGCTRL_X0Y0        BUFG (Prop_bufg_I_O)         0.029     1.169 r  sys_clk_IBUF_BUFG_inst/O
                         net (fo=148, routed)         0.850     2.019    U1/CLK
    SLICE_X58Y78         FDCE                                         r  U1/rNumber_reg[14]/C
                         clock pessimism             -0.479     1.539    
    SLICE_X58Y78         FDCE (Hold_fdce_C_D)         0.066     1.605    U1/rNumber_reg[14]
  -------------------------------------------------------------------
                         required time                         -1.605    
                         arrival time                           1.832    
  -------------------------------------------------------------------
                         slack                                  0.227    

Slack (MET) :             0.227ns  (arrival time - required time)
  Source:                 U1/next_state_reg[1]/C
                            (rising edge-triggered cell FDCE clocked by sys_clk  {rise@0.000ns fall@10.000ns period=20.000ns})
  Destination:            U1/cur_state_reg[1]/D
                            (rising edge-triggered cell FDRE clocked by sys_clk  {rise@0.000ns fall@10.000ns period=20.000ns})
  Path Group:             sys_clk
  Path Type:              Hold (Min at Fast Process Corner)
  Requirement:            0.000ns  (sys_clk rise@0.000ns - sys_clk rise@0.000ns)
  Data Path Delay:        0.313ns  (logic 0.141ns (45.044%)  route 0.172ns (54.956%))
  Logic Levels:           0  
  Clock Path Skew:        0.034ns (DCD - SCD - CPR)
    Destination Clock Delay (DCD):    1.988ns
    Source Clock Delay      (SCD):    1.474ns
    Clock Pessimism Removal (CPR):    0.479ns

    Location             Delay type                Incr(ns)  Path(ns)    Netlist Resource(s)
  -------------------------------------------------------------------    -------------------
                         (clock sys_clk rise edge)    0.000     0.000 r  
    Y18                                               0.000     0.000 r  sys_clk (IN)
                         net (fo=0)                   0.000     0.000    sys_clk
    Y18                  IBUF (Prop_ibuf_I_O)         0.264     0.264 r  sys_clk_IBUF_inst/O
                         net (fo=1, routed)           0.634     0.898    sys_clk_IBUF
    BUFGCTRL_X0Y0        BUFG (Prop_bufg_I_O)         0.026     0.924 r  sys_clk_IBUF_BUFG_inst/O
                         net (fo=148, routed)         0.551     1.474    U1/CLK
    SLICE_X55Y75         FDCE                                         r  U1/next_state_reg[1]/C
  -------------------------------------------------------------------    -------------------
    SLICE_X55Y75         FDCE (Prop_fdce_C_Q)         0.141     1.615 r  U1/next_state_reg[1]/Q
                         net (fo=1, routed)           0.172     1.787    U1/next_state[1]
    SLICE_X56Y75         FDRE                                         r  U1/cur_state_reg[1]/D
  -------------------------------------------------------------------    -------------------

                         (clock sys_clk rise edge)    0.000     0.000 r  
    Y18                                               0.000     0.000 r  sys_clk (IN)
                         net (fo=0)                   0.000     0.000    sys_clk
    Y18                  IBUF (Prop_ibuf_I_O)         0.452     0.452 r  sys_clk_IBUF_inst/O
                         net (fo=1, routed)           0.689     1.140    sys_clk_IBUF
    BUFGCTRL_X0Y0        BUFG (Prop_bufg_I_O)         0.029     1.169 r  sys_clk_IBUF_BUFG_inst/O
                         net (fo=148, routed)         0.818     1.988    U1/CLK
    SLICE_X56Y75         FDRE                                         r  U1/cur_state_reg[1]/C
                         clock pessimism             -0.479     1.508    
    SLICE_X56Y75         FDRE (Hold_fdre_C_D)         0.052     1.560    U1/cur_state_reg[1]
  -------------------------------------------------------------------
                         required time                         -1.560    
                         arrival time                           1.787    
  -------------------------------------------------------------------
                         slack                                  0.227    

Slack (MET) :             0.235ns  (arrival time - required time)
  Source:                 U2/U3/cur_state_reg[4]/C
                            (rising edge-triggered cell FDRE clocked by sys_clk  {rise@0.000ns fall@10.000ns period=20.000ns})
  Destination:            U2/U3/cur_state_reg[5]/D
                            (rising edge-triggered cell FDRE clocked by sys_clk  {rise@0.000ns fall@10.000ns period=20.000ns})
  Path Group:             sys_clk
  Path Type:              Hold (Min at Fast Process Corner)
  Requirement:            0.000ns  (sys_clk rise@0.000ns - sys_clk rise@0.000ns)
  Data Path Delay:        0.356ns  (logic 0.247ns (69.291%)  route 0.109ns (30.709%))
  Logic Levels:           1  (LUT4=1)
  Clock Path Skew:        0.000ns (DCD - SCD - CPR)
    Destination Clock Delay (DCD):    2.021ns
    Source Clock Delay      (SCD):    1.506ns
    Clock Pessimism Removal (CPR):    0.514ns

    Location             Delay type                Incr(ns)  Path(ns)    Netlist Resource(s)
  -------------------------------------------------------------------    -------------------
                         (clock sys_clk rise edge)    0.000     0.000 r  
    Y18                                               0.000     0.000 r  sys_clk (IN)
                         net (fo=0)                   0.000     0.000    sys_clk
    Y18                  IBUF (Prop_ibuf_I_O)         0.264     0.264 r  sys_clk_IBUF_inst/O
                         net (fo=1, routed)           0.634     0.898    sys_clk_IBUF
    BUFGCTRL_X0Y0        BUFG (Prop_bufg_I_O)         0.026     0.924 r  sys_clk_IBUF_BUFG_inst/O
                         net (fo=148, routed)         0.583     1.506    U2/U3/CLK
    SLICE_X64Y71         FDRE                                         r  U2/U3/cur_state_reg[4]/C
  -------------------------------------------------------------------    -------------------
    SLICE_X64Y71         FDRE (Prop_fdre_C_Q)         0.148     1.654 r  U2/U3/cur_state_reg[4]/Q
                         net (fo=15, routed)          0.109     1.764    U2/U3/cur_state[4]
    SLICE_X64Y71         LUT4 (Prop_lut4_I0_O)        0.099     1.863 r  U2/U3/cur_state[5]_i_1__0/O
                         net (fo=1, routed)           0.000     1.863    U2/U3/next_state__0[5]
    SLICE_X64Y71         FDRE                                         r  U2/U3/cur_state_reg[5]/D
  -------------------------------------------------------------------    -------------------

                         (clock sys_clk rise edge)    0.000     0.000 r  
    Y18                                               0.000     0.000 r  sys_clk (IN)
                         net (fo=0)                   0.000     0.000    sys_clk
    Y18                  IBUF (Prop_ibuf_I_O)         0.452     0.452 r  sys_clk_IBUF_inst/O
                         net (fo=1, routed)           0.689     1.140    sys_clk_IBUF
    BUFGCTRL_X0Y0        BUFG (Prop_bufg_I_O)         0.029     1.169 r  sys_clk_IBUF_BUFG_inst/O
                         net (fo=148, routed)         0.851     2.021    U2/U3/CLK
    SLICE_X64Y71         FDRE                                         r  U2/U3/cur_state_reg[5]/C
                         clock pessimism             -0.514     1.506    
    SLICE_X64Y71         FDRE (Hold_fdre_C_D)         0.121     1.627    U2/U3/cur_state_reg[5]
  -------------------------------------------------------------------
                         required time                         -1.627    
                         arrival time                           1.863    
  -------------------------------------------------------------------
                         slack                                  0.235    

Slack (MET) :             0.236ns  (arrival time - required time)
  Source:                 U1/next_state_reg[4]/C
                            (rising edge-triggered cell FDCE clocked by sys_clk  {rise@0.000ns fall@10.000ns period=20.000ns})
  Destination:            U1/cur_state_reg[4]/D
                            (rising edge-triggered cell FDRE clocked by sys_clk  {rise@0.000ns fall@10.000ns period=20.000ns})
  Path Group:             sys_clk
  Path Type:              Hold (Min at Fast Process Corner)
  Requirement:            0.000ns  (sys_clk rise@0.000ns - sys_clk rise@0.000ns)
  Data Path Delay:        0.308ns  (logic 0.141ns (45.766%)  route 0.167ns (54.234%))
  Logic Levels:           0  
  Clock Path Skew:        0.013ns (DCD - SCD - CPR)
    Destination Clock Delay (DCD):    1.988ns
    Source Clock Delay      (SCD):    1.474ns
    Clock Pessimism Removal (CPR):    0.500ns

    Location             Delay type                Incr(ns)  Path(ns)    Netlist Resource(s)
  -------------------------------------------------------------------    -------------------
                         (clock sys_clk rise edge)    0.000     0.000 r  
    Y18                                               0.000     0.000 r  sys_clk (IN)
                         net (fo=0)                   0.000     0.000    sys_clk
    Y18                  IBUF (Prop_ibuf_I_O)         0.264     0.264 r  sys_clk_IBUF_inst/O
                         net (fo=1, routed)           0.634     0.898    sys_clk_IBUF
    BUFGCTRL_X0Y0        BUFG (Prop_bufg_I_O)         0.026     0.924 r  sys_clk_IBUF_BUFG_inst/O
                         net (fo=148, routed)         0.551     1.474    U1/CLK
    SLICE_X55Y75         FDCE                                         r  U1/next_state_reg[4]/C
  -------------------------------------------------------------------    -------------------
    SLICE_X55Y75         FDCE (Prop_fdce_C_Q)         0.141     1.615 r  U1/next_state_reg[4]/Q
                         net (fo=1, routed)           0.167     1.782    U1/next_state[4]
    SLICE_X54Y75         FDRE                                         r  U1/cur_state_reg[4]/D
  -------------------------------------------------------------------    -------------------

                         (clock sys_clk rise edge)    0.000     0.000 r  
    Y18                                               0.000     0.000 r  sys_clk (IN)
                         net (fo=0)                   0.000     0.000    sys_clk
    Y18                  IBUF (Prop_ibuf_I_O)         0.452     0.452 r  sys_clk_IBUF_inst/O
                         net (fo=1, routed)           0.689     1.140    sys_clk_IBUF
    BUFGCTRL_X0Y0        BUFG (Prop_bufg_I_O)         0.029     1.169 r  sys_clk_IBUF_BUFG_inst/O
                         net (fo=148, routed)         0.818     1.988    U1/CLK
    SLICE_X54Y75         FDRE                                         r  U1/cur_state_reg[4]/C
                         clock pessimism             -0.500     1.487    
    SLICE_X54Y75         FDRE (Hold_fdre_C_D)         0.059     1.546    U1/cur_state_reg[4]
  -------------------------------------------------------------------
                         required time                         -1.546    
                         arrival time                           1.782    
  -------------------------------------------------------------------
                         slack                                  0.236    

Slack (MET) :             0.238ns  (arrival time - required time)
  Source:                 U1/cur_state_reg[6]/C
                            (rising edge-triggered cell FDRE clocked by sys_clk  {rise@0.000ns fall@10.000ns period=20.000ns})
  Destination:            U1/next_state_reg[7]/D
                            (rising edge-triggered cell FDCE clocked by sys_clk  {rise@0.000ns fall@10.000ns period=20.000ns})
  Path Group:             sys_clk
  Path Type:              Hold (Min at Fast Process Corner)
  Requirement:            0.000ns  (sys_clk rise@0.000ns - sys_clk rise@0.000ns)
  Data Path Delay:        0.382ns  (logic 0.187ns (48.931%)  route 0.195ns (51.069%))
  Logic Levels:           1  (LUT5=1)
  Clock Path Skew:        0.013ns (DCD - SCD - CPR)
    Destination Clock Delay (DCD):    1.989ns
    Source Clock Delay      (SCD):    1.475ns
    Clock Pessimism Removal (CPR):    0.500ns

    Location             Delay type                Incr(ns)  Path(ns)    Netlist Resource(s)
  -------------------------------------------------------------------    -------------------
                         (clock sys_clk rise edge)    0.000     0.000 r  
    Y18                                               0.000     0.000 r  sys_clk (IN)
                         net (fo=0)                   0.000     0.000    sys_clk
    Y18                  IBUF (Prop_ibuf_I_O)         0.264     0.264 r  sys_clk_IBUF_inst/O
                         net (fo=1, routed)           0.634     0.898    sys_clk_IBUF
    BUFGCTRL_X0Y0        BUFG (Prop_bufg_I_O)         0.026     0.924 r  sys_clk_IBUF_BUFG_inst/O
                         net (fo=148, routed)         0.552     1.475    U1/CLK
    SLICE_X55Y76         FDRE                                         r  U1/cur_state_reg[6]/C
  -------------------------------------------------------------------    -------------------
    SLICE_X55Y76         FDRE (Prop_fdre_C_Q)         0.141     1.616 r  U1/cur_state_reg[6]/Q
                         net (fo=10, routed)          0.195     1.811    U1/cur_state_reg_n_0_[6]
    SLICE_X54Y76         LUT5 (Prop_lut5_I2_O)        0.046     1.857 r  U1/next_state[7]_i_1/O
                         net (fo=1, routed)           0.000     1.857    U1/p_0_in__0[7]
    SLICE_X54Y76         FDCE                                         r  U1/next_state_reg[7]/D
  -------------------------------------------------------------------    -------------------

                         (clock sys_clk rise edge)    0.000     0.000 r  
    Y18                                               0.000     0.000 r  sys_clk (IN)
                         net (fo=0)                   0.000     0.000    sys_clk
    Y18                  IBUF (Prop_ibuf_I_O)         0.452     0.452 r  sys_clk_IBUF_inst/O
                         net (fo=1, routed)           0.689     1.140    sys_clk_IBUF
    BUFGCTRL_X0Y0        BUFG (Prop_bufg_I_O)         0.029     1.169 r  sys_clk_IBUF_BUFG_inst/O
                         net (fo=148, routed)         0.819     1.989    U1/CLK
    SLICE_X54Y76         FDCE                                         r  U1/next_state_reg[7]/C
                         clock pessimism             -0.500     1.488    
    SLICE_X54Y76         FDCE (Hold_fdce_C_D)         0.131     1.619    U1/next_state_reg[7]
  -------------------------------------------------------------------
                         required time                         -1.619    
                         arrival time                           1.857    
  -------------------------------------------------------------------
                         slack                                  0.238    

Slack (MET) :             0.246ns  (arrival time - required time)
  Source:                 U1/cur_state_reg[6]/C
                            (rising edge-triggered cell FDRE clocked by sys_clk  {rise@0.000ns fall@10.000ns period=20.000ns})
  Destination:            U1/next_state_reg[6]/D
                            (rising edge-triggered cell FDCE clocked by sys_clk  {rise@0.000ns fall@10.000ns period=20.000ns})
  Path Group:             sys_clk
  Path Type:              Hold (Min at Fast Process Corner)
  Requirement:            0.000ns  (sys_clk rise@0.000ns - sys_clk rise@0.000ns)
  Data Path Delay:        0.380ns  (logic 0.186ns (48.925%)  route 0.194ns (51.075%))
  Logic Levels:           1  (LUT5=1)
  Clock Path Skew:        0.013ns (DCD - SCD - CPR)
    Destination Clock Delay (DCD):    1.989ns
    Source Clock Delay      (SCD):    1.475ns
    Clock Pessimism Removal (CPR):    0.500ns

    Location             Delay type                Incr(ns)  Path(ns)    Netlist Resource(s)
  -------------------------------------------------------------------    -------------------
                         (clock sys_clk rise edge)    0.000     0.000 r  
    Y18                                               0.000     0.000 r  sys_clk (IN)
                         net (fo=0)                   0.000     0.000    sys_clk
    Y18                  IBUF (Prop_ibuf_I_O)         0.264     0.264 r  sys_clk_IBUF_inst/O
                         net (fo=1, routed)           0.634     0.898    sys_clk_IBUF
    BUFGCTRL_X0Y0        BUFG (Prop_bufg_I_O)         0.026     0.924 r  sys_clk_IBUF_BUFG_inst/O
                         net (fo=148, routed)         0.552     1.475    U1/CLK
    SLICE_X55Y76         FDRE                                         r  U1/cur_state_reg[6]/C
  -------------------------------------------------------------------    -------------------
    SLICE_X55Y76         FDRE (Prop_fdre_C_Q)         0.141     1.616 f  U1/cur_state_reg[6]/Q
                         net (fo=10, routed)          0.194     1.810    U1/cur_state_reg_n_0_[6]
    SLICE_X54Y76         LUT5 (Prop_lut5_I3_O)        0.045     1.855 r  U1/next_state[6]_i_1/O
                         net (fo=1, routed)           0.000     1.855    U1/p_0_in__0[6]
    SLICE_X54Y76         FDCE                                         r  U1/next_state_reg[6]/D
  -------------------------------------------------------------------    -------------------

                         (clock sys_clk rise edge)    0.000     0.000 r  
    Y18                                               0.000     0.000 r  sys_clk (IN)
                         net (fo=0)                   0.000     0.000    sys_clk
    Y18                  IBUF (Prop_ibuf_I_O)         0.452     0.452 r  sys_clk_IBUF_inst/O
                         net (fo=1, routed)           0.689     1.140    sys_clk_IBUF
    BUFGCTRL_X0Y0        BUFG (Prop_bufg_I_O)         0.029     1.169 r  sys_clk_IBUF_BUFG_inst/O
                         net (fo=148, routed)         0.819     1.989    U1/CLK
    SLICE_X54Y76         FDCE                                         r  U1/next_state_reg[6]/C
                         clock pessimism             -0.500     1.488    
    SLICE_X54Y76         FDCE (Hold_fdce_C_D)         0.121     1.609    U1/next_state_reg[6]
  -------------------------------------------------------------------
                         required time                         -1.609    
                         arrival time                           1.855    
  -------------------------------------------------------------------
                         slack                                  0.246    





Pulse Width Checks
--------------------------------------------------------------------------------------
Clock Name:         sys_clk
Waveform(ns):       { 0.000 10.000 }
Period(ns):         20.000
Sources:            { sys_clk }

Check Type        Corner  Lib Pin  Reference Pin  Required(ns)  Actual(ns)  Slack(ns)  Location       Pin
Min Period        n/a     BUFG/I   n/a            1.592         20.000      18.408     BUFGCTRL_X0Y0  sys_clk_IBUF_BUFG_inst/I
Min Period        n/a     FDSE/C   n/a            1.000         20.000      19.000     SLICE_X56Y75   U1/cur_state_reg[0]/C
Min Period        n/a     FDRE/C   n/a            1.000         20.000      19.000     SLICE_X56Y75   U1/cur_state_reg[1]/C
Min Period        n/a     FDRE/C   n/a            1.000         20.000      19.000     SLICE_X56Y75   U1/cur_state_reg[2]/C
Min Period        n/a     FDRE/C   n/a            1.000         20.000      19.000     SLICE_X56Y75   U1/cur_state_reg[3]/C
Min Period        n/a     FDRE/C   n/a            1.000         20.000      19.000     SLICE_X54Y75   U1/cur_state_reg[4]/C
Min Period        n/a     FDRE/C   n/a            1.000         20.000      19.000     SLICE_X55Y76   U1/cur_state_reg[5]/C
Min Period        n/a     FDRE/C   n/a            1.000         20.000      19.000     SLICE_X55Y76   U1/cur_state_reg[6]/C
Min Period        n/a     FDRE/C   n/a            1.000         20.000      19.000     SLICE_X55Y76   U1/cur_state_reg[7]/C
Min Period        n/a     FDCE/C   n/a            1.000         20.000      19.000     SLICE_X55Y75   U1/next_state_reg[1]/C
Low Pulse Width   Slow    FDCE/C   n/a            0.500         10.000      9.500      SLICE_X62Y78   U2/U1/time_cnt_reg[0]/C
Low Pulse Width   Fast    FDCE/C   n/a            0.500         10.000      9.500      SLICE_X62Y78   U2/U1/time_cnt_reg[0]/C
Low Pulse Width   Slow    FDCE/C   n/a            0.500         10.000      9.500      SLICE_X63Y77   U2/U1/time_cnt_reg[10]/C
Low Pulse Width   Fast    FDCE/C   n/a            0.500         10.000      9.500      SLICE_X63Y77   U2/U1/time_cnt_reg[10]/C
Low Pulse Width   Slow    FDCE/C   n/a            0.500         10.000      9.500      SLICE_X64Y78   U2/U1/time_cnt_reg[11]/C
Low Pulse Width   Fast    FDCE/C   n/a            0.500         10.000      9.500      SLICE_X64Y78   U2/U1/time_cnt_reg[11]/C
Low Pulse Width   Slow    FDCE/C   n/a            0.500         10.000      9.500      SLICE_X64Y77   U2/U1/time_cnt_reg[12]/C
Low Pulse Width   Fast    FDCE/C   n/a            0.500         10.000      9.500      SLICE_X64Y77   U2/U1/time_cnt_reg[12]/C
Low Pulse Width   Slow    FDCE/C   n/a            0.500         10.000      9.500      SLICE_X63Y78   U2/U1/time_cnt_reg[5]/C
Low Pulse Width   Fast    FDCE/C   n/a            0.500         10.000      9.500      SLICE_X63Y78   U2/U1/time_cnt_reg[5]/C
High Pulse Width  Fast    FDCE/C   n/a            0.500         10.000      9.500      SLICE_X58Y76   U1/rNumber_reg[10]/C
High Pulse Width  Fast    FDCE/C   n/a            0.500         10.000      9.500      SLICE_X58Y75   U1/rNumber_reg[11]/C
High Pulse Width  Fast    FDCE/C   n/a            0.500         10.000      9.500      SLICE_X58Y76   U1/rNumber_reg[23]/C
High Pulse Width  Fast    FDCE/C   n/a            0.500         10.000      9.500      SLICE_X58Y76   U1/rNumber_reg[6]/C
High Pulse Width  Fast    FDCE/C   n/a            0.500         10.000      9.500      SLICE_X58Y76   U1/rNumber_reg[7]/C
High Pulse Width  Fast    FDCE/C   n/a            0.500         10.000      9.500      SLICE_X57Y70   U1/time_cnt_reg[3]/C
High Pulse Width  Fast    FDCE/C   n/a            0.500         10.000      9.500      SLICE_X57Y70   U1/time_cnt_reg[5]/C
High Pulse Width  Fast    FDCE/C   n/a            0.500         10.000      9.500      SLICE_X57Y70   U1/time_cnt_reg[6]/C
High Pulse Width  Fast    FDCE/C   n/a            0.500         10.000      9.500      SLICE_X55Y70   U1/time_cnt_reg[7]/C
High Pulse Width  Fast    FDCE/C   n/a            0.500         10.000      9.500      SLICE_X55Y70   U1/time_cnt_reg[8]/C



