Copyright 1986-2019 Xilinx, Inc. All Rights Reserved.
--------------------------------------------------------------------------------------------------------------------------------------------------------------------------------------------
| Tool Version : Vivado v.2019.1 (win64) Build 2552052 Fri May 24 14:49:42 MDT 2019
| Date         : Fri Aug 16 11:41:50 2019
| Host         : PC-201805041311 running 64-bit major release  (build 9200)
| Command      : report_methodology -file smg_interface_demo_methodology_drc_routed.rpt -pb smg_interface_demo_methodology_drc_routed.pb -rpx smg_interface_demo_methodology_drc_routed.rpx
| Design       : smg_interface_demo
| Device       : xc7a35tfgg484-2
| Speed File   : -2
| Design State : Fully Routed
--------------------------------------------------------------------------------------------------------------------------------------------------------------------------------------------

Report Methodology

Table of Contents
-----------------
1. REPORT SUMMARY
2. REPORT DETAILS

1. REPORT SUMMARY
-----------------
            Netlist: netlist
          Floorplan: design_1
      Design limits: <entire design considered>
             Max violations: <unlimited>
             Violations found: 16
+-----------+----------+-------------------------------+------------+
| Rule      | Severity | Description                   | Violations |
+-----------+----------+-------------------------------+------------+
| LUTAR-1   | Warning  | LUT drives async reset alert  | 1          |
| TIMING-18 | Warning  | Missing input or output delay | 15         |
+-----------+----------+-------------------------------+------------+

2. REPORT DETAILS
-----------------
LUTAR-1#1 Warning
LUT drives async reset alert  
LUT cell U1/next_state[0]_i_1, with 2 or more inputs, drives asynchronous preset/clear pin(s) U2/U1/rNumber_reg[0]/CLR, U2/U1/rNumber_reg[1]/CLR, U2/U1/rNumber_reg[2]/CLR, U2/U1/rNumber_reg[3]/CLR, U2/U1/time_cnt_reg[0]/CLR, U2/U1/time_cnt_reg[10]/CLR, U2/U1/time_cnt_reg[11]/CLR, U2/U1/time_cnt_reg[12]/CLR, U2/U1/time_cnt_reg[13]/CLR, U2/U1/time_cnt_reg[14]/CLR, U2/U1/time_cnt_reg[15]/CLR, U2/U1/time_cnt_reg[1]/CLR, U2/U1/time_cnt_reg[2]/CLR, U2/U1/time_cnt_reg[3]/CLR, U2/U1/time_cnt_reg[4]/CLR (the first 15 of 128 listed). The LUT may glitch and trigger an unexpected reset, even if it is a properly timed path.
Related violations: <none>

TIMING-18#1 Warning
Missing input or output delay  
An input delay is missing on rst_n relative to clock(s) sys_clk
Related violations: <none>

TIMING-18#2 Warning
Missing input or output delay  
An output delay is missing on SMG_Data[0] relative to clock(s) sys_clk
Related violations: <none>

TIMING-18#3 Warning
Missing input or output delay  
An output delay is missing on SMG_Data[1] relative to clock(s) sys_clk
Related violations: <none>

TIMING-18#4 Warning
Missing input or output delay  
An output delay is missing on SMG_Data[2] relative to clock(s) sys_clk
Related violations: <none>

TIMING-18#5 Warning
Missing input or output delay  
An output delay is missing on SMG_Data[3] relative to clock(s) sys_clk
Related violations: <none>

TIMING-18#6 Warning
Missing input or output delay  
An output delay is missing on SMG_Data[4] relative to clock(s) sys_clk
Related violations: <none>

TIMING-18#7 Warning
Missing input or output delay  
An output delay is missing on SMG_Data[5] relative to clock(s) sys_clk
Related violations: <none>

TIMING-18#8 Warning
Missing input or output delay  
An output delay is missing on SMG_Data[6] relative to clock(s) sys_clk
Related violations: <none>

TIMING-18#9 Warning
Missing input or output delay  
An output delay is missing on SMG_Data[7] relative to clock(s) sys_clk
Related violations: <none>

TIMING-18#10 Warning
Missing input or output delay  
An output delay is missing on Scan_Sig[0] relative to clock(s) sys_clk
Related violations: <none>

TIMING-18#11 Warning
Missing input or output delay  
An output delay is missing on Scan_Sig[1] relative to clock(s) sys_clk
Related violations: <none>

TIMING-18#12 Warning
Missing input or output delay  
An output delay is missing on Scan_Sig[2] relative to clock(s) sys_clk
Related violations: <none>

TIMING-18#13 Warning
Missing input or output delay  
An output delay is missing on Scan_Sig[3] relative to clock(s) sys_clk
Related violations: <none>

TIMING-18#14 Warning
Missing input or output delay  
An output delay is missing on Scan_Sig[4] relative to clock(s) sys_clk
Related violations: <none>

TIMING-18#15 Warning
Missing input or output delay  
An output delay is missing on Scan_Sig[5] relative to clock(s) sys_clk
Related violations: <none>


