Copyright 1986-2019 Xilinx, Inc. All Rights Reserved.
--------------------------------------------------------------------------------------------------------------------------------------------------------------------------------
| Tool Version : Vivado v.2019.1 (win64) Build 2552052 Fri May 24 14:49:42 MDT 2019
| Date         : Fri Mar  3 17:52:11 2023
| Host         : DESKTOP-AOVMD3L running 64-bit major release  (build 9200)
| Command      : report_methodology -file video_ethernet_methodology_drc_routed.rpt -pb video_ethernet_methodology_drc_routed.pb -rpx video_ethernet_methodology_drc_routed.rpx
| Design       : video_ethernet
| Device       : xc7a35tfgg484-2
| Speed File   : -2
| Design State : Fully Routed
--------------------------------------------------------------------------------------------------------------------------------------------------------------------------------

Report Methodology

Table of Contents
-----------------
1. REPORT SUMMARY
2. REPORT DETAILS

1. REPORT SUMMARY
-----------------
            Netlist: netlist
          Floorplan: design_1
      Design limits: <entire design considered>
             Max violations: <unlimited>
             Violations found: 53
+-----------+------------------+----------------------------------------------------+------------+
| Rule      | Severity         | Description                                        | Violations |
+-----------+------------------+----------------------------------------------------+------------+
| TIMING-4  | Critical Warning | Invalid primary clock redefinition on a clock tree | 1          |
| TIMING-6  | Critical Warning | No common primary clock between related clocks     | 1          |
| TIMING-7  | Critical Warning | No common node between related clocks              | 1          |
| TIMING-14 | Critical Warning | LUT on the clock tree                              | 1          |
| TIMING-27 | Critical Warning | Invalid primary clock on hierarchical pin          | 1          |
| LUTAR-1   | Warning          | LUT drives async reset alert                       | 1          |
| PDRC-190  | Warning          | Suboptimally placed synchronized register chain    | 1          |
| SYNTH-16  | Warning          | Address collision                                  | 1          |
| TIMING-9  | Warning          | Unknown CDC Logic                                  | 1          |
| TIMING-10 | Warning          | Missing property on synchronizer                   | 1          |
| TIMING-18 | Warning          | Missing input or output delay                      | 41         |
| TIMING-38 | Warning          | Bus skew constraint applied on multiple clocks     | 2          |
+-----------+------------------+----------------------------------------------------+------------+

2. REPORT DETAILS
-----------------
TIMING-4#1 Critical Warning
Invalid primary clock redefinition on a clock tree  
Invalid clock redefinition on a clock tree. The primary clock clk_wiz_0/inst/clk_in1 is defined downstream of clock sys_clk and overrides its insertion delay and/or waveform definition
Related violations: <none>

TIMING-6#1 Critical Warning
No common primary clock between related clocks  
The clocks sys_clk and rx_clk are related (timed together) but they have no common primary clock. The design could fail in hardware. To find a timing path between these clocks, run the following command: report_timing -from [get_clocks sys_clk] -to [get_clocks rx_clk]
Related violations: <none>

TIMING-7#1 Critical Warning
No common node between related clocks  
The clocks sys_clk and rx_clk are related (timed together) but they have no common node. The design could fail in hardware. To find a timing path between these clocks, run the following command: report_timing -from [get_clocks sys_clk] -to [get_clocks rx_clk]
Related violations: <none>

TIMING-14#1 Critical Warning
LUT on the clock tree  
The LUT cmos_select_inst/camera_fifo_inst_i_1 has been found on the clock tree. Run opt_design to optimize the clock trees, then re-run report_methodology. If LUT(s) are still present in the clock trees, modify the RTL or the synthesis options accordingly to move the clock gating logic to dedicated clock enable resources. Keep in mind that post-opt_design database cannot be used for pin-planning tasks
Related violations: <none>

TIMING-27#1 Critical Warning
Invalid primary clock on hierarchical pin  
A primary clock clk_wiz_0/inst/clk_in1 is created on an inappropriate internal pin clk_wiz_0/inst/clk_in1. It is not recommended to create a primary clock on a hierarchical pin when its driver pin has a fanout connected to multiple clock pins
Related violations: <none>

LUTAR-1#1 Warning
LUT drives async reset alert  
LUT cell mac_test0/mac_top0/mac_rx0/mac0/arp_rx_req_i_1, with 2 or more inputs, drives asynchronous preset/clear pin(s) i2c_config_m0/FSM_sequential_state_reg[0]/CLR, i2c_config_m0/FSM_sequential_state_reg[1]/CLR, i2c_config_m0/lut_index_reg[0]/CLR, i2c_config_m0/lut_index_reg[1]/CLR, i2c_config_m0/lut_index_reg[2]/CLR, i2c_config_m0/lut_index_reg[3]/CLR, i2c_config_m0/lut_index_reg[4]/CLR, i2c_config_m0/lut_index_reg[5]/CLR, i2c_config_m0/lut_index_reg[6]/CLR, i2c_config_m0/lut_index_reg[7]/CLR, i2c_config_m0/lut_index_reg[8]/CLR, i2c_config_m0/lut_index_reg[9]/CLR, i2c_config_m0/i2c_master_top_m0/FSM_sequential_state_reg[0]/CLR, i2c_config_m0/i2c_master_top_m0/FSM_sequential_state_reg[3]/CLR, i2c_config_m0/i2c_master_top_m0/ack_in_reg/CLR (the first 15 of 2123 listed). The LUT may glitch and trigger an unexpected reset, even if it is a properly timed path.
Related violations: <none>

PDRC-190#1 Warning
Suboptimally placed synchronized register chain  
The FDRE cell camera_fifo_inst/U0/inst_fifo_gen/gconvfifo.rf/grf.rf/rstblk/grstd1.grst_full.grst_f.rst_d2_reg in site SLICE_X31Y22 is part of a synchronized register chain that is suboptimally placed as the load FDSE cell camera_fifo_inst/U0/inst_fifo_gen/gconvfifo.rf/grf.rf/rstblk/grstd1.grst_full.grst_f.rst_d3_reg is not placed in the same (SLICE) site.
Related violations: <none>

SYNTH-16#1 Warning
Address collision  
Block RAM mac_test0/mac_top0/icmp0/icmp_receive_ram/ram_reg may get memory collision error if read and write address collide. Use of address collision resolution circuitry is recommended.
Related violations: <none>

TIMING-9#1 Warning
Unknown CDC Logic  
One or more asynchronous Clock Domain Crossing has been detected between 2 clock domains through a set_false_path or a set_clock_groups or set_max_delay -datapath_only constraint but no double-registers logic synchronizer has been found on the side of the capture clock. It is recommended to run report_cdc for a complete and detailed CDC coverage. Please consider using XPM_CDC to avoid Critical severities
Related violations: <none>

TIMING-10#1 Warning
Missing property on synchronizer  
One or more logic synchronizer has been detected between 2 clock domains but the synchronizer does not have the property ASYNC_REG defined on one or both registers. It is recommended to run report_cdc for a complete and detailed CDC coverage
Related violations: <none>

TIMING-18#1 Warning
Missing input or output delay  
An input delay is missing on cmos1_db[0] relative to clock(s) cmos1_pclk, cmos2_pclk
Related violations: <none>

TIMING-18#2 Warning
Missing input or output delay  
An input delay is missing on cmos1_db[1] relative to clock(s) cmos1_pclk, cmos2_pclk
Related violations: <none>

TIMING-18#3 Warning
Missing input or output delay  
An input delay is missing on cmos1_db[2] relative to clock(s) cmos1_pclk, cmos2_pclk
Related violations: <none>

TIMING-18#4 Warning
Missing input or output delay  
An input delay is missing on cmos1_db[3] relative to clock(s) cmos1_pclk, cmos2_pclk
Related violations: <none>

TIMING-18#5 Warning
Missing input or output delay  
An input delay is missing on cmos1_db[4] relative to clock(s) cmos1_pclk, cmos2_pclk
Related violations: <none>

TIMING-18#6 Warning
Missing input or output delay  
An input delay is missing on cmos1_db[5] relative to clock(s) cmos1_pclk, cmos2_pclk
Related violations: <none>

TIMING-18#7 Warning
Missing input or output delay  
An input delay is missing on cmos1_db[6] relative to clock(s) cmos1_pclk, cmos2_pclk
Related violations: <none>

TIMING-18#8 Warning
Missing input or output delay  
An input delay is missing on cmos1_db[7] relative to clock(s) cmos1_pclk, cmos2_pclk
Related violations: <none>

TIMING-18#9 Warning
Missing input or output delay  
An input delay is missing on cmos1_db[8] relative to clock(s) cmos1_pclk, cmos2_pclk
Related violations: <none>

TIMING-18#10 Warning
Missing input or output delay  
An input delay is missing on cmos1_db[9] relative to clock(s) cmos1_pclk, cmos2_pclk
Related violations: <none>

TIMING-18#11 Warning
Missing input or output delay  
An input delay is missing on cmos1_href relative to clock(s) cmos1_pclk, cmos2_pclk, rx_clk
Related violations: <none>

TIMING-18#12 Warning
Missing input or output delay  
An input delay is missing on cmos1_scl relative to clock(s) sys_clk
Related violations: <none>

TIMING-18#13 Warning
Missing input or output delay  
An input delay is missing on cmos1_sda relative to clock(s) sys_clk
Related violations: <none>

TIMING-18#14 Warning
Missing input or output delay  
An input delay is missing on cmos1_vsync relative to clock(s) cmos1_pclk, cmos2_pclk, rx_clk
Related violations: <none>

TIMING-18#15 Warning
Missing input or output delay  
An input delay is missing on cmos2_db[0] relative to clock(s) cmos1_pclk, cmos2_pclk
Related violations: <none>

TIMING-18#16 Warning
Missing input or output delay  
An input delay is missing on cmos2_db[1] relative to clock(s) cmos1_pclk, cmos2_pclk
Related violations: <none>

TIMING-18#17 Warning
Missing input or output delay  
An input delay is missing on cmos2_db[2] relative to clock(s) cmos1_pclk, cmos2_pclk
Related violations: <none>

TIMING-18#18 Warning
Missing input or output delay  
An input delay is missing on cmos2_db[3] relative to clock(s) cmos1_pclk, cmos2_pclk
Related violations: <none>

TIMING-18#19 Warning
Missing input or output delay  
An input delay is missing on cmos2_db[4] relative to clock(s) cmos1_pclk, cmos2_pclk
Related violations: <none>

TIMING-18#20 Warning
Missing input or output delay  
An input delay is missing on cmos2_db[5] relative to clock(s) cmos1_pclk, cmos2_pclk
Related violations: <none>

TIMING-18#21 Warning
Missing input or output delay  
An input delay is missing on cmos2_db[6] relative to clock(s) cmos1_pclk, cmos2_pclk
Related violations: <none>

TIMING-18#22 Warning
Missing input or output delay  
An input delay is missing on cmos2_db[7] relative to clock(s) cmos1_pclk, cmos2_pclk
Related violations: <none>

TIMING-18#23 Warning
Missing input or output delay  
An input delay is missing on cmos2_db[8] relative to clock(s) cmos1_pclk, cmos2_pclk
Related violations: <none>

TIMING-18#24 Warning
Missing input or output delay  
An input delay is missing on cmos2_db[9] relative to clock(s) cmos1_pclk, cmos2_pclk
Related violations: <none>

TIMING-18#25 Warning
Missing input or output delay  
An input delay is missing on cmos2_href relative to clock(s) cmos1_pclk, cmos2_pclk, rx_clk
Related violations: <none>

TIMING-18#26 Warning
Missing input or output delay  
An input delay is missing on cmos2_scl relative to clock(s) sys_clk
Related violations: <none>

TIMING-18#27 Warning
Missing input or output delay  
An input delay is missing on cmos2_sda relative to clock(s) sys_clk
Related violations: <none>

TIMING-18#28 Warning
Missing input or output delay  
An input delay is missing on cmos2_vsync relative to clock(s) cmos1_pclk, cmos2_pclk, rx_clk
Related violations: <none>

TIMING-18#29 Warning
Missing input or output delay  
An input delay is missing on key relative to clock(s) sys_clk
Related violations: <none>

TIMING-18#30 Warning
Missing input or output delay  
An input delay is missing on rgmii_rxctl relative to clock(s) rx_clk
Related violations: <none>

TIMING-18#31 Warning
Missing input or output delay  
An input delay is missing on rgmii_rxd[0] relative to clock(s) rx_clk
Related violations: <none>

TIMING-18#32 Warning
Missing input or output delay  
An input delay is missing on rgmii_rxd[1] relative to clock(s) rx_clk
Related violations: <none>

TIMING-18#33 Warning
Missing input or output delay  
An input delay is missing on rgmii_rxd[2] relative to clock(s) rx_clk
Related violations: <none>

TIMING-18#34 Warning
Missing input or output delay  
An input delay is missing on rgmii_rxd[3] relative to clock(s) rx_clk
Related violations: <none>

TIMING-18#35 Warning
Missing input or output delay  
An input delay is missing on rst_n relative to clock(s) rx_clk, sys_clk
Related violations: <none>

TIMING-18#36 Warning
Missing input or output delay  
An output delay is missing on rgmii_txc relative to clock(s) rx_clk
Related violations: <none>

TIMING-18#37 Warning
Missing input or output delay  
An output delay is missing on rgmii_txctl relative to clock(s) rx_clk
Related violations: <none>

TIMING-18#38 Warning
Missing input or output delay  
An output delay is missing on rgmii_txd[0] relative to clock(s) rx_clk
Related violations: <none>

TIMING-18#39 Warning
Missing input or output delay  
An output delay is missing on rgmii_txd[1] relative to clock(s) rx_clk
Related violations: <none>

TIMING-18#40 Warning
Missing input or output delay  
An output delay is missing on rgmii_txd[2] relative to clock(s) rx_clk
Related violations: <none>

TIMING-18#41 Warning
Missing input or output delay  
An output delay is missing on rgmii_txd[3] relative to clock(s) rx_clk
Related violations: <none>

TIMING-38#1 Warning
Bus skew constraint applied on multiple clocks  
Multiple clocks involved on source or destination of a bus skew constraint (see constraint position 12 in the Timing Constraint Window in Vivado IDE). It is recommended to have only one source clock and one destination clock per bus skew constraint. First endpoint covered by the constraint: camera_fifo_inst/U0/inst_fifo_gen/gconvfifo.rf/grf.rf/gntv_or_sync_fifo.gcx.clkx/rd_pntr_cdc_inst/dest_graysync_ff_reg[0][0]/D
Related violations: <none>

TIMING-38#2 Warning
Bus skew constraint applied on multiple clocks  
Multiple clocks involved on source or destination of a bus skew constraint (see constraint position 14 in the Timing Constraint Window in Vivado IDE). It is recommended to have only one source clock and one destination clock per bus skew constraint. First endpoint covered by the constraint: camera_fifo_inst/U0/inst_fifo_gen/gconvfifo.rf/grf.rf/gntv_or_sync_fifo.gcx.clkx/wr_pntr_cdc_inst/dest_graysync_ff_reg[0][0]/D
Related violations: <none>


