Copyright 1986-2019 Xilinx, Inc. All Rights Reserved.
-------------------------------------------------------------------------------------------
| Tool Version : Vivado v.2019.1 (win64) Build 2552052 Fri May 24 14:49:42 MDT 2019
| Date         : Fri Mar  3 17:51:44 2023
| Host         : DESKTOP-AOVMD3L running 64-bit major release  (build 9200)
| Command      : report_control_sets -verbose -file video_ethernet_control_sets_placed.rpt
| Design       : video_ethernet
| Device       : xc7a35t
-------------------------------------------------------------------------------------------

Control Set Information

Table of Contents
-----------------
1. Summary
2. Histogram
3. Flip-Flop Distribution
4. Detailed Control Set Information

1. Summary
----------

+----------------------------------------------------------+-------+
|                          Status                          | Count |
+----------------------------------------------------------+-------+
| Total control sets                                       |   101 |
|    Minimum number of control sets                        |   101 |
|    Addition due to synthesis replication                 |     0 |
|    Addition due to physical synthesis replication        |     0 |
| Unused register locations in slices containing registers |    69 |
+----------------------------------------------------------+-------+
* Control sets can be merged at opt_design using control_set_merge or merge_equivalent_drivers
** Run report_qor_suggestions for automated merging and remapping suggestions


2. Histogram
------------

+--------------------+-------+
|       Fanout       | Count |
+--------------------+-------+
| Total control sets |   101 |
| >= 0 to < 4        |     1 |
| >= 4 to < 6        |     2 |
| >= 6 to < 8        |     7 |
| >= 8 to < 10       |    59 |
| >= 10 to < 12      |     4 |
| >= 12 to < 14      |     0 |
| >= 14 to < 16      |     1 |
| >= 16              |    27 |
+--------------------+-------+
* Control sets can be remapped at either synth_design or opt_design


3. Flip-Flop Distribution
-------------------------

+--------------+-----------------------+------------------------+-----------------+--------------+
| Clock Enable | Synchronous Set/Reset | Asynchronous Set/Reset | Total Registers | Total Slices |
+--------------+-----------------------+------------------------+-----------------+--------------+
| No           | No                    | No                     |             179 |           51 |
| No           | No                    | Yes                    |             921 |          303 |
| No           | Yes                   | No                     |              17 |            5 |
| Yes          | No                    | No                     |               0 |            0 |
| Yes          | No                    | Yes                    |            1266 |          330 |
| Yes          | Yes                   | No                     |              60 |           15 |
+--------------+-----------------------+------------------------+-----------------+--------------+


4. Detailed Control Set Information
-----------------------------------

+------------------------------------+-----------------------------------------------------------------------------------------------------+-----------------------------------------------------------------------------------------------------------------------------+------------------+----------------+
|            Clock Signal            |                                            Enable Signal                                            |                                                       Set/Reset Signal                                                      | Slice Load Count | Bel Load Count |
+------------------------------------+-----------------------------------------------------------------------------------------------------+-----------------------------------------------------------------------------------------------------------------------------+------------------+----------------+
|  cmos_select_inst/cmos_pclk_BUFG   |                                                                                                     | camera_fifo_inst/U0/inst_fifo_gen/gconvfifo.rf/grf.rf/rstblk/ngwrdrst.grst.g7serrst.gsckt_wrst.gic_rst.sckt_wr_rst_ic_reg_0 |                1 |              3 |
|  util_gmii_to_rgmii_m0/gmii_tx_clk | mac_test0/mac_top0/mac_rx0/ip0/header_length_buf0                                                   | mac_test0/mac_top0/mac_rx0/mac0/rst_n                                                                                       |                2 |              4 |
|  util_gmii_to_rgmii_m0/gmii_tx_clk | mac_test0/mac_top0/mac_rx0/mac0/preamble_cnt[3]_i_1_n_0                                             | mac_test0/mac_top0/mac_rx0/mac0/rst_n                                                                                       |                1 |              4 |
|  sys_clk_IBUF_BUFG                 |                                                                                                     |                                                                                                                             |                6 |              6 |
|  sys_clk_IBUF_BUFG                 | i2c_config_m1/i2c_master_top_m0/byte_controller/bit_controller/FSM_sequential_c_state[4]_i_1__0_n_0 | mac_test0/mac_top0/mac_rx0/mac0/rst_n                                                                                       |                3 |              6 |
|  sys_clk_IBUF_BUFG                 | i2c_config_m0/i2c_master_top_m0/byte_controller/bit_controller/fSCL[2]_i_1_n_0                      | mac_test0/mac_top0/mac_rx0/mac0/rst_n                                                                                       |                3 |              6 |
|  sys_clk_IBUF_BUFG                 | i2c_config_m0/i2c_master_top_m0/byte_controller/bit_controller/FSM_sequential_c_state[4]_i_1_n_0    | mac_test0/mac_top0/mac_rx0/mac0/rst_n                                                                                       |                4 |              6 |
|  sys_clk_IBUF_BUFG                 | i2c_config_m1/i2c_master_top_m0/byte_controller/bit_controller/fSCL[2]_i_1__0_n_0                   | mac_test0/mac_top0/mac_rx0/mac0/rst_n                                                                                       |                3 |              6 |
|  sys_clk_IBUF_BUFG                 | i2c_config_m0/i2c_master_top_m0/byte_controller/bit_controller/E[0]                                 | mac_test0/mac_top0/mac_rx0/mac0/rst_n                                                                                       |                4 |              7 |
|  sys_clk_IBUF_BUFG                 | i2c_config_m1/i2c_master_top_m0/byte_controller/bit_controller/E[0]                                 | mac_test0/mac_top0/mac_rx0/mac0/rst_n                                                                                       |                3 |              7 |
|  util_gmii_to_rgmii_m0/gmii_tx_clk | mac_test0/mac_top0/mac_rx0/arp0/arp_rec_destination_mac_addr[23]_i_1_n_0                            | mac_test0/mac_top0/mac_rx0/mac0/rst_n                                                                                       |                2 |              8 |
|  util_gmii_to_rgmii_m0/gmii_tx_clk | mac_test0/mac_top0/mac_rx0/mac0/crc_rec[31]                                                         | mac_test0/mac_top0/mac_rx0/mac0/rst_n                                                                                       |                1 |              8 |
|  util_gmii_to_rgmii_m0/gmii_tx_clk | mac_test0/mac_top0/mac_rx0/mac0/crc_check[23]                                                       | mac_test0/mac_top0/mac_rx0/mac0/rst_n                                                                                       |                2 |              8 |
|  util_gmii_to_rgmii_m0/gmii_tx_clk | mac_test0/mac_top0/mac_rx0/mac0/crc_rec[7]                                                          | mac_test0/mac_top0/mac_rx0/mac0/rst_n                                                                                       |                1 |              8 |
|  util_gmii_to_rgmii_m0/gmii_tx_clk | mac_test0/mac_top0/mac_rx0/mac0/crc_check[15]                                                       | mac_test0/mac_top0/mac_rx0/mac0/rst_n                                                                                       |                2 |              8 |
|  util_gmii_to_rgmii_m0/gmii_tx_clk | mac_test0/mac_top0/mac_rx0/arp0/arp_rec_op[7]_i_1_n_0                                               | mac_test0/mac_top0/mac_rx0/mac0/rst_n                                                                                       |                2 |              8 |
|  util_gmii_to_rgmii_m0/gmii_tx_clk | mac_test0/mac_top0/mac_rx0/arp0/arp_rec_op[15]_i_1_n_0                                              | mac_test0/mac_top0/mac_rx0/mac0/rst_n                                                                                       |                2 |              8 |
|  util_gmii_to_rgmii_m0/gmii_tx_clk | mac_test0/mac_top0/mac_rx0/arp0/arp_rec_destination_mac_addr[31]_i_1_n_0                            | mac_test0/mac_top0/mac_rx0/mac0/rst_n                                                                                       |                2 |              8 |
|  util_gmii_to_rgmii_m0/gmii_tx_clk | mac_test0/mac_top0/mac_rx0/arp0/arp_rec_destination_mac_addr[47]_i_1_n_0                            | mac_test0/mac_top0/mac_rx0/mac0/rst_n                                                                                       |                1 |              8 |
|  util_gmii_to_rgmii_m0/gmii_tx_clk | mac_test0/mac_top0/mac_rx0/arp0/arp_rec_source_ip_addr[31]_i_1_n_0                                  | mac_test0/mac_top0/mac_rx0/mac0/rst_n                                                                                       |                2 |              8 |
|  util_gmii_to_rgmii_m0/gmii_tx_clk | mac_test0/mac_top0/mac_rx0/arp0/arp_rec_source_ip_addr[15]_i_1_n_0                                  | mac_test0/mac_top0/mac_rx0/mac0/rst_n                                                                                       |                2 |              8 |
|  util_gmii_to_rgmii_m0/gmii_tx_clk | mac_test0/mac_top0/mac_rx0/arp0/arp_rec_source_ip_addr[7]_i_1_n_0                                   | mac_test0/mac_top0/mac_rx0/mac0/rst_n                                                                                       |                3 |              8 |
|  util_gmii_to_rgmii_m0/gmii_tx_clk | mac_test0/mac_top0/mac_rx0/arp0/arp_rec_destination_ip_addr[7]_i_1_n_0                              | mac_test0/mac_top0/mac_rx0/mac0/rst_n                                                                                       |                3 |              8 |
|  util_gmii_to_rgmii_m0/gmii_tx_clk | mac_test0/mac_top0/mac_rx0/arp0/arp_rec_destination_mac_addr[39]_i_1_n_0                            | mac_test0/mac_top0/mac_rx0/mac0/rst_n                                                                                       |                2 |              8 |
|  util_gmii_to_rgmii_m0/gmii_tx_clk | mac_test0/mac_top0/mac_rx0/arp0/arp_rec_destination_mac_addr[7]_i_1_n_0                             | mac_test0/mac_top0/mac_rx0/mac0/rst_n                                                                                       |                3 |              8 |
|  util_gmii_to_rgmii_m0/gmii_tx_clk | mac_test0/mac_top0/mac_rx0/mac0/frame_type[11]                                                      | mac_test0/mac_top0/mac_rx0/mac0/rst_n                                                                                       |                1 |              8 |
|  util_gmii_to_rgmii_m0/gmii_tx_clk | mac_test0/mac_top0/mac_rx0/arp0/arp_rec_destination_mac_addr[15]_i_1_n_0                            | mac_test0/mac_top0/mac_rx0/mac0/rst_n                                                                                       |                1 |              8 |
|  util_gmii_to_rgmii_m0/gmii_tx_clk | mac_test0/mac_top0/mac_rx0/arp0/arp_rec_source_ip_addr[23]_i_1_n_0                                  | mac_test0/mac_top0/mac_rx0/mac0/rst_n                                                                                       |                3 |              8 |
|  util_gmii_to_rgmii_m0/gmii_tx_clk | mac_test0/mac_top0/mac_rx0/arp0/arp_rec_source_mac_addr[31]_i_1_n_0                                 | mac_test0/mac_top0/mac_rx0/mac0/rst_n                                                                                       |                1 |              8 |
|  util_gmii_to_rgmii_m0/gmii_tx_clk | mac_test0/mac_top0/mac_rx0/arp0/arp_rec_source_mac_addr[15]_i_1_n_0                                 | mac_test0/mac_top0/mac_rx0/mac0/rst_n                                                                                       |                1 |              8 |
|  util_gmii_to_rgmii_m0/gmii_tx_clk | mac_test0/mac_top0/mac_rx0/arp0/arp_rec_source_mac_addr[47]_i_1_n_0                                 | mac_test0/mac_top0/mac_rx0/mac0/rst_n                                                                                       |                2 |              8 |
|  util_gmii_to_rgmii_m0/gmii_tx_clk | mac_test0/mac_top0/mac_rx0/arp0/arp_rec_source_mac_addr[7]_i_1_n_0                                  | mac_test0/mac_top0/mac_rx0/mac0/rst_n                                                                                       |                1 |              8 |
|  util_gmii_to_rgmii_m0/gmii_tx_clk | mac_test0/mac_top0/mac_rx0/arp0/arp_rec_source_mac_addr[23]_i_1_n_0                                 | mac_test0/mac_top0/mac_rx0/mac0/rst_n                                                                                       |                1 |              8 |
|  util_gmii_to_rgmii_m0/gmii_tx_clk | mac_test0/mac_top0/mac_rx0/mac0/frame_type[3]                                                       | mac_test0/mac_top0/mac_rx0/mac0/rst_n                                                                                       |                2 |              8 |
|  util_gmii_to_rgmii_m0/gmii_tx_clk | mac_test0/mac_top0/mac_rx0/arp0/arp_rec_source_mac_addr[39]_i_1_n_0                                 | mac_test0/mac_top0/mac_rx0/mac0/rst_n                                                                                       |                1 |              8 |
|  util_gmii_to_rgmii_m0/gmii_tx_clk | mac_test0/mac_top0/mac_rx0/arp0/p_0_in[23]                                                          | mac_test0/mac_top0/mac_rx0/mac0/rst_n                                                                                       |                2 |              8 |
|  util_gmii_to_rgmii_m0/gmii_tx_clk | mac_test0/mac_top0/mac_rx0/arp0/p_0_in[31]                                                          | mac_test0/mac_top0/mac_rx0/mac0/rst_n                                                                                       |                2 |              8 |
|  util_gmii_to_rgmii_m0/gmii_tx_clk | mac_test0/mac_top0/mac_rx0/arp0/p_0_in[15]                                                          | mac_test0/mac_top0/mac_rx0/mac0/rst_n                                                                                       |                1 |              8 |
|  util_gmii_to_rgmii_m0/gmii_tx_clk | mac_test0/mac_top0/mac_rx0/mac0/crc_rec[23]                                                         | mac_test0/mac_top0/mac_rx0/mac0/rst_n                                                                                       |                3 |              8 |
|  util_gmii_to_rgmii_m0/gmii_tx_clk | mac_test0/mac_top0/mac_rx0/ip0/ip_rec_data_length[7]_i_1_n_0                                        | mac_test0/mac_top0/mac_rx0/mac0/rst_n                                                                                       |                3 |              8 |
|  util_gmii_to_rgmii_m0/gmii_tx_clk | mac_test0/mac_top0/mac_rx0/ip0/ip_rec_destination_addr[15]_i_1_n_0                                  | mac_test0/mac_top0/mac_rx0/mac0/rst_n                                                                                       |                2 |              8 |
|  util_gmii_to_rgmii_m0/gmii_tx_clk | mac_test0/mac_top0/mac_rx0/ip0/ip_rec_destination_addr[7]_i_1_n_0                                   | mac_test0/mac_top0/mac_rx0/mac0/rst_n                                                                                       |                1 |              8 |
|  util_gmii_to_rgmii_m0/gmii_tx_clk | mac_test0/mac_top0/mac_rx0/ip0/ip_rec_destination_addr[31]_i_1_n_0                                  | mac_test0/mac_top0/mac_rx0/mac0/rst_n                                                                                       |                3 |              8 |
|  util_gmii_to_rgmii_m0/gmii_tx_clk | mac_test0/mac_top0/mac_rx0/ip0/ip_rec_destination_addr[23]_i_1_n_0                                  | mac_test0/mac_top0/mac_rx0/mac0/rst_n                                                                                       |                2 |              8 |
|  util_gmii_to_rgmii_m0/gmii_tx_clk | mac_test0/mac_top0/mac_rx0/ip0/ip_rec_data_length1                                                  | mac_test0/mac_top0/mac_rx0/mac0/rst_n                                                                                       |                3 |              8 |
|  util_gmii_to_rgmii_m0/gmii_tx_clk | mac_test0/mac_top0/mac_rx0/ip0/net_protocol0                                                        | mac_test0/mac_top0/mac_rx0/mac0/rst_n                                                                                       |                2 |              8 |
|  util_gmii_to_rgmii_m0/gmii_tx_clk | mac_test0/mac_top0/icmp0/p_0_in                                                                     | mac_test0/mac_top0/mac_rx0/mac0/rst_n                                                                                       |                3 |              8 |
|  util_gmii_to_rgmii_m0/gmii_tx_clk | mac_test0/mac_top0/icmp0/icmp_id[7]_i_1_n_0                                                         | mac_test0/mac_top0/mac_rx0/mac0/rst_n                                                                                       |                2 |              8 |
|  util_gmii_to_rgmii_m0/gmii_tx_clk | mac_test0/mac_top0/icmp0/icmp_seq[7]_i_1_n_0                                                        | mac_test0/mac_top0/mac_rx0/mac0/rst_n                                                                                       |                2 |              8 |
|  util_gmii_to_rgmii_m0/gmii_tx_clk | mac_test0/mac_top0/icmp0/icmp_seq[15]_i_1_n_0                                                       | mac_test0/mac_top0/mac_rx0/mac0/rst_n                                                                                       |                1 |              8 |
|  util_gmii_to_rgmii_m0/gmii_tx_clk | mac_test0/mac_top0/icmp0/icmp_code[7]_i_1_n_0                                                       | mac_test0/mac_top0/mac_rx0/mac0/rst_n                                                                                       |                2 |              8 |
|  util_gmii_to_rgmii_m0/gmii_tx_clk | mac_test0/mac_top0/mac_tx0/mac0/mac_tx_data_tmp[7]_i_1_n_0                                          | mac_test0/mac_top0/mac_rx0/mac0/rst_n                                                                                       |                2 |              8 |
|  util_gmii_to_rgmii_m0/gmii_tx_clk | mac_test0/mac_top0/mac_rx0/mac0/mac_rx_destination_mac_addr[7]_i_1_n_0                              | mac_test0/mac_top0/mac_rx0/mac0/rst_n                                                                                       |                2 |              8 |
|  util_gmii_to_rgmii_m0/gmii_tx_clk | mac_test0/mac_top0/mac_rx0/mac0/preamble[39]_i_1_n_0                                                | mac_test0/mac_top0/mac_rx0/mac0/rst_n                                                                                       |                2 |              8 |
|  util_gmii_to_rgmii_m0/gmii_tx_clk | mac_test0/mac_top0/mac_rx0/mac0/preamble[23]_i_1_n_0                                                | mac_test0/mac_top0/mac_rx0/mac0/rst_n                                                                                       |                1 |              8 |
|  util_gmii_to_rgmii_m0/gmii_tx_clk | mac_test0/mac_top0/mac_rx0/mac0/preamble[31]_i_1_n_0                                                | mac_test0/mac_top0/mac_rx0/mac0/rst_n                                                                                       |                1 |              8 |
|  util_gmii_to_rgmii_m0/gmii_tx_clk | mac_test0/mac_top0/mac_rx0/mac0/preamble[47]_i_1_n_0                                                | mac_test0/mac_top0/mac_rx0/mac0/rst_n                                                                                       |                2 |              8 |
|  util_gmii_to_rgmii_m0/gmii_tx_clk | mac_test0/mac_top0/mac_rx0/mac0/mac_rx_destination_mac_addr[15]_i_1_n_0                             | mac_test0/mac_top0/mac_rx0/mac0/rst_n                                                                                       |                2 |              8 |
|  util_gmii_to_rgmii_m0/gmii_tx_clk | mac_test0/mac_top0/mac_rx0/mac0/mac_rx_destination_mac_addr[39]_i_1_n_0                             | mac_test0/mac_top0/mac_rx0/mac0/rst_n                                                                                       |                2 |              8 |
|  util_gmii_to_rgmii_m0/gmii_tx_clk | mac_test0/mac_top0/mac_rx0/mac0/preamble[63]_i_1_n_0                                                | mac_test0/mac_top0/mac_rx0/mac0/rst_n                                                                                       |                2 |              8 |
|  util_gmii_to_rgmii_m0/gmii_tx_clk | mac_test0/mac_top0/mac_rx0/mac0/mac_rx_destination_mac_addr[31]_i_1_n_0                             | mac_test0/mac_top0/mac_rx0/mac0/rst_n                                                                                       |                1 |              8 |
|  util_gmii_to_rgmii_m0/gmii_tx_clk | mac_test0/mac_top0/mac_rx0/mac0/preamble[7]_i_1_n_0                                                 | mac_test0/mac_top0/mac_rx0/mac0/rst_n                                                                                       |                2 |              8 |
|  util_gmii_to_rgmii_m0/gmii_tx_clk | mac_test0/mac_top0/mac_rx0/mac0/mac_rx_destination_mac_addr[47]_i_1_n_0                             | mac_test0/mac_top0/mac_rx0/mac0/rst_n                                                                                       |                2 |              8 |
|  util_gmii_to_rgmii_m0/gmii_tx_clk | mac_test0/mac_top0/mac_rx0/mac0/preamble[15]_i_1_n_0                                                | mac_test0/mac_top0/mac_rx0/mac0/rst_n                                                                                       |                2 |              8 |
|  util_gmii_to_rgmii_m0/gmii_tx_clk | mac_test0/mac_top0/mac_rx0/mac0/mac_rx_destination_mac_addr[23]_i_1_n_0                             | mac_test0/mac_top0/mac_rx0/mac0/rst_n                                                                                       |                2 |              8 |
|  util_gmii_to_rgmii_m0/gmii_tx_clk | mac_test0/mac_top0/mac_rx0/mac0/preamble[55]_i_1_n_0                                                | mac_test0/mac_top0/mac_rx0/mac0/rst_n                                                                                       |                2 |              8 |
|  util_gmii_to_rgmii_m0/gmii_tx_clk | mac_test0/mac_top0/mac_rx0/mac0/crc_check[7]                                                        | mac_test0/mac_top0/mac_rx0/mac0/rst_n                                                                                       |                1 |              8 |
|  util_gmii_to_rgmii_m0/gmii_tx_clk | mac_test0/mac_top0/mac_rx0/mac0/crc_check[31]                                                       | mac_test0/mac_top0/mac_rx0/mac0/rst_n                                                                                       |                2 |              8 |
|  util_gmii_to_rgmii_m0/gmii_tx_clk | mac_test0/mac_top0/mac_rx0/mac0/crc_rec[15]                                                         | mac_test0/mac_top0/mac_rx0/mac0/rst_n                                                                                       |                1 |              8 |
|  sys_clk_IBUF_BUFG                 | i2c_config_m1/i2c_master_top_m0/E[0]                                                                | mac_test0/mac_top0/mac_rx0/mac0/rst_n                                                                                       |                6 |             10 |
|  sys_clk_IBUF_BUFG                 | i2c_config_m0/i2c_master_top_m0/E[0]                                                                | mac_test0/mac_top0/mac_rx0/mac0/rst_n                                                                                       |                7 |             10 |
|  sys_clk_IBUF_BUFG                 | i2c_config_m1/i2c_master_top_m0/byte_controller/dcnt                                                | mac_test0/mac_top0/mac_rx0/mac0/rst_n                                                                                       |                3 |             11 |
|  sys_clk_IBUF_BUFG                 | i2c_config_m0/i2c_master_top_m0/byte_controller/dcnt                                                | mac_test0/mac_top0/mac_rx0/mac0/rst_n                                                                                       |                3 |             11 |
|  util_gmii_to_rgmii_m0/gmii_tx_clk |                                                                                                     | camera_fifo_inst/U0/inst_fifo_gen/gconvfifo.rf/grf.rf/rstblk/ngwrdrst.grst.g7serrst.gsckt_wrst.gic_rst.sckt_rd_rst_ic_reg_0 |                4 |             14 |
|  util_gmii_to_rgmii_m0/gmii_tx_clk | mac_test0/mac_top0/mac_rx0/ip0/check_out[15]_i_1_n_0                                                | mac_test0/mac_top0/mac_rx0/mac0/rst_n                                                                                       |                4 |             16 |
|  util_gmii_to_rgmii_m0/gmii_tx_clk | mac_test0/mac_top0/icmp0/icmp_data_length                                                           | mac_test0/mac_top0/mac_rx0/mac0/rst_n                                                                                       |                5 |             16 |
|  util_gmii_to_rgmii_m0/gmii_tx_clk | mac_test0/identify_code_d0                                                                          | mac_test0/mac_top0/mac_rx0/mac0/rst_n                                                                                       |               10 |             16 |
|  util_gmii_to_rgmii_m0/gmii_tx_clk | mac_test0/identify_code[0]_i_1_n_0                                                                  | mac_test0/mac_top0/mac_rx0/mac0/rst_n                                                                                       |                4 |             16 |
|  util_gmii_to_rgmii_m0/gmii_tx_clk | mac_test0/mac_top0/mac_tx0/ip0/checksum                                                             | mac_test0/mac_top0/mac_rx0/mac0/rst_n                                                                                       |                6 |             16 |
|  sys_clk_IBUF_BUFG                 | i2c_config_m1/i2c_master_top_m0/byte_controller/bit_controller/cnt[15]_i_1__0_n_0                   | mac_test0/mac_top0/mac_rx0/mac0/rst_n                                                                                       |                7 |             16 |
|  sys_clk_IBUF_BUFG                 | cmos_select_inst/key_counter[0]_i_1_n_0                                                             | mac_test0/mac_top0/mac_rx0/mac0/rst_n                                                                                       |                4 |             16 |
|  util_gmii_to_rgmii_m0/gmii_tx_clk | mac_test0/mac_top0/icmp0/reply_checkout_buf                                                         | mac_test0/mac_top0/mac_rx0/mac0/rst_n                                                                                       |                5 |             16 |
|  util_gmii_to_rgmii_m0/gmii_tx_clk | mac_test0/mac_top0/mac_rx0/ip0/ip_total_data_length[15]_i_1_n_0                                     | mac_test0/mac_top0/mac_rx0/mac0/rst_n                                                                                       |                3 |             16 |
|  sys_clk_IBUF_BUFG                 | i2c_config_m0/i2c_master_top_m0/byte_controller/bit_controller/cnt[15]_i_1_n_0                      | mac_test0/mac_top0/mac_rx0/mac0/rst_n                                                                                       |                6 |             16 |
|  util_gmii_to_rgmii_m0/gmii_tx_clk | camera_fifo_inst/U0/inst_fifo_gen/gconvfifo.rf/grf.rf/gntv_or_sync_fifo.gl0.rd/gras.rsts/p_8_out    | camera_fifo_inst/U0/inst_fifo_gen/gconvfifo.rf/grf.rf/rstblk/ngwrdrst.grst.g7serrst.gsckt_wrst.gic_rst.sckt_rd_rst_ic_reg_0 |                4 |             24 |
|  util_gmii_to_rgmii_m0/gmii_tx_clk | mac_test0/mac_top0/icmp0/checksum_tmp                                                               | mac_test0/mac_top0/mac_rx0/mac0/rst_n                                                                                       |                9 |             32 |
|  util_gmii_to_rgmii_m0/gmii_tx_clk | mac_test0/mac_top0/mac_tx0/mac0/E[0]                                                                | mac_test0/mac_top0/mac_rx0/mac0/rst_n                                                                                       |                6 |             32 |
|  util_gmii_to_rgmii_m0/gmii_tx_clk | mac_test0/mac_top0/mac_rx0/mac0/E[0]                                                                | mac_test0/mac_top0/mac_rx0/mac0/rst_n                                                                                       |                7 |             32 |
|  util_gmii_to_rgmii_m0/gmii_tx_clk | mac_test0/mac_top0/mac_rx0/mac0/E[0]                                                                | mac_test0/mac_top0/mac_rx0/mac0/AS[0]                                                                                       |                9 |             32 |
|  util_gmii_to_rgmii_m0/gmii_tx_clk | mac_test0/mac_top0/mac_tx0/mac0/E[0]                                                                | mac_test0/mac_top0/mac_tx0/mac0/AS[0]                                                                                       |               10 |             32 |
|  util_gmii_to_rgmii_m0/gmii_tx_clk | mac_test0/mac_top0/icmp0/reply_checksum_tmp                                                         | mac_test0/mac_top0/mac_rx0/mac0/rst_n                                                                                       |               13 |             32 |
|  util_gmii_to_rgmii_m0/gmii_tx_clk | mac_test0/mac_top0/mac_rx0/ip0/checksum_tmp0                                                        | mac_test0/mac_top0/mac_rx0/mac0/rst_n                                                                                       |                8 |             32 |
|  util_gmii_to_rgmii_m0/gmii_tx_clk | mac_test0/mac_top0/icmp0/check_out                                                                  | mac_test0/mac_top0/mac_rx0/mac0/rst_n                                                                                       |                6 |             34 |
|  cmos_select_inst/cmos_pclk_BUFG   | camera_fifo_inst/U0/inst_fifo_gen/gconvfifo.rf/grf.rf/gntv_or_sync_fifo.gl0.wr/gwas.wsts/E[0]       | camera_fifo_inst/U0/inst_fifo_gen/gconvfifo.rf/grf.rf/rstblk/ngwrdrst.grst.g7serrst.gsckt_wrst.gic_rst.sckt_wr_rst_ic_reg_0 |               11 |             36 |
|  util_gmii_to_rgmii_m0/gmii_tx_clk | mac_test0/mac_top0/mac_rx0/arp0/arp_found_reg_0                                                     | mac_test0/mac_top0/mac_rx0/mac0/rst_n                                                                                       |               20 |             80 |
|  util_gmii_to_rgmii_m0/gmii_tx_clk | mac_test0/mac_top0/mac_tx0/arp_tx0/arp_tx_ready0                                                    | mac_test0/mac_top0/mac_rx0/mac0/rst_n                                                                                       |               16 |             80 |
|  cmos_select_inst/cmos_pclk_BUFG   |                                                                                                     |                                                                                                                             |               18 |             90 |
|  util_gmii_to_rgmii_m0/gmii_tx_clk |                                                                                                     |                                                                                                                             |               27 |             94 |
|  sys_clk_IBUF_BUFG                 |                                                                                                     | mac_test0/mac_top0/mac_rx0/mac0/rst_n                                                                                       |               51 |            108 |
|  util_gmii_to_rgmii_m0/gmii_tx_clk | mac_test0/mac_top0/mac_tx0/ip0/checksum_tmp2[4]_i_1_n_0                                             | mac_test0/mac_top0/mac_rx0/mac0/rst_n                                                                                       |               21 |            128 |
|  util_gmii_to_rgmii_m0/gmii_tx_clk |                                                                                                     | mac_test0/mac_top0/mac_rx0/mac0/rst_n                                                                                       |              252 |            813 |
+------------------------------------+-----------------------------------------------------------------------------------------------------+-----------------------------------------------------------------------------------------------------------------------------+------------------+----------------+


