Copyright 1986-2019 Xilinx, Inc. All Rights Reserved.
------------------------------------------------------------------------------------
| Tool Version : Vivado v.2019.1 (win64) Build 2552052 Fri May 24 14:49:42 MDT 2019
| Date         : Thu Aug 15 11:44:51 2019
| Host         : PC-201805041311 running 64-bit major release  (build 9200)
| Command      : report_control_sets -verbose -file top_control_sets_placed.rpt
| Design       : top
| Device       : xc7a35t
------------------------------------------------------------------------------------

Control Set Information

Table of Contents
-----------------
1. Summary
2. Histogram
3. Flip-Flop Distribution
4. Detailed Control Set Information

1. Summary
----------

+----------------------------------------------------------+-------+
|                          Status                          | Count |
+----------------------------------------------------------+-------+
| Total control sets                                       |    28 |
|    Minimum number of control sets                        |    28 |
|    Addition due to synthesis replication                 |     0 |
|    Addition due to physical synthesis replication        |     0 |
| Unused register locations in slices containing registers |   102 |
+----------------------------------------------------------+-------+
* Control sets can be merged at opt_design using control_set_merge or merge_equivalent_drivers
** Run report_qor_suggestions for automated merging and remapping suggestions


2. Histogram
------------

+--------------------+-------+
|       Fanout       | Count |
+--------------------+-------+
| Total control sets |    28 |
| >= 0 to < 4        |     3 |
| >= 4 to < 6        |     3 |
| >= 6 to < 8        |     3 |
| >= 8 to < 10       |     3 |
| >= 10 to < 12      |     4 |
| >= 12 to < 14      |     5 |
| >= 14 to < 16      |     0 |
| >= 16              |     7 |
+--------------------+-------+
* Control sets can be remapped at either synth_design or opt_design


3. Flip-Flop Distribution
-------------------------

+--------------+-----------------------+------------------------+-----------------+--------------+
| Clock Enable | Synchronous Set/Reset | Asynchronous Set/Reset | Total Registers | Total Slices |
+--------------+-----------------------+------------------------+-----------------+--------------+
| No           | No                    | No                     |              94 |           30 |
| No           | No                    | Yes                    |              65 |           20 |
| No           | Yes                   | No                     |              70 |           23 |
| Yes          | No                    | No                     |               0 |            0 |
| Yes          | No                    | Yes                    |             192 |           49 |
| Yes          | Yes                   | No                     |              29 |           12 |
+--------------+-----------------------+------------------------+-----------------+--------------+


4. Detailed Control Set Information
-----------------------------------

+-----------------------------+-----------------------------------------------------+---------------------------------------------------------------+------------------+----------------+
|         Clock Signal        |                    Enable Signal                    |                        Set/Reset Signal                       | Slice Load Count | Bel Load Count |
+-----------------------------+-----------------------------------------------------+---------------------------------------------------------------+------------------+----------------+
|  adc_pll_m0/inst/clk_out1   | ad7606_if_m0/ad_convstab_i_1_n_0                    | ad7606_if_m0/SR[0]                                            |                1 |              1 |
|  adc_pll_m0/inst/clk_out1   | ad7606_if_m0/ad_rd_i_1_n_0                          | ad7606_if_m0/SR[0]                                            |                1 |              1 |
|  adc_pll_m0/inst/clk_out1   | ad7606_if_m0/ad_cs_i_1_n_0                          | ad7606_if_m0/SR[0]                                            |                1 |              1 |
|  video_pll_m0/inst/clk_out1 |                                                     | wav_display_m1/timing_gen_xy_m0/region_active_reg             |                2 |              4 |
|  video_pll_m0/inst/clk_out1 |                                                     | wav_display_m0/timing_gen_xy_m0/region_active_reg             |                1 |              4 |
|  adc_pll_m0/inst/clk_out1   | ad7606_if_m0/FSM_sequential_state[3]_i_1_n_0        | ad7606_if_m0/SR[0]                                            |                1 |              4 |
|  video_pll_m0/inst/clk_out1 |                                                     | rgb2dvi_m0/DataEncoders[0].DataEncoder/pDataOutRaw[9]_i_1_n_0 |                3 |              6 |
|  adc_pll_m0/inst/clk_out1   | ad7606_if_m0/i                                      | ad7606_if_m0/SR[0]                                            |                4 |              6 |
|  adc_pll_m0/inst/clk_out1   |                                                     | ad7606_sample_m1/rst_n                                        |                4 |              7 |
|  adc_pll_m0/inst/clk_out1   | ad7606_if_m0/ad_ch1[15]_i_1_n_0                     | ad7606_if_m0/SR[0]                                            |                2 |              8 |
|  adc_pll_m0/inst/clk_out1   | ad7606_if_m0/ad_ch2[15]_i_1_n_0                     | ad7606_if_m0/SR[0]                                            |                2 |              8 |
|  video_pll_m0/inst/clk_out1 |                                                     | grid_display_m0/timing_gen_xy_m0/SR[0]                        |                3 |              9 |
|  video_pll_m0/inst/clk_out1 |                                                     | wav_display_m1/timing_gen_xy_m0/SR[0]                         |                2 |             10 |
|  video_pll_m0/inst/clk_out1 |                                                     | wav_display_m0/timing_gen_xy_m0/SR[0]                         |                2 |             10 |
|  adc_pll_m0/inst/clk_out1   | ad7606_if_m0/E[0]                                   | ad7606_sample_m1/rst_n                                        |                3 |             10 |
|  adc_pll_m0/inst/clk_out1   | ad7606_if_m0/FSM_sequential_state_reg[2]_0[0]       | ad7606_sample_m1/rst_n                                        |                3 |             10 |
|  video_pll_m0/inst/clk_out1 | wav_display_m1/timing_gen_xy_m0/y_cnt[0]_i_1__1_n_0 | ad7606_sample_m1/rst_n                                        |                3 |             12 |
|  video_pll_m0/inst/clk_out1 | wav_display_m0/timing_gen_xy_m0/y_cnt[0]_i_1__0_n_0 | ad7606_sample_m1/rst_n                                        |                3 |             12 |
|  video_pll_m0/inst/clk_out1 | grid_display_m0/timing_gen_xy_m0/y_cnt[0]_i_1_n_0   | ad7606_sample_m1/rst_n                                        |                3 |             12 |
|  video_pll_m0/inst/clk_out1 | color_bar_m0/p_0_in                                 | ad7606_sample_m1/rst_n                                        |                4 |             12 |
|  video_pll_m0/inst/clk_out1 | color_bar_m0/v_cnt                                  | ad7606_sample_m1/rst_n                                        |                2 |             12 |
|  adc_pll_m0/inst/clk_out1   | ad7606_if_m0/sel                                    | ad7606_sample_m1/rst_n                                        |                4 |             16 |
|  video_pll_m0/inst/clk_out1 |                                                     | rgb2dvi_m0/DataEncoders[0].DataEncoder/SR[0]                  |               10 |             27 |
|  adc_pll_m0/inst/clk_out1   | ad7606_if_m0/FSM_sequential_state_reg[1]_0[0]       | ad7606_sample_m1/rst_n                                        |                6 |             32 |
|  adc_pll_m0/inst/clk_out1   | ad7606_sample_m0/wait_cnt                           | ad7606_sample_m1/rst_n                                        |                9 |             32 |
|  adc_pll_m0/inst/clk_out1   | ad7606_sample_m1/wait_cnt                           | ad7606_sample_m1/rst_n                                        |                9 |             32 |
|  video_pll_m0/inst/clk_out1 |                                                     | ad7606_sample_m1/rst_n                                        |               16 |             58 |
|  video_pll_m0/inst/clk_out1 |                                                     |                                                               |               31 |            103 |
+-----------------------------+-----------------------------------------------------+---------------------------------------------------------------+------------------+----------------+


