Copyright 1986-2019 Xilinx, Inc. All Rights Reserved.
-------------------------------------------------------------------------------------------------------------------------------
| Tool Version     : Vivado v.2019.1 (win64) Build 2552052 Fri May 24 14:49:42 MDT 2019
| Date             : Wed Aug 14 16:41:24 2019
| Host             : PC-201805041311 running 64-bit major release  (build 9200)
| Command          : report_power -file top_power_routed.rpt -pb top_power_summary_routed.pb -rpx top_power_routed.rpx
| Design           : top
| Device           : xc7a35tfgg484-2
| Design State     : routed
| Grade            : commercial
| Process          : typical
| Characterization : Production
-------------------------------------------------------------------------------------------------------------------------------

Power Report

Table of Contents
-----------------
1. Summary
1.1 On-Chip Components
1.2 Power Supply Summary
1.3 Confidence Level
2. Settings
2.1 Environment
2.2 Clock Constraints
3. Detailed Reports
3.1 By Hierarchy

1. Summary
----------

+--------------------------+--------------+
| Total On-Chip Power (W)  | 1.144        |
| Design Power Budget (W)  | Unspecified* |
| Power Budget Margin (W)  | NA           |
| Dynamic (W)              | 1.069        |
| Device Static (W)        | 0.075        |
| Effective TJA (C/W)      | 2.8          |
| Max Ambient (C)          | 81.8         |
| Junction Temperature (C) | 28.2         |
| Confidence Level         | Low          |
| Setting File             | ---          |
| Simulation Activity File | ---          |
| Design Nets Matched      | NA           |
+--------------------------+--------------+
* Specify Design Power Budget using, set_operating_conditions -design_power_budget <value in Watts>


1.1 On-Chip Components
----------------------

+--------------------------+-----------+----------+-----------+-----------------+
| On-Chip                  | Power (W) | Used     | Available | Utilization (%) |
+--------------------------+-----------+----------+-----------+-----------------+
| Clocks                   |     0.039 |       27 |       --- |             --- |
| Slice Logic              |     0.017 |    17343 |       --- |             --- |
|   LUT as Logic           |     0.015 |     7031 |     20800 |           33.80 |
|   Register               |    <0.001 |     6766 |     41600 |           16.26 |
|   LUT as Distributed RAM |    <0.001 |      524 |      9600 |            5.46 |
|   CARRY4                 |    <0.001 |      318 |      8150 |            3.90 |
|   LUT as Shift Register  |    <0.001 |      201 |      9600 |            2.09 |
|   F7/F8 Muxes            |    <0.001 |       70 |     32600 |            0.21 |
|   BUFG                   |    <0.001 |        1 |        32 |            3.13 |
|   Others                 |    <0.001 |      410 |       --- |             --- |
| Signals                  |     0.022 |    13261 |       --- |             --- |
| Block RAM                |     0.004 |      3.5 |        50 |            7.00 |
| MMCM                     |     0.322 |        3 |         5 |           60.00 |
| PLL                      |     0.092 |        1 |         5 |           20.00 |
| I/O                      |     0.434 |       88 |       250 |           35.20 |
| PHASER                   |     0.134 |       14 |       --- |             --- |
| XADC                     |     0.004 |        1 |       --- |             --- |
| Static Power             |     0.075 |          |           |                 |
| Total                    |     1.144 |          |           |                 |
+--------------------------+-----------+----------+-----------+-----------------+


1.2 Power Supply Summary
------------------------

+-----------+-------------+-----------+-------------+------------+
| Source    | Voltage (V) | Total (A) | Dynamic (A) | Static (A) |
+-----------+-------------+-----------+-------------+------------+
| Vccint    |       1.000 |     0.139 |       0.128 |      0.011 |
| Vccaux    |       1.800 |     0.355 |       0.342 |      0.013 |
| Vcco33    |       3.300 |     0.041 |       0.040 |      0.001 |
| Vcco25    |       2.500 |     0.000 |       0.000 |      0.000 |
| Vcco18    |       1.800 |     0.000 |       0.000 |      0.000 |
| Vcco15    |       1.500 |     0.127 |       0.126 |      0.001 |
| Vcco135   |       1.350 |     0.000 |       0.000 |      0.000 |
| Vcco12    |       1.200 |     0.000 |       0.000 |      0.000 |
| Vccaux_io |       1.800 |     0.000 |       0.000 |      0.000 |
| Vccbram   |       1.000 |     0.000 |       0.000 |      0.000 |
| MGTAVcc   |       1.000 |     0.000 |       0.000 |      0.000 |
| MGTAVtt   |       1.200 |     0.000 |       0.000 |      0.000 |
| Vccadc    |       1.800 |     0.022 |       0.002 |      0.020 |
+-----------+-------------+-----------+-------------+------------+


1.3 Confidence Level
--------------------

+-----------------------------+------------+--------------------------------------------------------+------------------------------------------------------------------------------------------------------------+
| User Input Data             | Confidence | Details                                                | Action                                                                                                     |
+-----------------------------+------------+--------------------------------------------------------+------------------------------------------------------------------------------------------------------------+
| Design implementation state | High       | Design is routed                                       |                                                                                                            |
| Clock nodes activity        | High       | User specified more than 95% of clocks                 |                                                                                                            |
| I/O nodes activity          | Low        | More than 75% of inputs are missing user specification | Provide missing input activity with simulation results or by editing the "By Resource Type -> I/Os" view   |
| Internal nodes activity     | Medium     | User specified less than 25% of internal nodes         | Provide missing internal nodes activity with simulation results or by editing the "By Resource Type" views |
| Device models               | High       | Device models are Production                           |                                                                                                            |
|                             |            |                                                        |                                                                                                            |
| Overall confidence level    | Low        |                                                        |                                                                                                            |
+-----------------------------+------------+--------------------------------------------------------+------------------------------------------------------------------------------------------------------------+


2. Settings
-----------

2.1 Environment
---------------

+-----------------------+--------------------------+
| Ambient Temp (C)      | 25.0                     |
| ThetaJA (C/W)         | 2.8                      |
| Airflow (LFM)         | 250                      |
| Heat Sink             | medium (Medium Profile)  |
| ThetaSA (C/W)         | 4.6                      |
| Board Selection       | medium (10"x10")         |
| # of Board Layers     | 12to15 (12 to 15 Layers) |
| Board Temperature (C) | 25.0                     |
+-----------------------+--------------------------+


2.2 Clock Constraints
---------------------

+-----------------------------------------------------------------------------------------------------------------------------------------------------------+--------------------------------------------------------------------------------------------------------------------------------------------------------------------------------------+-----------------+
| Clock                                                                                                                                                     | Domain                                                                                                                                                                               | Constraint (ns) |
+-----------------------------------------------------------------------------------------------------------------------------------------------------------+--------------------------------------------------------------------------------------------------------------------------------------------------------------------------------------+-----------------+
| clk_out1_clk_200M                                                                                                                                         | clk_refm0/inst/clk_out1_clk_200M                                                                                                                                                     |             5.0 |
| clk_out1_video_pll                                                                                                                                        | video_pll_m0/inst/clk_out1_video_pll                                                                                                                                                 |            15.4 |
| clk_out2_video_pll                                                                                                                                        | video_pll_m0/inst/clk_out2_video_pll                                                                                                                                                 |             3.1 |
| clk_pll_i                                                                                                                                                 | u_ddr3/u_ddr3_mig/u_ddr3_infrastructure/clk_pll_i                                                                                                                                    |            10.0 |
| clkfbout_clk_200M                                                                                                                                         | clk_refm0/inst/clkfbout_clk_200M                                                                                                                                                     |            20.0 |
| clkfbout_video_pll                                                                                                                                        | video_pll_m0/inst/clkfbout_video_pll                                                                                                                                                 |            20.0 |
| freq_refclk                                                                                                                                               | u_ddr3/u_ddr3_mig/u_ddr3_infrastructure/freq_refclk                                                                                                                                  |             1.3 |
| iserdes_clkdiv                                                                                                                                            | u_ddr3/u_ddr3_mig/u_memc_ui_top_axi/mem_intfc0/ddr_phy_top0/u_ddr_mc_phy_wrapper/u_ddr_mc_phy/ddr_phy_4lanes_0.u_ddr_phy_4lanes/ddr_byte_lane_C.ddr_byte_lane_C/iserdes_clkdiv       |            10.0 |
| iserdes_clkdiv_1                                                                                                                                          | u_ddr3/u_ddr3_mig/u_memc_ui_top_axi/mem_intfc0/ddr_phy_top0/u_ddr_mc_phy_wrapper/u_ddr_mc_phy/ddr_phy_4lanes_0.u_ddr_phy_4lanes/ddr_byte_lane_D.ddr_byte_lane_D/iserdes_clkdiv       |            10.0 |
| mem_refclk                                                                                                                                                | u_ddr3/u_ddr3_mig/u_ddr3_infrastructure/mem_refclk                                                                                                                                   |             2.5 |
| oserdes_clk                                                                                                                                               | u_ddr3/u_ddr3_mig/u_memc_ui_top_axi/mem_intfc0/ddr_phy_top0/u_ddr_mc_phy_wrapper/u_ddr_mc_phy/ddr_phy_4lanes_0.u_ddr_phy_4lanes/ddr_byte_lane_A.ddr_byte_lane_A/oserdes_clk          |             2.5 |
| oserdes_clk_1                                                                                                                                             | u_ddr3/u_ddr3_mig/u_memc_ui_top_axi/mem_intfc0/ddr_phy_top0/u_ddr_mc_phy_wrapper/u_ddr_mc_phy/ddr_phy_4lanes_0.u_ddr_phy_4lanes/ddr_byte_lane_B.ddr_byte_lane_B/oserdes_clk          |             2.5 |
| oserdes_clk_2                                                                                                                                             | u_ddr3/u_ddr3_mig/u_memc_ui_top_axi/mem_intfc0/ddr_phy_top0/u_ddr_mc_phy_wrapper/u_ddr_mc_phy/ddr_phy_4lanes_0.u_ddr_phy_4lanes/ddr_byte_lane_C.ddr_byte_lane_C/oserdes_clk          |             2.5 |
| oserdes_clk_3                                                                                                                                             | u_ddr3/u_ddr3_mig/u_memc_ui_top_axi/mem_intfc0/ddr_phy_top0/u_ddr_mc_phy_wrapper/u_ddr_mc_phy/ddr_phy_4lanes_0.u_ddr_phy_4lanes/ddr_byte_lane_D.ddr_byte_lane_D/oserdes_clk          |             2.5 |
| oserdes_clkdiv                                                                                                                                            | u_ddr3/u_ddr3_mig/u_memc_ui_top_axi/mem_intfc0/ddr_phy_top0/u_ddr_mc_phy_wrapper/u_ddr_mc_phy/ddr_phy_4lanes_0.u_ddr_phy_4lanes/ddr_byte_lane_A.ddr_byte_lane_A/oserdes_clkdiv       |            10.0 |
| oserdes_clkdiv_1                                                                                                                                          | u_ddr3/u_ddr3_mig/u_memc_ui_top_axi/mem_intfc0/ddr_phy_top0/u_ddr_mc_phy_wrapper/u_ddr_mc_phy/ddr_phy_4lanes_0.u_ddr_phy_4lanes/ddr_byte_lane_B.ddr_byte_lane_B/oserdes_clkdiv       |            10.0 |
| oserdes_clkdiv_2                                                                                                                                          | u_ddr3/u_ddr3_mig/u_memc_ui_top_axi/mem_intfc0/ddr_phy_top0/u_ddr_mc_phy_wrapper/u_ddr_mc_phy/ddr_phy_4lanes_0.u_ddr_phy_4lanes/ddr_byte_lane_C.ddr_byte_lane_C/oserdes_clkdiv       |             5.0 |
| oserdes_clkdiv_3                                                                                                                                          | u_ddr3/u_ddr3_mig/u_memc_ui_top_axi/mem_intfc0/ddr_phy_top0/u_ddr_mc_phy_wrapper/u_ddr_mc_phy/ddr_phy_4lanes_0.u_ddr_phy_4lanes/ddr_byte_lane_D.ddr_byte_lane_D/oserdes_clkdiv       |             5.0 |
| pll_clk3_out                                                                                                                                              | u_ddr3/u_ddr3_mig/u_ddr3_infrastructure/pll_clk3_out                                                                                                                                 |            10.0 |
| pll_clkfbout                                                                                                                                              | u_ddr3/u_ddr3_mig/u_ddr3_infrastructure/pll_clkfbout                                                                                                                                 |             5.0 |
| sync_pulse                                                                                                                                                | u_ddr3/u_ddr3_mig/u_ddr3_infrastructure/sync_pulse                                                                                                                                   |            40.0 |
| sys_clk                                                                                                                                                   | sys_clk                                                                                                                                                                              |            20.0 |
| sys_clk                                                                                                                                                   | sys_clk_IBUF_BUFG                                                                                                                                                                    |            20.0 |
| u_memc_ui_top_axi/mem_intfc0/ddr_phy_top0/u_ddr_mc_phy_wrapper/u_ddr_mc_phy/ddr_phy_4lanes_0.u_ddr_phy_4lanes/ddr_byte_lane_C.ddr_byte_lane_C/iserdes_clk | u_ddr3/u_ddr3_mig/u_memc_ui_top_axi/mem_intfc0/ddr_phy_top0/u_ddr_mc_phy_wrapper/u_ddr_mc_phy/ddr_phy_4lanes_0.u_ddr_phy_4lanes/ddr_byte_lane_C.ddr_byte_lane_C/A_rst_primitives_reg |             2.5 |
| u_memc_ui_top_axi/mem_intfc0/ddr_phy_top0/u_ddr_mc_phy_wrapper/u_ddr_mc_phy/ddr_phy_4lanes_0.u_ddr_phy_4lanes/ddr_byte_lane_D.ddr_byte_lane_D/iserdes_clk | u_ddr3/u_ddr3_mig/u_memc_ui_top_axi/mem_intfc0/ddr_phy_top0/u_ddr_mc_phy_wrapper/u_ddr_mc_phy/ddr_phy_4lanes_0.u_ddr_phy_4lanes/ddr_byte_lane_D.ddr_byte_lane_D/A_rst_primitives_reg |             2.5 |
+-----------------------------------------------------------------------------------------------------------------------------------------------------------+--------------------------------------------------------------------------------------------------------------------------------------------------------------------------------------+-----------------+


3. Detailed Reports
-------------------

3.1 By Hierarchy
----------------

+------------------------------------+-----------+
| Name                               | Power (W) |
+------------------------------------+-----------+
| top                                |     1.069 |
|   clk_refm0                        |     0.106 |
|     inst                           |     0.106 |
|   frame_read_write_m0              |     0.007 |
|     read_buf                       |     0.002 |
|       U0                           |     0.002 |
|     write_buf                      |     0.003 |
|       U0                           |     0.003 |
|   i2c_config_m0                    |     0.001 |
|     i2c_master_top_m0              |     0.001 |
|   i2c_config_m1                    |     0.001 |
|     i2c_master_top_m0              |     0.001 |
|   rgb2dvi_m0                       |     0.136 |
|     ClockSerializer                |     0.033 |
|     DataEncoders[0].DataSerializer |     0.035 |
|     DataEncoders[1].DataSerializer |     0.034 |
|     DataEncoders[2].DataSerializer |     0.034 |
|   sobel_m0                         |     0.003 |
|     linebuffer_Wapper_m0           |     0.002 |
|       lb1                          |     0.002 |
|   u_aq_axi_master                  |     0.002 |
|   u_ddr3                           |     0.685 |
|     u_ddr3_mig                     |     0.685 |
|       temp_mon_enabled.u_tempmon   |     0.007 |
|       u_ddr3_infrastructure        |     0.188 |
|       u_memc_ui_top_axi            |     0.490 |
|   video_pll_m0                     |     0.121 |
|     inst                           |     0.121 |
+------------------------------------+-----------+


