Copyright 1986-2019 Xilinx, Inc. All Rights Reserved.
------------------------------------------------------------------------------------
| Tool Version : Vivado v.2019.1 (win64) Build 2552052 Fri May 24 14:49:42 MDT 2019
| Date         : Thu Aug 15 14:14:01 2019
| Host         : PC-201805041311 running 64-bit major release  (build 9200)
| Command      : report_control_sets -verbose -file top_control_sets_placed.rpt
| Design       : top
| Device       : xc7a35t
------------------------------------------------------------------------------------

Control Set Information

Table of Contents
-----------------
1. Summary
2. Histogram
3. Flip-Flop Distribution
4. Detailed Control Set Information

1. Summary
----------

+----------------------------------------------------------+-------+
|                          Status                          | Count |
+----------------------------------------------------------+-------+
| Total control sets                                       |    15 |
|    Minimum number of control sets                        |    15 |
|    Addition due to synthesis replication                 |     0 |
|    Addition due to physical synthesis replication        |     0 |
| Unused register locations in slices containing registers |    61 |
+----------------------------------------------------------+-------+
* Control sets can be merged at opt_design using control_set_merge or merge_equivalent_drivers
** Run report_qor_suggestions for automated merging and remapping suggestions


2. Histogram
------------

+--------------------+-------+
|       Fanout       | Count |
+--------------------+-------+
| Total control sets |    15 |
| >= 0 to < 4        |     0 |
| >= 4 to < 6        |     1 |
| >= 6 to < 8        |     1 |
| >= 8 to < 10       |     2 |
| >= 10 to < 12      |     3 |
| >= 12 to < 14      |     4 |
| >= 14 to < 16      |     0 |
| >= 16              |     4 |
+--------------------+-------+
* Control sets can be remapped at either synth_design or opt_design


3. Flip-Flop Distribution
-------------------------

+--------------+-----------------------+------------------------+-----------------+--------------+
| Clock Enable | Synchronous Set/Reset | Asynchronous Set/Reset | Total Registers | Total Slices |
+--------------+-----------------------+------------------------+-----------------+--------------+
| No           | No                    | No                     |              88 |           27 |
| No           | No                    | Yes                    |              57 |           19 |
| No           | Yes                   | No                     |              56 |           19 |
| Yes          | No                    | No                     |               0 |            0 |
| Yes          | No                    | Yes                    |              90 |           22 |
| Yes          | Yes                   | No                     |               0 |            0 |
+--------------+-----------------------+------------------------+-----------------+--------------+


4. Detailed Control Set Information
-----------------------------------

+-----------------------------+-----------------------------------------------------+---------------------------------------------------------------+------------------+----------------+
|         Clock Signal        |                    Enable Signal                    |                        Set/Reset Signal                       | Slice Load Count | Bel Load Count |
+-----------------------------+-----------------------------------------------------+---------------------------------------------------------------+------------------+----------------+
|  video_pll_m0/inst/clk_out1 |                                                     | wav_display_m0/timing_gen_xy_m0/region_active_reg_1           |                1 |              4 |
|  video_pll_m0/inst/clk_out1 |                                                     | rgb2dvi_m0/DataEncoders[0].DataEncoder/pDataOutRaw[9]_i_1_n_0 |                2 |              6 |
|  adda_pll_m0/inst/clk_out2  |                                                     |                                                               |                3 |              9 |
|  video_pll_m0/inst/clk_out1 |                                                     | grid_display_m0/timing_gen_xy_m0/SR[0]                        |                2 |              9 |
|  adda_pll_m0/inst/clk_out1  | ad9280_sample_m0/wea[0]                             | ad9280_sample_m0/AR[0]                                        |                2 |             10 |
|  video_pll_m0/inst/clk_out1 |                                                     | wav_display_m0/timing_gen_xy_m0/SR[0]                         |                2 |             10 |
|  adda_pll_m0/inst/clk_out1  |                                                     | ad9280_sample_m0/AR[0]                                        |                5 |             11 |
|  video_pll_m0/inst/clk_out1 | wav_display_m0/timing_gen_xy_m0/y_cnt[0]_i_1__0_n_0 | ad9280_sample_m0/AR[0]                                        |                3 |             12 |
|  video_pll_m0/inst/clk_out1 | grid_display_m0/timing_gen_xy_m0/y_cnt[0]_i_1_n_0   | ad9280_sample_m0/AR[0]                                        |                3 |             12 |
|  video_pll_m0/inst/clk_out1 | color_bar_m0/active_x[11]_i_1_n_0                   | ad9280_sample_m0/AR[0]                                        |                3 |             12 |
|  video_pll_m0/inst/clk_out1 | color_bar_m0/v_cnt_0                                | ad9280_sample_m0/AR[0]                                        |                4 |             12 |
|  video_pll_m0/inst/clk_out1 |                                                     | rgb2dvi_m0/DataEncoders[0].DataEncoder/SR[0]                  |               12 |             27 |
|  adda_pll_m0/inst/clk_out1  | ad9280_sample_m0/wait_cnt_0                         | ad9280_sample_m0/AR[0]                                        |                7 |             32 |
|  video_pll_m0/inst/clk_out1 |                                                     | ad9280_sample_m0/AR[0]                                        |               14 |             46 |
|  video_pll_m0/inst/clk_out1 |                                                     |                                                               |               25 |             86 |
+-----------------------------+-----------------------------------------------------+---------------------------------------------------------------+------------------+----------------+


