Copyright 1986-2019 Xilinx, Inc. All Rights Reserved.
-----------------------------------------------------------------------------------------------------------------------------------------------
| Tool Version : Vivado v.2019.1 (win64) Build 2552052 Fri May 24 14:49:42 MDT 2019
| Date         : Thu Aug 15 14:14:23 2019
| Host         : PC-201805041311 running 64-bit major release  (build 9200)
| Command      : report_methodology -file top_methodology_drc_routed.rpt -pb top_methodology_drc_routed.pb -rpx top_methodology_drc_routed.rpx
| Design       : top
| Device       : xc7a35tfgg484-2
| Speed File   : -2
| Design State : Fully Routed
-----------------------------------------------------------------------------------------------------------------------------------------------

Report Methodology

Table of Contents
-----------------
1. REPORT SUMMARY
2. REPORT DETAILS

1. REPORT SUMMARY
-----------------
            Netlist: netlist
          Floorplan: design_1
      Design limits: <entire design considered>
             Max violations: <unlimited>
             Violations found: 1
+---------+----------+------------------------------+------------+
| Rule    | Severity | Description                  | Violations |
+---------+----------+------------------------------+------------+
| LUTAR-1 | Warning  | LUT drives async reset alert | 1          |
+---------+----------+------------------------------+------------+

2. REPORT DETAILS
-----------------
LUTAR-1#1 Warning
LUT drives async reset alert  
LUT cell ad9280_sample_m0/FSM_onehot_state[2]_i_3, with 2 or more inputs, drives asynchronous preset/clear pin(s) color_bar_m0/active_x_reg[0]/CLR, color_bar_m0/active_x_reg[10]/CLR, color_bar_m0/active_x_reg[11]/CLR, color_bar_m0/active_x_reg[1]/CLR, color_bar_m0/active_x_reg[2]/CLR, color_bar_m0/active_x_reg[3]/CLR, color_bar_m0/active_x_reg[4]/CLR, color_bar_m0/active_x_reg[5]/CLR, color_bar_m0/active_x_reg[6]/CLR, color_bar_m0/active_x_reg[7]/CLR, color_bar_m0/active_x_reg[8]/CLR, color_bar_m0/active_x_reg[9]/CLR, color_bar_m0/h_active_reg/CLR, color_bar_m0/h_cnt_reg[0]/CLR, color_bar_m0/h_cnt_reg[10]/CLR (the first 15 of 147 listed). The LUT may glitch and trigger an unexpected reset, even if it is a properly timed path.
Related violations: <none>


