Copyright 1986-2019 Xilinx, Inc. All Rights Reserved.
------------------------------------------------------------------------------------
| Tool Version : Vivado v.2019.1 (win64) Build 2552052 Fri May 24 14:49:42 MDT 2019
| Date         : Fri Aug  2 14:30:34 2019
| Host         : PC-201805041311 running 64-bit major release  (build 9200)
| Command      : report_control_sets -verbose -file top_control_sets_placed.rpt
| Design       : top
| Device       : xc7a35t
------------------------------------------------------------------------------------

Control Set Information

Table of Contents
-----------------
1. Summary
2. Histogram
3. Flip-Flop Distribution
4. Detailed Control Set Information

1. Summary
----------

+----------------------------------------------------------+-------+
|                          Status                          | Count |
+----------------------------------------------------------+-------+
| Total control sets                                       |    48 |
|    Minimum number of control sets                        |    48 |
|    Addition due to synthesis replication                 |     0 |
|    Addition due to physical synthesis replication        |     0 |
| Unused register locations in slices containing registers |   108 |
+----------------------------------------------------------+-------+
* Control sets can be merged at opt_design using control_set_merge or merge_equivalent_drivers
** Run report_qor_suggestions for automated merging and remapping suggestions


2. Histogram
------------

+--------------------+-------+
|       Fanout       | Count |
+--------------------+-------+
| Total control sets |    48 |
| >= 0 to < 4        |     5 |
| >= 4 to < 6        |     4 |
| >= 6 to < 8        |     2 |
| >= 8 to < 10       |    19 |
| >= 10 to < 12      |     4 |
| >= 12 to < 14      |     1 |
| >= 14 to < 16      |     0 |
| >= 16              |    13 |
+--------------------+-------+
* Control sets can be remapped at either synth_design or opt_design


3. Flip-Flop Distribution
-------------------------

+--------------+-----------------------+------------------------+-----------------+--------------+
| Clock Enable | Synchronous Set/Reset | Asynchronous Set/Reset | Total Registers | Total Slices |
+--------------+-----------------------+------------------------+-----------------+--------------+
| No           | No                    | No                     |             103 |           31 |
| No           | No                    | Yes                    |              93 |           40 |
| No           | Yes                   | No                     |              18 |            7 |
| Yes          | No                    | No                     |              47 |           11 |
| Yes          | No                    | Yes                    |             447 |          117 |
| Yes          | Yes                   | No                     |              24 |            7 |
+--------------+-----------------------+------------------------+-----------------+--------------+


4. Detailed Control Set Information
-----------------------------------

+--------------------+---------------------------------------------------------------------------------------------------------+-----------------------------------------------------------------------------------------------------------------------------------------------------+------------------+----------------+
|    Clock Signal    |                                              Enable Signal                                              |                                                                   Set/Reset Signal                                                                  | Slice Load Count | Bel Load Count |
+--------------------+---------------------------------------------------------------------------------------------------------+-----------------------------------------------------------------------------------------------------------------------------------------------------+------------------+----------------+
|  sys_clk_IBUF_BUFG | sd_card_audio_m0/sd_card_top_m0/sd_card_cmd_m0/CS_reg                                                   | sd_card_audio_m0/sd_card_top_m0/sd_card_sec_read_write_m0/AR[0]                                                                                     |                1 |              1 |
|  sys_clk_IBUF_BUFG |                                                                                                         | sd_card_audio_m0/audio_buf/U0/inst_fifo_gen/gconvfifo.rf/grf.rf/rstblk/rst_d2                                                                       |                1 |              2 |
|  sys_clk_IBUF_BUFG |                                                                                                         | sd_card_audio_m0/audio_buf/U0/inst_fifo_gen/gconvfifo.rf/grf.rf/rstblk/ngwrdrst.grst.g7serrst.gnsckt_wrst.gic_rst.sckt_rd_rst_ic_reg_0[0]           |                1 |              2 |
|  sys_clk_IBUF_BUFG | sd_card_audio_m0/wav_read_m0/state_code[1]_i_1_n_0                                                      | sd_card_audio_m0/sd_card_top_m0/sd_card_sec_read_write_m0/AR[0]                                                                                     |                1 |              2 |
|  sys_clk_IBUF_BUFG |                                                                                                         | sd_card_audio_m0/audio_buf/U0/inst_fifo_gen/gconvfifo.rf/grf.rf/rstblk/ngwrdrst.grst.g7serrst.gnsckt_wrst.gic_rst.rst_rd_reg2_inst/arststages_ff[1] |                2 |              3 |
|  sys_clk_IBUF_BUFG | sd_card_audio_m0/sd_card_top_m0/sd_card_sec_read_write_m0/FSM_sequential_state[3]_i_1__0_n_0            | sd_card_audio_m0/sd_card_top_m0/sd_card_sec_read_write_m0/AR[0]                                                                                     |                1 |              4 |
|  sys_clk_IBUF_BUFG | i2c_config_m0/i2c_master_top_m0/byte_controller/bit_controller/c_state                                  |                                                                                                                                                     |                1 |              4 |
|  sys_clk_IBUF_BUFG | sd_card_audio_m0/sd_card_top_m0/sd_card_cmd_m0/FSM_sequential_state[4]_i_1_n_0                          | sd_card_audio_m0/sd_card_top_m0/sd_card_sec_read_write_m0/AR[0]                                                                                     |                4 |              5 |
|  sys_clk_IBUF_BUFG | i2c_config_m0/i2c_master_top_m0/byte_controller/bit_controller/FSM_sequential_c_state[4]_i_1_n_0        |                                                                                                                                                     |                3 |              5 |
|  sys_clk_IBUF_BUFG | i2c_config_m0/i2c_master_top_m0/byte_controller/bit_controller/filter_cnt[13]_i_1_n_0                   |                                                                                                                                                     |                1 |              6 |
|  sys_clk_IBUF_BUFG | sd_card_audio_m0/sd_card_top_m0/spi_master_m0/clk_edge_cnt[4]_i_1_n_0                                   | sd_card_audio_m0/sd_card_top_m0/sd_card_sec_read_write_m0/AR[0]                                                                                     |                3 |              6 |
|  sys_clk_IBUF_BUFG | sd_card_audio_m0/wav_read_m0/header_5[7]_i_1_n_0                                                        |                                                                                                                                                     |                1 |              8 |
|  sys_clk_IBUF_BUFG | sd_card_audio_m0/wav_read_m0/header_2[7]_i_1_n_0                                                        | sd_card_audio_m0/sd_card_top_m0/sd_card_sec_read_write_m0/AR[0]                                                                                     |                2 |              8 |
|  sys_clk_IBUF_BUFG | sd_card_audio_m0/wav_read_m0/header_4[7]_i_1_n_0                                                        |                                                                                                                                                     |                2 |              8 |
|  sys_clk_IBUF_BUFG | sd_card_audio_m0/wav_read_m0/header_3[7]_i_1_n_0                                                        | sd_card_audio_m0/sd_card_top_m0/sd_card_sec_read_write_m0/AR[0]                                                                                     |                3 |              8 |
|  sys_clk_IBUF_BUFG | sd_card_audio_m0/wav_read_m0/header_6[7]_i_1_n_0                                                        |                                                                                                                                                     |                1 |              8 |
|  sys_clk_IBUF_BUFG | sd_card_audio_m0/wav_read_m0/wav_data[7]_i_1_n_0                                                        | sd_card_audio_m0/sd_card_top_m0/sd_card_sec_read_write_m0/AR[0]                                                                                     |                3 |              8 |
|  sys_clk_IBUF_BUFG | sd_card_audio_m0/sd_card_top_m0/spi_master_m0/MISO_shift[7]_i_1_n_0                                     | sd_card_audio_m0/sd_card_top_m0/sd_card_sec_read_write_m0/AR[0]                                                                                     |                2 |              8 |
|  sys_clk_IBUF_BUFG | sd_card_audio_m0/sd_card_top_m0/spi_master_m0/E[0]                                                      | sd_card_audio_m0/sd_card_top_m0/sd_card_sec_read_write_m0/AR[0]                                                                                     |                3 |              8 |
|  sys_clk_IBUF_BUFG | sd_card_audio_m0/sd_card_top_m0/sd_card_cmd_m0/block_read_data0                                         | sd_card_audio_m0/sd_card_top_m0/sd_card_sec_read_write_m0/AR[0]                                                                                     |                3 |              8 |
|  sys_clk_IBUF_BUFG | sd_card_audio_m0/wav_read_m0/file_len[7]_i_1_n_0                                                        | sd_card_audio_m0/sd_card_top_m0/sd_card_sec_read_write_m0/AR[0]                                                                                     |                2 |              8 |
|  sys_clk_IBUF_BUFG | sd_card_audio_m0/wav_read_m0/file_len[15]_i_1_n_0                                                       | sd_card_audio_m0/sd_card_top_m0/sd_card_sec_read_write_m0/AR[0]                                                                                     |                2 |              8 |
|  sys_clk_IBUF_BUFG | sd_card_audio_m0/wav_read_m0/file_len[23]_i_1_n_0                                                       | sd_card_audio_m0/sd_card_top_m0/sd_card_sec_read_write_m0/AR[0]                                                                                     |                1 |              8 |
|  sys_clk_IBUF_BUFG | sd_card_audio_m0/wav_read_m0/file_len[31]_i_1_n_0                                                       | sd_card_audio_m0/sd_card_top_m0/sd_card_sec_read_write_m0/AR[0]                                                                                     |                2 |              8 |
|  sys_clk_IBUF_BUFG | sd_card_audio_m0/wav_read_m0/header_7[7]_i_1_n_0                                                        |                                                                                                                                                     |                2 |              8 |
|  sys_clk_IBUF_BUFG | i2c_config_m0/i2c_master_top_m0/byte_controller/dcnt                                                    | sd_card_audio_m0/sd_card_top_m0/sd_card_sec_read_write_m0/AR[0]                                                                                     |                2 |              8 |
|  sys_clk_IBUF_BUFG | sd_card_audio_m0/wav_read_m0/header_1[7]_i_1_n_0                                                        | sd_card_audio_m0/sd_card_top_m0/sd_card_sec_read_write_m0/AR[0]                                                                                     |                2 |              8 |
|  sys_clk_IBUF_BUFG | sd_card_audio_m0/wav_read_m0/header_0[7]_i_1_n_0                                                        | sd_card_audio_m0/sd_card_top_m0/sd_card_sec_read_write_m0/AR[0]                                                                                     |                1 |              8 |
|  sys_clk_IBUF_BUFG | sd_card_audio_m0/sd_card_top_m0/spi_master_m0/MOSI_shift[7]_i_1_n_0                                     | sd_card_audio_m0/sd_card_top_m0/sd_card_sec_read_write_m0/AR[0]                                                                                     |                2 |              9 |
|  sys_clk_IBUF_BUFG |                                                                                                         | sd_card_audio_m0/audio_buf/U0/inst_fifo_gen/gconvfifo.rf/grf.rf/rstblk/ngwrdrst.grst.g7serrst.gnsckt_wrst.rst_wr_reg2_inst/arststages_ff[1]         |                2 |              9 |
|  sys_clk_IBUF_BUFG | sd_card_audio_m0/sd_card_top_m0/sd_card_sec_read_write_m0/E[0]                                          | sd_card_audio_m0/sd_card_top_m0/sd_card_sec_read_write_m0/AR[0]                                                                                     |                4 |             10 |
|  sys_clk_IBUF_BUFG | sd_card_audio_m0/sd_card_top_m0/sd_card_cmd_m0/wr_data_cnt[9]_i_1_n_0                                   | sd_card_audio_m0/sd_card_top_m0/sd_card_sec_read_write_m0/AR[0]                                                                                     |                3 |             10 |
|  sys_clk_IBUF_BUFG |                                                                                                         | sd_card_audio_m0/audio_buf/U0/inst_fifo_gen/gconvfifo.rf/grf.rf/rstblk/AR[0]                                                                        |                2 |             10 |
|  sys_clk_IBUF_BUFG | i2c_config_m0/i2c_master_top_m0/E[0]                                                                    | sd_card_audio_m0/sd_card_top_m0/sd_card_sec_read_write_m0/AR[0]                                                                                     |                3 |             10 |
|  sys_clk_IBUF_BUFG |                                                                                                         | i2c_config_m0/i2c_master_top_m0/byte_controller/bit_controller/filter_cnt[13]_i_1_n_0                                                               |                4 |             12 |
|  sys_clk_IBUF_BUFG | sd_card_audio_m0/audio_buf/U0/inst_fifo_gen/gconvfifo.rf/grf.rf/gntv_or_sync_fifo.gl0.rd/gras.rsts/E[0] | sd_card_audio_m0/audio_buf/U0/inst_fifo_gen/gconvfifo.rf/grf.rf/rstblk/ngwrdrst.grst.g7serrst.gnsckt_wrst.gic_rst.sckt_rd_rst_ic_reg_0[0]           |                6 |             16 |
|  sys_clk_IBUF_BUFG | sd_card_audio_m0/sd_card_top_m0/sd_card_cmd_m0/byte_cnt                                                 | sd_card_audio_m0/sd_card_top_m0/sd_card_sec_read_write_m0/AR[0]                                                                                     |                6 |             16 |
|  sys_clk_IBUF_BUFG | i2c_config_m0/i2c_master_top_m0/byte_controller/bit_controller/cnt[15]_i_2_n_0                          | i2c_config_m0/i2c_master_top_m0/byte_controller/bit_controller/cnt[15]_i_1_n_0                                                                      |                5 |             16 |
|  sys_clk_IBUF_BUFG | sd_card_audio_m0/wav_read_m0/sd_sec_read_addr[31]_i_1_n_0                                               | sd_card_audio_m0/sd_card_top_m0/sd_card_sec_read_write_m0/AR[0]                                                                                     |                7 |             29 |
|  sys_clk_IBUF_BUFG | sd_card_audio_m0/audio_buf/U0/inst_fifo_gen/gconvfifo.rf/grf.rf/gntv_or_sync_fifo.gl0.wr/gwas.wsts/E[0] | sd_card_audio_m0/audio_buf/U0/inst_fifo_gen/gconvfifo.rf/grf.rf/rstblk/AR[0]                                                                        |                7 |             30 |
|  sys_clk_IBUF_BUFG | sd_card_audio_m0/sd_card_top_m0/sd_card_sec_read_write_m0/sec_addr_0                                    | sd_card_audio_m0/sd_card_top_m0/sd_card_sec_read_write_m0/AR[0]                                                                                     |                9 |             32 |
|  sys_clk_IBUF_BUFG | sd_card_audio_m0/audio_tx_m0/left_data_shift[31]_i_1_n_0                                                | sd_card_audio_m0/sd_card_top_m0/sd_card_sec_read_write_m0/AR[0]                                                                                     |                5 |             32 |
|  sys_clk_IBUF_BUFG | sd_card_audio_m0/audio_tx_m0/right_data_shift[31]_i_1_n_0                                               | sd_card_audio_m0/sd_card_top_m0/sd_card_sec_read_write_m0/AR[0]                                                                                     |                4 |             32 |
|  sys_clk_IBUF_BUFG | sd_card_audio_m0/ax_debounce_m0/q_reg[31]_i_1_n_0                                                       | sd_card_audio_m0/sd_card_top_m0/sd_card_sec_read_write_m0/AR[0]                                                                                     |                6 |             32 |
|  sys_clk_IBUF_BUFG | sd_card_audio_m0/wav_read_m0/play_cnt[31]_i_1_n_0                                                       | sd_card_audio_m0/sd_card_top_m0/sd_card_sec_read_write_m0/AR[0]                                                                                     |                7 |             32 |
|  sys_clk_IBUF_BUFG | sd_card_audio_m0/sd_card_top_m0/sd_card_sec_read_write_m0/cmd_r1[0]_i_1_n_0                             | sd_card_audio_m0/sd_card_top_m0/sd_card_sec_read_write_m0/AR[0]                                                                                     |               12 |             43 |
|  sys_clk_IBUF_BUFG |                                                                                                         | sd_card_audio_m0/sd_card_top_m0/sd_card_sec_read_write_m0/AR[0]                                                                                     |               35 |             73 |
|  sys_clk_IBUF_BUFG |                                                                                                         |                                                                                                                                                     |               31 |            103 |
+--------------------+---------------------------------------------------------------------------------------------------------+-----------------------------------------------------------------------------------------------------------------------------------------------------+------------------+----------------+


