Copyright 1986-2019 Xilinx, Inc. All Rights Reserved.
------------------------------------------------------------------------------------
| Tool Version : Vivado v.2019.1 (win64) Build 2552052 Fri May 24 14:49:42 MDT 2019
| Date         : Tue Jul 30 16:19:23 2019
| Host         : PC-201805041311 running 64-bit major release  (build 9200)
| Command      : report_control_sets -verbose -file top_control_sets_placed.rpt
| Design       : top
| Device       : xc7a35t
------------------------------------------------------------------------------------

Control Set Information

Table of Contents
-----------------
1. Summary
2. Histogram
3. Flip-Flop Distribution
4. Detailed Control Set Information

1. Summary
----------

+----------------------------------------------------------+-------+
|                          Status                          | Count |
+----------------------------------------------------------+-------+
| Total control sets                                       |    50 |
|    Minimum number of control sets                        |    50 |
|    Addition due to synthesis replication                 |     0 |
|    Addition due to physical synthesis replication        |     0 |
| Unused register locations in slices containing registers |   167 |
+----------------------------------------------------------+-------+
* Control sets can be merged at opt_design using control_set_merge or merge_equivalent_drivers
** Run report_qor_suggestions for automated merging and remapping suggestions


2. Histogram
------------

+--------------------+-------+
|       Fanout       | Count |
+--------------------+-------+
| Total control sets |    50 |
| >= 0 to < 4        |     9 |
| >= 4 to < 6        |    14 |
| >= 6 to < 8        |     6 |
| >= 8 to < 10       |     4 |
| >= 10 to < 12      |     5 |
| >= 12 to < 14      |     1 |
| >= 14 to < 16      |     1 |
| >= 16              |    10 |
+--------------------+-------+
* Control sets can be remapped at either synth_design or opt_design


3. Flip-Flop Distribution
-------------------------

+--------------+-----------------------+------------------------+-----------------+--------------+
| Clock Enable | Synchronous Set/Reset | Asynchronous Set/Reset | Total Registers | Total Slices |
+--------------+-----------------------+------------------------+-----------------+--------------+
| No           | No                    | No                     |             349 |          119 |
| No           | No                    | Yes                    |              37 |           19 |
| No           | Yes                   | No                     |             114 |           51 |
| Yes          | No                    | No                     |              41 |           16 |
| Yes          | No                    | Yes                    |               0 |            0 |
| Yes          | Yes                   | No                     |             148 |           40 |
+--------------+-----------------------+------------------------+-----------------+--------------+


4. Detailed Control Set Information
-----------------------------------

+-----------------------------------------------------+---------------------------------------------------------------------------------------------------+-------------------------------------------------------------------------------+------------------+----------------+
|                     Clock Signal                    |                                           Enable Signal                                           |                                Set/Reset Signal                               | Slice Load Count | Bel Load Count |
+-----------------------------------------------------+---------------------------------------------------------------------------------------------------+-------------------------------------------------------------------------------+------------------+----------------+
|  dvi2rgb_m0/TMDS_ClockingX/PixelClk_int             |                                                                                                   | dvi2rgb_m0/DataDecoders[2].DecoderX/PhaseAlignX/pIDLY_LD_i_1_n_0              |                1 |              1 |
|  clk_refm0/inst/clk_out1                            |                                                                                                   | dvi2rgb_m0/TMDS_ClockingX/RdyLostReset/SyncAsyncx/oSyncStages[1]              |                1 |              1 |
|  dvi2rgb_m0/TMDS_ClockingX/PixelClk_int             |                                                                                                   | dvi2rgb_m0/DataDecoders[1].DecoderX/PhaseAlignX/pIDLY_LD_i_1_n_0              |                1 |              1 |
|  dvi2rgb_m0/TMDS_ClockingX/PixelClk_int             |                                                                                                   | dvi2rgb_m0/DataDecoders[0].DecoderX/PhaseAlignX/pIDLY_LD_i_1_n_0              |                1 |              1 |
|  dvi2rgb_m0/GenerateBUFG.ResyncToBUFG_X/PixelClkOut |                                                                                                   | rgb2dvi_m0/ClockGenInternal.ClockGenX/in0                                     |                1 |              2 |
|  clk_refm0/inst/clk_out1                            |                                                                                                   | dvi2rgb_m0/TMDS_ClockingX/RdyLostReset/aRst_int                               |                1 |              2 |
|  clk_refm0/inst/clk_out1                            |                                                                                                   | dvi2rgb_m0/TMDS_ClockingX/LockLostReset/SyncAsyncx/oSyncStages[1]             |                1 |              2 |
|  dvi2rgb_m0/TMDS_ClockingX/PixelClk_int             |                                                                                                   | dvi2rgb_m0/TMDS_ClockingX/aLocked_reg_0                                       |                1 |              2 |
|  clk_refm0/inst/clk_out1                            |                                                                                                   | dvi2rgb_m0/TMDS_ClockingX/LockLostReset/aRst_int                              |                1 |              3 |
|  dvi2rgb_m0/GenerateBUFG.ResyncToBUFG_X/PixelClkOut |                                                                                                   | rgb2dvi_m0/ClockGenInternal.ClockGenX/LockLostReset/SyncAsyncx/oSyncStages[1] |                1 |              4 |
|  clk_refm0/inst/clk_out1                            | dvi2rgb_m0/GenerateDDC.DDC_EEPROM/I2C_SlaveController/GlitchF_SCL/Filter.cntPeriods[3]_i_2__0_n_0 | dvi2rgb_m0/GenerateDDC.DDC_EEPROM/I2C_SlaveController/SyncSCL/SS[0]           |                1 |              4 |
|  clk_refm0/inst/clk_out1                            | dvi2rgb_m0/GenerateDDC.DDC_EEPROM/I2C_SlaveController/GlitchF_SDA/Filter.cntPeriods[3]_i_2_n_0    | dvi2rgb_m0/GenerateDDC.DDC_EEPROM/I2C_SlaveController/SyncSDA/SS[0]           |                1 |              4 |
|  clk_refm0/inst/clk_out1                            | dvi2rgb_m0/GenerateDDC.DDC_EEPROM/I2C_SlaveController/END_O_reg_0                                 |                                                                               |                1 |              4 |
|  dvi2rgb_m0/TMDS_ClockingX/PixelClk_int             | dvi2rgb_m0/DataDecoders[2].DecoderX/PhaseAlignX/pEyeOpenEn                                        | dvi2rgb_m0/DataDecoders[2].DecoderX/PhaseAlignX/pEyeOpenRst                   |                2 |              5 |
|  dvi2rgb_m0/TMDS_ClockingX/PixelClk_int             | dvi2rgb_m0/DataDecoders[1].DecoderX/ChannelBondX/pRdEn                                            | dvi2rgb_m0/DataDecoders[1].DecoderX/ChannelBondX/pMeRdy_int_i_1_n_0           |                1 |              5 |
|  clk_refm0/inst/clk_out1                            | dvi2rgb_m0/TMDS_ClockingX/rDlyRstCnt[4]_i_1_n_0                                                   | dvi2rgb_m0/TMDS_ClockingX/LockLostReset/SyncAsyncx/oSyncStages[1]             |                1 |              5 |
|  dvi2rgb_m0/TMDS_ClockingX/PixelClk_int             | dvi2rgb_m0/DataDecoders[1].DecoderX/PhaseAlignX/pCenterTap[5]_i_1_n_0                             |                                                                               |                2 |              5 |
|  dvi2rgb_m0/TMDS_ClockingX/PixelClk_int             | dvi2rgb_m0/DataDecoders[1].DecoderX/PhaseAlignX/pEyeOpenEn                                        | dvi2rgb_m0/DataDecoders[1].DecoderX/PhaseAlignX/pEyeOpenRst                   |                2 |              5 |
|  dvi2rgb_m0/TMDS_ClockingX/PixelClk_int             | dvi2rgb_m0/DataDecoders[0].DecoderX/ChannelBondX/pRdEn                                            | dvi2rgb_m0/DataDecoders[0].DecoderX/ChannelBondX/pMeRdy_int_i_1_n_0           |                1 |              5 |
|  dvi2rgb_m0/TMDS_ClockingX/PixelClk_int             | dvi2rgb_m0/DataDecoders[2].DecoderX/ChannelBondX/pRdEn                                            | dvi2rgb_m0/DataDecoders[2].DecoderX/ChannelBondX/pMeRdy_int_i_1_n_0           |                2 |              5 |
|  dvi2rgb_m0/TMDS_ClockingX/PixelClk_int             | dvi2rgb_m0/DataDecoders[0].DecoderX/PhaseAlignX/pEyeOpenEn                                        | dvi2rgb_m0/DataDecoders[0].DecoderX/PhaseAlignX/pEyeOpenRst                   |                1 |              5 |
|  dvi2rgb_m0/TMDS_ClockingX/PixelClk_int             | dvi2rgb_m0/DataDecoders[2].DecoderX/PhaseAlignX/pCenterTap[5]_i_1_n_0                             |                                                                               |                2 |              5 |
|  dvi2rgb_m0/TMDS_ClockingX/PixelClk_int             | dvi2rgb_m0/DataDecoders[0].DecoderX/PhaseAlignX/pCenterTap[5]_i_1_n_0                             |                                                                               |                2 |              5 |
|  dvi2rgb_m0/TMDS_ClockingX/PixelClk_int             |                                                                                                   | dvi2rgb_m0/DataDecoders[2].DecoderX/PhaseAlignX/pCtlTknRst                    |                2 |              7 |
|  dvi2rgb_m0/TMDS_ClockingX/PixelClk_int             |                                                                                                   | dvi2rgb_m0/DataDecoders[0].DecoderX/PhaseAlignX/pCtlTknRst                    |                3 |              7 |
|  dvi2rgb_m0/TMDS_ClockingX/PixelClk_int             |                                                                                                   | dvi2rgb_m0/DataDecoders[0].DecoderX/ChannelBondX/pMeRdy_int_i_1_n_0           |                2 |              7 |
|  dvi2rgb_m0/TMDS_ClockingX/PixelClk_int             |                                                                                                   | dvi2rgb_m0/DataDecoders[1].DecoderX/ChannelBondX/pMeRdy_int_i_1_n_0           |                3 |              7 |
|  dvi2rgb_m0/TMDS_ClockingX/PixelClk_int             |                                                                                                   | dvi2rgb_m0/DataDecoders[1].DecoderX/PhaseAlignX/pCtlTknRst                    |                2 |              7 |
|  dvi2rgb_m0/TMDS_ClockingX/PixelClk_int             |                                                                                                   | dvi2rgb_m0/DataDecoders[2].DecoderX/ChannelBondX/pMeRdy_int_i_1_n_0           |                3 |              7 |
|  dvi2rgb_m0/TMDS_ClockingX/PixelClk_int             |                                                                                                   | dvi2rgb_m0/DataDecoders[2].DecoderX//i__n_0                                   |                2 |              8 |
|  clk_refm0/inst/clk_out1                            | dvi2rgb_m0/GenerateDDC.DDC_EEPROM/I2C_SlaveController/dataByte[7]_i_1_n_0                         |                                                                               |                4 |              8 |
|  dvi2rgb_m0/TMDS_ClockingX/PixelClk_int             |                                                                                                   | dvi2rgb_m0/DataDecoders[1].DecoderX//i__n_0                                   |                4 |              9 |
|  clk_refm0/inst/clk_out1                            |                                                                                                   | dvi2rgb_m0/LockLostReset/SyncAsyncx/oSyncStages[1]                            |                4 |              9 |
|  dvi2rgb_m0/TMDS_ClockingX/PixelClk_int             |                                                                                                   | dvi2rgb_m0/DataDecoders[0].DecoderX//i__n_0                                   |                3 |             10 |
|  dvi2rgb_m0/GenerateBUFG.ResyncToBUFG_X/PixelClkOut |                                                                                                   | rgb2dvi_m0/DataEncoders[0].DataEncoder/pDataOutRaw[9]_i_1__1_n_0              |                5 |             10 |
|  dvi2rgb_m0/TMDS_ClockingX/PixelClk_int             | dvi2rgb_m0/DataDecoders[2].DecoderX/PhaseAlignX/pState[10]_i_1_n_0                                | dvi2rgb_m0/DataDecoders[2].DecoderX/pAlignRst_reg_n_0                         |                4 |             11 |
|  dvi2rgb_m0/TMDS_ClockingX/PixelClk_int             | dvi2rgb_m0/DataDecoders[0].DecoderX/PhaseAlignX/pState[10]_i_1_n_0                                | dvi2rgb_m0/DataDecoders[0].DecoderX/pAlignRst_reg_n_0                         |                3 |             11 |
|  dvi2rgb_m0/TMDS_ClockingX/PixelClk_int             | dvi2rgb_m0/DataDecoders[1].DecoderX/PhaseAlignX/pState[10]_i_1_n_0                                | dvi2rgb_m0/DataDecoders[1].DecoderX/pAlignRst_reg_n_0                         |                3 |             11 |
|  dvi2rgb_m0/TMDS_ClockingX/PixelClk_int             |                                                                                                   | dvi2rgb_m0/LockLostReset/SyncAsyncx/oSyncStages[1]                            |                8 |             12 |
|  clk_refm0/inst/clk_out1                            | dvi2rgb_m0/GenerateDDC.DDC_EEPROM/I2C_SlaveController/E[0]                                        |                                                                               |                5 |             14 |
|  dvi2rgb_m0/TMDS_ClockingX/PixelClk_int             | dvi2rgb_m0/DataDecoders[2].DecoderX/ChannelBondX/pAllVld                                          |                                                                               |                2 |             16 |
|  dvi2rgb_m0/TMDS_ClockingX/PixelClk_int             | dvi2rgb_m0/DataDecoders[0].DecoderX/ChannelBondX/pAllVld                                          |                                                                               |                2 |             16 |
|  dvi2rgb_m0/TMDS_ClockingX/PixelClk_int             | dvi2rgb_m0/DataDecoders[1].DecoderX/ChannelBondX/pAllVld                                          |                                                                               |                2 |             16 |
|  clk_refm0/inst/clk_out1                            | dvi2rgb_m0/DataDecoders[1].DecoderX/rTimeoutCnt[0]_i_1__0_n_0                                     | dvi2rgb_m0/DataDecoders[1].DecoderX/SyncBaseRst/SyncAsyncx/oSyncStages[1]     |                6 |             24 |
|  clk_refm0/inst/clk_out1                            | dvi2rgb_m0/DataDecoders[2].DecoderX/rTimeoutCnt[0]_i_1_n_0                                        | dvi2rgb_m0/DataDecoders[2].DecoderX/SyncBaseRst/SyncAsyncx/oSyncStages[1]     |                6 |             24 |
|  clk_refm0/inst/clk_out1                            | dvi2rgb_m0/DataDecoders[0].DecoderX/rTimeoutCnt[0]_i_1__1_n_0                                     | dvi2rgb_m0/DataDecoders[0].DecoderX/SyncBaseRst/SyncAsyncx/oSyncStages[1]     |                6 |             24 |
|  dvi2rgb_m0/GenerateBUFG.ResyncToBUFG_X/PixelClkOut |                                                                                                   | rgb2dvi_m0/DataEncoders[0].DataEncoder/SR[0]                                  |               19 |             32 |
|  clk_refm0/inst/clk_out1                            |                                                                                                   |                                                                               |               16 |             36 |
|  dvi2rgb_m0/TMDS_ClockingX/PixelClk_int             |                                                                                                   |                                                                               |               50 |            147 |
|  dvi2rgb_m0/GenerateBUFG.ResyncToBUFG_X/PixelClkOut |                                                                                                   |                                                                               |               53 |            169 |
+-----------------------------------------------------+---------------------------------------------------------------------------------------------------+-------------------------------------------------------------------------------+------------------+----------------+


