Copyright 1986-2019 Xilinx, Inc. All Rights Reserved.
-----------------------------------------------------------------------------------------------------------------------------------------------
| Tool Version : Vivado v.2019.1 (win64) Build 2552052 Fri May 24 14:49:42 MDT 2019
| Date         : Tue Aug  6 09:29:25 2019
| Host         : PC-201805041311 running 64-bit major release  (build 9200)
| Command      : report_methodology -file top_methodology_drc_routed.rpt -pb top_methodology_drc_routed.pb -rpx top_methodology_drc_routed.rpx
| Design       : top
| Device       : xc7a35tfgg484-2
| Speed File   : -2
| Design State : Fully Routed
-----------------------------------------------------------------------------------------------------------------------------------------------

Report Methodology

Table of Contents
-----------------
1. REPORT SUMMARY
2. REPORT DETAILS

1. REPORT SUMMARY
-----------------
            Netlist: netlist
          Floorplan: design_1
      Design limits: <entire design considered>
             Max violations: <unlimited>
             Violations found: 1
+---------+----------+------------------------------+------------+
| Rule    | Severity | Description                  | Violations |
+---------+----------+------------------------------+------------+
| LUTAR-1 | Warning  | LUT drives async reset alert | 1          |
+---------+----------+------------------------------+------------+

2. REPORT DETAILS
-----------------
LUTAR-1#1 Warning
LUT drives async reset alert  
LUT cell color_bar_m0/h_cnt[11]_i_4, with 2 or more inputs, drives asynchronous preset/clear pin(s) osd_display_m0/timing_gen_xy_m0/x_cnt_reg[0]/CLR, osd_display_m0/timing_gen_xy_m0/x_cnt_reg[10]/CLR, osd_display_m0/timing_gen_xy_m0/x_cnt_reg[11]/CLR, osd_display_m0/timing_gen_xy_m0/x_cnt_reg[1]/CLR, osd_display_m0/timing_gen_xy_m0/x_cnt_reg[2]/CLR, osd_display_m0/timing_gen_xy_m0/x_cnt_reg[3]/CLR, osd_display_m0/timing_gen_xy_m0/x_cnt_reg[4]/CLR, osd_display_m0/timing_gen_xy_m0/x_cnt_reg[5]/CLR, osd_display_m0/timing_gen_xy_m0/x_cnt_reg[6]/CLR, osd_display_m0/timing_gen_xy_m0/x_cnt_reg[7]/CLR, osd_display_m0/timing_gen_xy_m0/x_cnt_reg[8]/CLR, osd_display_m0/timing_gen_xy_m0/x_cnt_reg[9]/CLR, osd_display_m0/timing_gen_xy_m0/y_cnt_reg[0]/CLR, osd_display_m0/timing_gen_xy_m0/y_cnt_reg[10]/CLR, osd_display_m0/timing_gen_xy_m0/y_cnt_reg[11]/CLR (the first 15 of 70 listed). The LUT may glitch and trigger an unexpected reset, even if it is a properly timed path.
Related violations: <none>


